# Linker from Snapdragon LLVM ARM Compiler Version 12.0.3
# Linker based on LLVM version: 12.0
# Notable linker command/script options:
# CPU Architecture Version: 
# Target triple environment for the link: gnueabi
# Maximum GP size: 8
# Link type: Static
# ABI Page Size: 0x4
# CommandLine : /pkg/qct/software/llvm/release/arm/12.0.3/bin/../bin/ld.qcld -EL -X --eh-frame-hdr -m armelf_linux_eabi -dynamic-linker /lib/ld-linux.so.3 -o /local/mnt/workspace/CRMBuilds/AOP.HO.4.0-00571-WAIPIO_E-1_20231026_070056/b/HY11_1/aop_proc/core/bsp/aop/build/AOP_AAAAANAZO_devcfg.elf -static -Map /local/mnt/workspace/CRMBuilds/AOP.HO.4.0-00571-WAIPIO_E-1_20231026_070056/b/HY11_1/aop_proc/core/bsp/aop/build/AOP_AAAAANAZO_devcfg.map -T /local/mnt/workspace/CRMBuilds/AOP.HO.4.0-00571-WAIPIO_E-1_20231026_070056/b/HY11_1/aop_proc/core/bsp/aop/build/AOP_AAAAANAZO_devcfg.scl --gc-sections --symdef-file /local/mnt/workspace/CRMBuilds/AOP.HO.4.0-00571-WAIPIO_E-1_20231026_070056/b/HY11_1/aop_proc/core/bsp/aop/build/AOP_AAAAANAZO_devcfg.sym --start-group /local/mnt/workspace/CRMBuilds/AOP.HO.4.0-00571-WAIPIO_E-1_20231026_070056/b/HY11_1/aop_proc/core/settings/pmic/config/netrani/pm_config_target.o /local/mnt/workspace/CRMBuilds/AOP.HO.4.0-00571-WAIPIO_E-1_20231026_070056/b/HY11_1/aop_proc/core/settings/pmic/config/netrani/pm_config_dep.o /local/mnt/workspace/CRMBuilds/AOP.HO.4.0-00571-WAIPIO_E-1_20231026_070056/b/HY11_1/aop_proc/core/bsp/aop/src/devcfg_main.o /local/mnt/workspace/CRMBuilds/AOP.HO.4.0-00571-WAIPIO_E-1_20231026_070056/b/HY11_1/aop_proc/core/bsp/aop/build/aop_settings_autogen.o --end-group --wrap malloc --wrap free --wrap realloc --wrap calloc -L/pkg/qct/software/llvm/release/arm/12.0.3/bin/../armv7m-none-eabi/libc/lib -L/pkg/qct/software/llvm/release/arm/12.0.3/bin/../armv7m-none-eabi/lib --start-group -lunwind -lc++ -lc++abi --end-group -L/pkg/qct/software/llvm/release/arm/12.0.3/lib/clang/12.0.3/lib/baremetal --start-group -lc -lclang_rt.builtins-armv7m --end-group /pkg/qct/software/llvm/release/arm/12.0.3/bin/../armv7m-none-eabi/libc/lib/crt1.o -lm -lc 
# LinkStats Begin
# ObjectFiles : 9
# LinkerScripts : 2
# ArchiveFiles : 7
# GroupTraversals : 9
# SectionsGarbageCollected : 41
# NumLinkerScriptRules : 11
# NumOutputSections : 15
# NumOrphans : 11
# NoRuleMatches : 7
# LinkStats End
Archive member included because of file (symbol)
/pkg/qct/software/llvm/release/arm/12.0.3/bin/../armv7m-none-eabi/libc/lib/libc.a(__libc_start_main.o)
		/pkg/qct/software/llvm/release/arm/12.0.3/bin/../armv7m-none-eabi/libc/lib/crt1.o (__libc_start_main)
/pkg/qct/software/llvm/release/arm/12.0.3/bin/../armv7m-none-eabi/libc/lib/libc.a(exit.o)
		/pkg/qct/software/llvm/release/arm/12.0.3/bin/../armv7m-none-eabi/libc/lib/libc.a(__libc_start_main.o) (exit)
/pkg/qct/software/llvm/release/arm/12.0.3/bin/../armv7m-none-eabi/libc/lib/libc.a(memset_nofp_armv7.o)
		/pkg/qct/software/llvm/release/arm/12.0.3/bin/../armv7m-none-eabi/libc/lib/libc.a(__libc_start_main.o) (memset)
/pkg/qct/software/llvm/release/arm/12.0.3/bin/../armv7m-none-eabi/libc/lib/libc.a(_Exit.o)
		/pkg/qct/software/llvm/release/arm/12.0.3/bin/../armv7m-none-eabi/libc/lib/libc.a(exit.o) (_Exit)

Linker Script and memory map
START GROUP
LOAD /local/mnt/workspace/CRMBuilds/AOP.HO.4.0-00571-WAIPIO_E-1_20231026_070056/b/HY11_1/aop_proc/core/settings/pmic/config/netrani/pm_config_target.o[arm]
LOAD /local/mnt/workspace/CRMBuilds/AOP.HO.4.0-00571-WAIPIO_E-1_20231026_070056/b/HY11_1/aop_proc/core/settings/pmic/config/netrani/pm_config_dep.o[arm]
LOAD /local/mnt/workspace/CRMBuilds/AOP.HO.4.0-00571-WAIPIO_E-1_20231026_070056/b/HY11_1/aop_proc/core/bsp/aop/src/devcfg_main.o[arm]
LOAD /local/mnt/workspace/CRMBuilds/AOP.HO.4.0-00571-WAIPIO_E-1_20231026_070056/b/HY11_1/aop_proc/core/bsp/aop/build/aop_settings_autogen.o[arm]
END GROUP
START GROUP
END GROUP
START GROUP
END GROUP
LOAD /pkg/qct/software/llvm/release/arm/12.0.3/bin/../armv7m-none-eabi/libc/lib/crt1.o[arm]
LOAD /pkg/qct/software/llvm/release/arm/12.0.3/bin/../armv7m-none-eabi/libc/lib/libc.a(__libc_start_main.o)[arm]
LOAD /pkg/qct/software/llvm/release/arm/12.0.3/bin/../armv7m-none-eabi/libc/lib/libc.a(exit.o)[arm]
LOAD /pkg/qct/software/llvm/release/arm/12.0.3/bin/../armv7m-none-eabi/libc/lib/libc.a(memset_nofp_armv7.o)[arm]
LOAD /pkg/qct/software/llvm/release/arm/12.0.3/bin/../armv7m-none-eabi/libc/lib/libc.a(_Exit.o)[arm]

Linker scripts used (including INCLUDE command)
/local/mnt/workspace/CRMBuilds/AOP.HO.4.0-00571-WAIPIO_E-1_20231026_070056/b/HY11_1/aop_proc/core/bsp/aop/build/AOP_AAAAANAZO_devcfg.scl
Linker Plugin Information
Linker Plugin Run Information

# Output Section and Layout 

AOPSS_DEVCFG_DATA_TOP	0x80880000	0xc # Offset: 0x74, LMA: 0x80880000, Alignment: 0x4, Segments : [ AOPSS_DEVCFG_DATA ]
*(aop_devcfg_top_sec) #Rule 1, /local/mnt/workspace/CRMBuilds/AOP.HO.4.0-00571-WAIPIO_E-1_20231026_070056/b/HY11_1/aop_proc/core/bsp/aop/build/AOP_AAAAANAZO_devcfg.scl [1:0]
aop_devcfg_top_sec	0x80880000	0xc	/local/mnt/workspace/CRMBuilds/AOP.HO.4.0-00571-WAIPIO_E-1_20231026_070056/b/HY11_1/aop_proc/core/bsp/aop/build/aop_settings_autogen.o	#SHT_PROGBITS,SHF_ALLOC|SHF_WRITE,4
	0x80880000		aop_devcfg_top
*(AOPSS_DEVCFG_DATA_TOP) #Rule 2, Internal-LinkerScript (Implicit rule inserted by Linker) [0:0]

AOPSS_DEVCFG_DATA_REST	0x8088000c	0x18f0 # Offset: 0x80, LMA: 0x8088000c, Alignment: 0x4, Segments : [ AOPSS_DEVCFG_DATA ]
*(.data .data*) #Rule 3, /local/mnt/workspace/CRMBuilds/AOP.HO.4.0-00571-WAIPIO_E-1_20231026_070056/b/HY11_1/aop_proc/core/bsp/aop/build/AOP_AAAAANAZO_devcfg.scl [18:0]
.data.num_of_target_rsrc	0x8088000c	0x4	/local/mnt/workspace/CRMBuilds/AOP.HO.4.0-00571-WAIPIO_E-1_20231026_070056/b/HY11_1/aop_proc/core/settings/pmic/config/netrani/pm_config_target.o	#SHT_PROGBITS,SHF_ALLOC|SHF_WRITE,4
	0x8088000c		num_of_target_rsrc
.data.num_of_pstm_seq	0x80880010	0x38	/local/mnt/workspace/CRMBuilds/AOP.HO.4.0-00571-WAIPIO_E-1_20231026_070056/b/HY11_1/aop_proc/core/settings/pmic/config/netrani/pm_config_target.o	#SHT_PROGBITS,SHF_ALLOC|SHF_WRITE,4
	0x80880010		num_of_pstm_seq
.data.num_of_ldo	0x80880048	0x38	/local/mnt/workspace/CRMBuilds/AOP.HO.4.0-00571-WAIPIO_E-1_20231026_070056/b/HY11_1/aop_proc/core/settings/pmic/config/netrani/pm_config_target.o	#SHT_PROGBITS,SHF_ALLOC|SHF_WRITE,4
	0x80880048		num_of_ldo
.data.num_of_smps	0x80880080	0x38	/local/mnt/workspace/CRMBuilds/AOP.HO.4.0-00571-WAIPIO_E-1_20231026_070056/b/HY11_1/aop_proc/core/settings/pmic/config/netrani/pm_config_target.o	#SHT_PROGBITS,SHF_ALLOC|SHF_WRITE,4
	0x80880080		num_of_smps
.data.num_of_bob	0x808800b8	0x38	/local/mnt/workspace/CRMBuilds/AOP.HO.4.0-00571-WAIPIO_E-1_20231026_070056/b/HY11_1/aop_proc/core/settings/pmic/config/netrani/pm_config_target.o	#SHT_PROGBITS,SHF_ALLOC|SHF_WRITE,4
	0x808800b8		num_of_bob
.data.pmic_prop_arr	0x808800f0	0xa0	/local/mnt/workspace/CRMBuilds/AOP.HO.4.0-00571-WAIPIO_E-1_20231026_070056/b/HY11_1/aop_proc/core/bsp/aop/build/aop_settings_autogen.o	#SHT_PROGBITS,SHF_ALLOC|SHF_WRITE,4
	0x808800f0		pmic_prop_arr
.data.ddr_prop_arr	0x80880190	0x8	/local/mnt/workspace/CRMBuilds/AOP.HO.4.0-00571-WAIPIO_E-1_20231026_070056/b/HY11_1/aop_proc/core/bsp/aop/build/aop_settings_autogen.o	#SHT_PROGBITS,SHF_ALLOC|SHF_WRITE,4
	0x80880190		ddr_prop_arr
.data.pdc_prop_arr	0x80880198	0x8	/local/mnt/workspace/CRMBuilds/AOP.HO.4.0-00571-WAIPIO_E-1_20231026_070056/b/HY11_1/aop_proc/core/bsp/aop/build/aop_settings_autogen.o	#SHT_PROGBITS,SHF_ALLOC|SHF_WRITE,4
	0x80880198		pdc_prop_arr
.data.prochot_prop_arr	0x808801a0	0x8	/local/mnt/workspace/CRMBuilds/AOP.HO.4.0-00571-WAIPIO_E-1_20231026_070056/b/HY11_1/aop_proc/core/bsp/aop/build/aop_settings_autogen.o	#SHT_PROGBITS,SHF_ALLOC|SHF_WRITE,4
	0x808801a0		prochot_prop_arr
.data.devices	0x808801a8	0x30	/local/mnt/workspace/CRMBuilds/AOP.HO.4.0-00571-WAIPIO_E-1_20231026_070056/b/HY11_1/aop_proc/core/bsp/aop/build/aop_settings_autogen.o	#SHT_PROGBITS,SHF_ALLOC|SHF_WRITE,4
	0x808801a8		devices
*(.bss .bss*) #Rule 4, /local/mnt/workspace/CRMBuilds/AOP.HO.4.0-00571-WAIPIO_E-1_20231026_070056/b/HY11_1/aop_proc/core/bsp/aop/build/AOP_AAAAANAZO_devcfg.scl [6:0]
*(pm_ddr_reclaim_pool) #Rule 5, /local/mnt/workspace/CRMBuilds/AOP.HO.4.0-00571-WAIPIO_E-1_20231026_070056/b/HY11_1/aop_proc/core/bsp/aop/build/AOP_AAAAANAZO_devcfg.scl [2:0]
pm_ddr_reclaim_pool	0x808801d8	0xb08	/local/mnt/workspace/CRMBuilds/AOP.HO.4.0-00571-WAIPIO_E-1_20231026_070056/b/HY11_1/aop_proc/core/settings/pmic/config/netrani/pm_config_target.o	#SHT_PROGBITS,SHF_ALLOC|SHF_WRITE,4
	0x808801d8		ldo_rail_b
	0x808805c8		ldo_rail_e
	0x80880754		ldo_rail_g
	0x80880850		smps_rail_b
	0x80880994		smps_rail_e
	0x80880ab4		smps_rail_g
	0x80880b20		bob_rail_e
	0x80880b44		clk_info_a
	0x80880c44		target_rsrc_info
	0x80880cb0		pstm_a
pm_ddr_reclaim_pool	0x80880ce0	0x914	/local/mnt/workspace/CRMBuilds/AOP.HO.4.0-00571-WAIPIO_E-1_20231026_070056/b/HY11_1/aop_proc/core/settings/pmic/config/netrani/pm_config_dep.o	#SHT_PROGBITS,SHF_ALLOC|SHF_WRITE,4
	0x80880ce0		smps7_b_child_dep
	0x80880cfc		smps8_b_child_dep
	0x80880d0c		smps_dep_b
	0x80880dac		smps8_e_child_dep
	0x80880dd0		smps_dep_e
	0x80880e60		smps1_g_child_dep
	0x80880e6c		smps_dep_g
	0x80880eac		bob1_e_child_dep
	0x80880edc		bob_dep_e
	0x80880efc		smps_b
	0x80880f4c		smps_e
	0x80880f94		bob_e
	0x80880fa4		ldo_dep_b
	0x80881174		ldo_dep_e
	0x80881234		smps_g
	0x80881254		ldo_dep_g
	0x808812d4		clk_dep_a
	0x808813e4		ldo_b
	0x808814cc		ldo_e
	0x8088152c		ldo_g
	0x8088156c		clk_a
*(pm_dram_reclaim_pool) #Rule 6, /local/mnt/workspace/CRMBuilds/AOP.HO.4.0-00571-WAIPIO_E-1_20231026_070056/b/HY11_1/aop_proc/core/bsp/aop/build/AOP_AAAAANAZO_devcfg.scl [2:0]
pm_dram_reclaim_pool	0x808815f4	0x110	/local/mnt/workspace/CRMBuilds/AOP.HO.4.0-00571-WAIPIO_E-1_20231026_070056/b/HY11_1/aop_proc/core/settings/pmic/config/netrani/pm_config_target.o	#SHT_PROGBITS,SHF_ALLOC|SHF_WRITE,4
	0x808815f4		ldo_rail
	0x8088162c		smps_rail
	0x80881664		bob_rail
	0x8088169c		clk_info
	0x808816d4		pstm_info
	0x80881700		rpmh_drv_id
pm_dram_reclaim_pool	0x80881704	0x1f8	/local/mnt/workspace/CRMBuilds/AOP.HO.4.0-00571-WAIPIO_E-1_20231026_070056/b/HY11_1/aop_proc/core/settings/pmic/config/netrani/pm_config_dep.o	#SHT_PROGBITS,SHF_ALLOC|SHF_WRITE,4
	0x80881704		smps_dep
	0x8088173c		ldo_dep
	0x80881774		bob_dep
	0x808817ac		clk_dep
	0x808817e4		vs_dep
	0x8088181c		smps_rsrc
	0x80881854		ldo_rsrc
	0x8088188c		bob_rsrc
	0x808818c4		clk_rsrc
KEEP (*\devcfg_main.o(.data*)) #Rule 7, /local/mnt/workspace/CRMBuilds/AOP.HO.4.0-00571-WAIPIO_E-1_20231026_070056/b/HY11_1/aop_proc/core/bsp/aop/build/AOP_AAAAANAZO_devcfg.scl [0:0]
*(AOPSS_DEVCFG_DATA_REST) #Rule 8, Internal-LinkerScript (Implicit rule inserted by Linker) [0:0]
.(0x80882000) = ALIGN(.(0x808818fc), 0x1000); # . = ALIGN(., 0x1000); /local/mnt/workspace/CRMBuilds/AOP.HO.4.0-00571-WAIPIO_E-1_20231026_070056/b/HY11_1/aop_proc/core/bsp/aop/build/AOP_AAAAANAZO_devcfg.scl

AOPSS_DEVCFG_CODE_ALL	0x80882000	0x29e # Offset: 0x1970, LMA: 0x80882000, Alignment: 0x4, Segments : [ AOPSS_DEVCFG_CODE ]
*(InRoot$$Sections .text .text*) #Rule 9, /local/mnt/workspace/CRMBuilds/AOP.HO.4.0-00571-WAIPIO_E-1_20231026_070056/b/HY11_1/aop_proc/core/bsp/aop/build/AOP_AAAAANAZO_devcfg.scl [21:0]
.text.main	0x80882000	0x10	/local/mnt/workspace/CRMBuilds/AOP.HO.4.0-00571-WAIPIO_E-1_20231026_070056/b/HY11_1/aop_proc/core/bsp/aop/src/devcfg_main.o	#SHT_PROGBITS,SHF_ALLOC|SHF_EXECINSTR,4
	0x80882000		$t.0
	0x80882001		main
	0x8088200c		$d.1
.text.aop_settings_init	0x80882010	0x10	/local/mnt/workspace/CRMBuilds/AOP.HO.4.0-00571-WAIPIO_E-1_20231026_070056/b/HY11_1/aop_proc/core/bsp/aop/build/aop_settings_autogen.o	#SHT_PROGBITS,SHF_ALLOC|SHF_EXECINSTR,4
	0x80882010		$t.0
	0x80882011		aop_settings_init
	0x80882018		$d.1
*(.rodata .rodata*) #Rule 10, /local/mnt/workspace/CRMBuilds/AOP.HO.4.0-00571-WAIPIO_E-1_20231026_070056/b/HY11_1/aop_proc/core/bsp/aop/build/AOP_AAAAANAZO_devcfg.scl [2:0]
.rodata.str1.1	0x80882020	0x8	/local/mnt/workspace/CRMBuilds/AOP.HO.4.0-00571-WAIPIO_E-1_20231026_070056/b/HY11_1/aop_proc/core/settings/pmic/config/netrani/pm_config_target.o	#SHT_PROGBITS,SHF_ALLOC|SHF_MERGE|SHF_STRINGS,1
	0x80882020		.L.str
.rodata.str1.1	0x80882028	0x8	/local/mnt/workspace/CRMBuilds/AOP.HO.4.0-00571-WAIPIO_E-1_20231026_070056/b/HY11_1/aop_proc/core/settings/pmic/config/netrani/pm_config_target.o	#SHT_PROGBITS,SHF_ALLOC|SHF_MERGE|SHF_STRINGS,1
	0x80882028		.L.str.1
.rodata.str1.1	0x80882030	0x8	/local/mnt/workspace/CRMBuilds/AOP.HO.4.0-00571-WAIPIO_E-1_20231026_070056/b/HY11_1/aop_proc/core/settings/pmic/config/netrani/pm_config_target.o	#SHT_PROGBITS,SHF_ALLOC|SHF_MERGE|SHF_STRINGS,1
	0x80882030		.L.str.2
.rodata.str1.1	0x80882038	0x9	/local/mnt/workspace/CRMBuilds/AOP.HO.4.0-00571-WAIPIO_E-1_20231026_070056/b/HY11_1/aop_proc/core/settings/pmic/config/netrani/pm_config_target.o	#SHT_PROGBITS,SHF_ALLOC|SHF_MERGE|SHF_STRINGS,1
	0x80882038		.L.str.3
.rodata.str1.1	0x80882041	0x8	/local/mnt/workspace/CRMBuilds/AOP.HO.4.0-00571-WAIPIO_E-1_20231026_070056/b/HY11_1/aop_proc/core/settings/pmic/config/netrani/pm_config_target.o	#SHT_PROGBITS,SHF_ALLOC|SHF_MERGE|SHF_STRINGS,1
	0x80882041		.L.str.4
.rodata.str1.1	0x80882049	0x9	/local/mnt/workspace/CRMBuilds/AOP.HO.4.0-00571-WAIPIO_E-1_20231026_070056/b/HY11_1/aop_proc/core/settings/pmic/config/netrani/pm_config_target.o	#SHT_PROGBITS,SHF_ALLOC|SHF_MERGE|SHF_STRINGS,1
	0x80882049		.L.str.5
.rodata.str1.1	0x80882052	0x6	/local/mnt/workspace/CRMBuilds/AOP.HO.4.0-00571-WAIPIO_E-1_20231026_070056/b/HY11_1/aop_proc/core/settings/pmic/config/netrani/pm_config_dep.o	#SHT_PROGBITS,SHF_ALLOC|SHF_MERGE|SHF_STRINGS,1
	0x80882052		.L.str
.rodata.str1.1	0x80882058	0x7	/local/mnt/workspace/CRMBuilds/AOP.HO.4.0-00571-WAIPIO_E-1_20231026_070056/b/HY11_1/aop_proc/core/settings/pmic/config/netrani/pm_config_dep.o	#SHT_PROGBITS,SHF_ALLOC|SHF_MERGE|SHF_STRINGS,1
	0x80882058		.L.str.1
.rodata.str1.1	0x8088205f	0x6	/local/mnt/workspace/CRMBuilds/AOP.HO.4.0-00571-WAIPIO_E-1_20231026_070056/b/HY11_1/aop_proc/core/settings/pmic/config/netrani/pm_config_dep.o	#SHT_PROGBITS,SHF_ALLOC|SHF_MERGE|SHF_STRINGS,1
	0x8088205f		.L.str.2
.rodata.str1.1	0x80882065	0x6	/local/mnt/workspace/CRMBuilds/AOP.HO.4.0-00571-WAIPIO_E-1_20231026_070056/b/HY11_1/aop_proc/core/settings/pmic/config/netrani/pm_config_dep.o	#SHT_PROGBITS,SHF_ALLOC|SHF_MERGE|SHF_STRINGS,1
	0x80882065		.L.str.3
.rodata.str1.1	0x8088206b	0x8	/local/mnt/workspace/CRMBuilds/AOP.HO.4.0-00571-WAIPIO_E-1_20231026_070056/b/HY11_1/aop_proc/core/settings/pmic/config/netrani/pm_config_dep.o	#SHT_PROGBITS,SHF_ALLOC|SHF_MERGE|SHF_STRINGS,1
	0x8088206b		.L.str.4
.rodata.str1.1	0x80882073	0x6	/local/mnt/workspace/CRMBuilds/AOP.HO.4.0-00571-WAIPIO_E-1_20231026_070056/b/HY11_1/aop_proc/core/settings/pmic/config/netrani/pm_config_dep.o	#SHT_PROGBITS,SHF_ALLOC|SHF_MERGE|SHF_STRINGS,1
	0x80882073		.L.str.5
.rodata.str1.1	0x80882079	0x6	/local/mnt/workspace/CRMBuilds/AOP.HO.4.0-00571-WAIPIO_E-1_20231026_070056/b/HY11_1/aop_proc/core/settings/pmic/config/netrani/pm_config_dep.o	#SHT_PROGBITS,SHF_ALLOC|SHF_MERGE|SHF_STRINGS,1
	0x80882079		.L.str.6
.rodata.str1.1	0x8088207f	0x8	/local/mnt/workspace/CRMBuilds/AOP.HO.4.0-00571-WAIPIO_E-1_20231026_070056/b/HY11_1/aop_proc/core/settings/pmic/config/netrani/pm_config_dep.o	#SHT_PROGBITS,SHF_ALLOC|SHF_MERGE|SHF_STRINGS,1
	0x8088207f		.L.str.7
.rodata.str1.1	0x80882087	0x6	/local/mnt/workspace/CRMBuilds/AOP.HO.4.0-00571-WAIPIO_E-1_20231026_070056/b/HY11_1/aop_proc/core/settings/pmic/config/netrani/pm_config_dep.o	#SHT_PROGBITS,SHF_ALLOC|SHF_MERGE|SHF_STRINGS,1
	0x80882087		.L.str.8
.rodata.str1.1	0x8088208d	0x6	/local/mnt/workspace/CRMBuilds/AOP.HO.4.0-00571-WAIPIO_E-1_20231026_070056/b/HY11_1/aop_proc/core/settings/pmic/config/netrani/pm_config_dep.o	#SHT_PROGBITS,SHF_ALLOC|SHF_MERGE|SHF_STRINGS,1
	0x8088208d		.L.str.9
.rodata.str1.1	0x80882093	0x6	/local/mnt/workspace/CRMBuilds/AOP.HO.4.0-00571-WAIPIO_E-1_20231026_070056/b/HY11_1/aop_proc/core/settings/pmic/config/netrani/pm_config_dep.o	#SHT_PROGBITS,SHF_ALLOC|SHF_MERGE|SHF_STRINGS,1
	0x80882093		.L.str.10
.rodata.str1.1	0x80882099	0x6	/local/mnt/workspace/CRMBuilds/AOP.HO.4.0-00571-WAIPIO_E-1_20231026_070056/b/HY11_1/aop_proc/core/settings/pmic/config/netrani/pm_config_dep.o	#SHT_PROGBITS,SHF_ALLOC|SHF_MERGE|SHF_STRINGS,1
	0x80882099		.L.str.11
.rodata.str1.1	0x8088209f	0x6	/local/mnt/workspace/CRMBuilds/AOP.HO.4.0-00571-WAIPIO_E-1_20231026_070056/b/HY11_1/aop_proc/core/settings/pmic/config/netrani/pm_config_dep.o	#SHT_PROGBITS,SHF_ALLOC|SHF_MERGE|SHF_STRINGS,1
	0x8088209f		.L.str.12
.rodata.str1.1	0x808820a5	0x8	/local/mnt/workspace/CRMBuilds/AOP.HO.4.0-00571-WAIPIO_E-1_20231026_070056/b/HY11_1/aop_proc/core/settings/pmic/config/netrani/pm_config_dep.o	#SHT_PROGBITS,SHF_ALLOC|SHF_MERGE|SHF_STRINGS,1
	0x808820a5		.L.str.13
.rodata.str1.1	0x808820ad	0x6	/local/mnt/workspace/CRMBuilds/AOP.HO.4.0-00571-WAIPIO_E-1_20231026_070056/b/HY11_1/aop_proc/core/settings/pmic/config/netrani/pm_config_dep.o	#SHT_PROGBITS,SHF_ALLOC|SHF_MERGE|SHF_STRINGS,1
	0x808820ad		.L.str.14
.rodata.str1.1	0x808820b3	0x6	/local/mnt/workspace/CRMBuilds/AOP.HO.4.0-00571-WAIPIO_E-1_20231026_070056/b/HY11_1/aop_proc/core/settings/pmic/config/netrani/pm_config_dep.o	#SHT_PROGBITS,SHF_ALLOC|SHF_MERGE|SHF_STRINGS,1
	0x808820b3		.L.str.15
.rodata.str1.1	0x808820b9	0x7	/local/mnt/workspace/CRMBuilds/AOP.HO.4.0-00571-WAIPIO_E-1_20231026_070056/b/HY11_1/aop_proc/core/settings/pmic/config/netrani/pm_config_dep.o	#SHT_PROGBITS,SHF_ALLOC|SHF_MERGE|SHF_STRINGS,1
	0x808820b9		.L.str.16
.rodata.str1.1	0x808820c0	0x6	/local/mnt/workspace/CRMBuilds/AOP.HO.4.0-00571-WAIPIO_E-1_20231026_070056/b/HY11_1/aop_proc/core/settings/pmic/config/netrani/pm_config_dep.o	#SHT_PROGBITS,SHF_ALLOC|SHF_MERGE|SHF_STRINGS,1
	0x808820c0		.L.str.17
.rodata.str1.1	0x808820c6	0x6	/local/mnt/workspace/CRMBuilds/AOP.HO.4.0-00571-WAIPIO_E-1_20231026_070056/b/HY11_1/aop_proc/core/settings/pmic/config/netrani/pm_config_dep.o	#SHT_PROGBITS,SHF_ALLOC|SHF_MERGE|SHF_STRINGS,1
	0x808820c6		.L.str.18
.rodata.str1.1	0x808820cc	0x6	/local/mnt/workspace/CRMBuilds/AOP.HO.4.0-00571-WAIPIO_E-1_20231026_070056/b/HY11_1/aop_proc/core/settings/pmic/config/netrani/pm_config_dep.o	#SHT_PROGBITS,SHF_ALLOC|SHF_MERGE|SHF_STRINGS,1
	0x808820cc		.L.str.19
.rodata.str1.1	0x808820d2	0x6	/local/mnt/workspace/CRMBuilds/AOP.HO.4.0-00571-WAIPIO_E-1_20231026_070056/b/HY11_1/aop_proc/core/settings/pmic/config/netrani/pm_config_dep.o	#SHT_PROGBITS,SHF_ALLOC|SHF_MERGE|SHF_STRINGS,1
	0x808820d2		.L.str.20
.rodata.str1.1	0x808820d8	0x6	/local/mnt/workspace/CRMBuilds/AOP.HO.4.0-00571-WAIPIO_E-1_20231026_070056/b/HY11_1/aop_proc/core/settings/pmic/config/netrani/pm_config_dep.o	#SHT_PROGBITS,SHF_ALLOC|SHF_MERGE|SHF_STRINGS,1
	0x808820d8		.L.str.21
.rodata.str1.1	0x808820de	0x6	/local/mnt/workspace/CRMBuilds/AOP.HO.4.0-00571-WAIPIO_E-1_20231026_070056/b/HY11_1/aop_proc/core/settings/pmic/config/netrani/pm_config_dep.o	#SHT_PROGBITS,SHF_ALLOC|SHF_MERGE|SHF_STRINGS,1
	0x808820de		.L.str.22
.rodata.str1.1	0x808820e4	0x6	/local/mnt/workspace/CRMBuilds/AOP.HO.4.0-00571-WAIPIO_E-1_20231026_070056/b/HY11_1/aop_proc/core/settings/pmic/config/netrani/pm_config_dep.o	#SHT_PROGBITS,SHF_ALLOC|SHF_MERGE|SHF_STRINGS,1
	0x808820e4		.L.str.23
.rodata.str1.1	0x808820ea	0x6	/local/mnt/workspace/CRMBuilds/AOP.HO.4.0-00571-WAIPIO_E-1_20231026_070056/b/HY11_1/aop_proc/core/settings/pmic/config/netrani/pm_config_dep.o	#SHT_PROGBITS,SHF_ALLOC|SHF_MERGE|SHF_STRINGS,1
	0x808820ea		.L.str.24
.rodata.str1.1	0x808820f0	0x6	/local/mnt/workspace/CRMBuilds/AOP.HO.4.0-00571-WAIPIO_E-1_20231026_070056/b/HY11_1/aop_proc/core/settings/pmic/config/netrani/pm_config_dep.o	#SHT_PROGBITS,SHF_ALLOC|SHF_MERGE|SHF_STRINGS,1
	0x808820f0		.L.str.25
.rodata.str1.1	0x808820f6	0x6	/local/mnt/workspace/CRMBuilds/AOP.HO.4.0-00571-WAIPIO_E-1_20231026_070056/b/HY11_1/aop_proc/core/settings/pmic/config/netrani/pm_config_dep.o	#SHT_PROGBITS,SHF_ALLOC|SHF_MERGE|SHF_STRINGS,1
	0x808820f6		.L.str.26
.rodata.str1.1	0x808820fc	0x6	/local/mnt/workspace/CRMBuilds/AOP.HO.4.0-00571-WAIPIO_E-1_20231026_070056/b/HY11_1/aop_proc/core/settings/pmic/config/netrani/pm_config_dep.o	#SHT_PROGBITS,SHF_ALLOC|SHF_MERGE|SHF_STRINGS,1
	0x808820fc		.L.str.27
.rodata.str1.1	0x80882102	0x8	/local/mnt/workspace/CRMBuilds/AOP.HO.4.0-00571-WAIPIO_E-1_20231026_070056/b/HY11_1/aop_proc/core/settings/pmic/config/netrani/pm_config_dep.o	#SHT_PROGBITS,SHF_ALLOC|SHF_MERGE|SHF_STRINGS,1
	0x80882102		.L.str.28
.rodata.str1.1	0x8088210a	0x6	/local/mnt/workspace/CRMBuilds/AOP.HO.4.0-00571-WAIPIO_E-1_20231026_070056/b/HY11_1/aop_proc/core/settings/pmic/config/netrani/pm_config_dep.o	#SHT_PROGBITS,SHF_ALLOC|SHF_MERGE|SHF_STRINGS,1
	0x8088210a		.L.str.29
.rodata.str1.1	0x80882110	0x6	/local/mnt/workspace/CRMBuilds/AOP.HO.4.0-00571-WAIPIO_E-1_20231026_070056/b/HY11_1/aop_proc/core/settings/pmic/config/netrani/pm_config_dep.o	#SHT_PROGBITS,SHF_ALLOC|SHF_MERGE|SHF_STRINGS,1
	0x80882110		.L.str.30
.rodata.str1.1	0x80882116	0x6	/local/mnt/workspace/CRMBuilds/AOP.HO.4.0-00571-WAIPIO_E-1_20231026_070056/b/HY11_1/aop_proc/core/settings/pmic/config/netrani/pm_config_dep.o	#SHT_PROGBITS,SHF_ALLOC|SHF_MERGE|SHF_STRINGS,1
	0x80882116		.L.str.31
.rodata.str1.1	0x8088211c	0x6	/local/mnt/workspace/CRMBuilds/AOP.HO.4.0-00571-WAIPIO_E-1_20231026_070056/b/HY11_1/aop_proc/core/settings/pmic/config/netrani/pm_config_dep.o	#SHT_PROGBITS,SHF_ALLOC|SHF_MERGE|SHF_STRINGS,1
	0x8088211c		.L.str.32
.rodata.str1.1	0x80882122	0x6	/local/mnt/workspace/CRMBuilds/AOP.HO.4.0-00571-WAIPIO_E-1_20231026_070056/b/HY11_1/aop_proc/core/settings/pmic/config/netrani/pm_config_dep.o	#SHT_PROGBITS,SHF_ALLOC|SHF_MERGE|SHF_STRINGS,1
	0x80882122		.L.str.33
.rodata.str1.1	0x80882128	0x6	/local/mnt/workspace/CRMBuilds/AOP.HO.4.0-00571-WAIPIO_E-1_20231026_070056/b/HY11_1/aop_proc/core/settings/pmic/config/netrani/pm_config_dep.o	#SHT_PROGBITS,SHF_ALLOC|SHF_MERGE|SHF_STRINGS,1
	0x80882128		.L.str.34
.rodata.str1.1	0x8088212e	0x6	/local/mnt/workspace/CRMBuilds/AOP.HO.4.0-00571-WAIPIO_E-1_20231026_070056/b/HY11_1/aop_proc/core/settings/pmic/config/netrani/pm_config_dep.o	#SHT_PROGBITS,SHF_ALLOC|SHF_MERGE|SHF_STRINGS,1
	0x8088212e		.L.str.35
.rodata.str1.1	0x80882134	0x8	/local/mnt/workspace/CRMBuilds/AOP.HO.4.0-00571-WAIPIO_E-1_20231026_070056/b/HY11_1/aop_proc/core/settings/pmic/config/netrani/pm_config_dep.o	#SHT_PROGBITS,SHF_ALLOC|SHF_MERGE|SHF_STRINGS,1
	0x80882134		.L.str.36
.rodata.str1.1	0x8088213c	0x7	/local/mnt/workspace/CRMBuilds/AOP.HO.4.0-00571-WAIPIO_E-1_20231026_070056/b/HY11_1/aop_proc/core/settings/pmic/config/netrani/pm_config_dep.o	#SHT_PROGBITS,SHF_ALLOC|SHF_MERGE|SHF_STRINGS,1
	0x8088213c		.L.str.37
.rodata.str1.1	0x80882143	0x7	/local/mnt/workspace/CRMBuilds/AOP.HO.4.0-00571-WAIPIO_E-1_20231026_070056/b/HY11_1/aop_proc/core/settings/pmic/config/netrani/pm_config_dep.o	#SHT_PROGBITS,SHF_ALLOC|SHF_MERGE|SHF_STRINGS,1
	0x80882143		.L.str.38
.rodata.str1.1	0x8088214a	0x7	/local/mnt/workspace/CRMBuilds/AOP.HO.4.0-00571-WAIPIO_E-1_20231026_070056/b/HY11_1/aop_proc/core/settings/pmic/config/netrani/pm_config_dep.o	#SHT_PROGBITS,SHF_ALLOC|SHF_MERGE|SHF_STRINGS,1
	0x8088214a		.L.str.39
.rodata.str1.1	0x80882151	0x7	/local/mnt/workspace/CRMBuilds/AOP.HO.4.0-00571-WAIPIO_E-1_20231026_070056/b/HY11_1/aop_proc/core/settings/pmic/config/netrani/pm_config_dep.o	#SHT_PROGBITS,SHF_ALLOC|SHF_MERGE|SHF_STRINGS,1
	0x80882151		.L.str.40
.rodata.str1.1	0x80882158	0x7	/local/mnt/workspace/CRMBuilds/AOP.HO.4.0-00571-WAIPIO_E-1_20231026_070056/b/HY11_1/aop_proc/core/settings/pmic/config/netrani/pm_config_dep.o	#SHT_PROGBITS,SHF_ALLOC|SHF_MERGE|SHF_STRINGS,1
	0x80882158		.L.str.41
.rodata.str1.1	0x8088215f	0x7	/local/mnt/workspace/CRMBuilds/AOP.HO.4.0-00571-WAIPIO_E-1_20231026_070056/b/HY11_1/aop_proc/core/settings/pmic/config/netrani/pm_config_dep.o	#SHT_PROGBITS,SHF_ALLOC|SHF_MERGE|SHF_STRINGS,1
	0x8088215f		.L.str.42
.rodata.str1.1	0x80882166	0x7	/local/mnt/workspace/CRMBuilds/AOP.HO.4.0-00571-WAIPIO_E-1_20231026_070056/b/HY11_1/aop_proc/core/settings/pmic/config/netrani/pm_config_dep.o	#SHT_PROGBITS,SHF_ALLOC|SHF_MERGE|SHF_STRINGS,1
	0x80882166		.L.str.43
.rodata.str1.1	0x8088216d	0x7	/local/mnt/workspace/CRMBuilds/AOP.HO.4.0-00571-WAIPIO_E-1_20231026_070056/b/HY11_1/aop_proc/core/settings/pmic/config/netrani/pm_config_dep.o	#SHT_PROGBITS,SHF_ALLOC|SHF_MERGE|SHF_STRINGS,1
	0x8088216d		.L.str.44
.rodata.str1.1	0x80882174	0x7	/local/mnt/workspace/CRMBuilds/AOP.HO.4.0-00571-WAIPIO_E-1_20231026_070056/b/HY11_1/aop_proc/core/settings/pmic/config/netrani/pm_config_dep.o	#SHT_PROGBITS,SHF_ALLOC|SHF_MERGE|SHF_STRINGS,1
	0x80882174		.L.str.45
.rodata.str1.1	0x8088217b	0x7	/local/mnt/workspace/CRMBuilds/AOP.HO.4.0-00571-WAIPIO_E-1_20231026_070056/b/HY11_1/aop_proc/core/settings/pmic/config/netrani/pm_config_dep.o	#SHT_PROGBITS,SHF_ALLOC|SHF_MERGE|SHF_STRINGS,1
	0x8088217b		.L.str.46
.rodata.str1.1	0x80882182	0x7	/local/mnt/workspace/CRMBuilds/AOP.HO.4.0-00571-WAIPIO_E-1_20231026_070056/b/HY11_1/aop_proc/core/settings/pmic/config/netrani/pm_config_dep.o	#SHT_PROGBITS,SHF_ALLOC|SHF_MERGE|SHF_STRINGS,1
	0x80882182		.L.str.47
.rodata.str1.1	0x80882189	0x7	/local/mnt/workspace/CRMBuilds/AOP.HO.4.0-00571-WAIPIO_E-1_20231026_070056/b/HY11_1/aop_proc/core/settings/pmic/config/netrani/pm_config_dep.o	#SHT_PROGBITS,SHF_ALLOC|SHF_MERGE|SHF_STRINGS,1
	0x80882189		.L.str.48
.rodata.str1.1	0x80882190	0x7	/local/mnt/workspace/CRMBuilds/AOP.HO.4.0-00571-WAIPIO_E-1_20231026_070056/b/HY11_1/aop_proc/core/settings/pmic/config/netrani/pm_config_dep.o	#SHT_PROGBITS,SHF_ALLOC|SHF_MERGE|SHF_STRINGS,1
	0x80882190		.L.str.49
.rodata.str1.1	0x80882197	0x7	/local/mnt/workspace/CRMBuilds/AOP.HO.4.0-00571-WAIPIO_E-1_20231026_070056/b/HY11_1/aop_proc/core/settings/pmic/config/netrani/pm_config_dep.o	#SHT_PROGBITS,SHF_ALLOC|SHF_MERGE|SHF_STRINGS,1
	0x80882197		.L.str.50
.rodata.str1.1	0x8088219e	0x7	/local/mnt/workspace/CRMBuilds/AOP.HO.4.0-00571-WAIPIO_E-1_20231026_070056/b/HY11_1/aop_proc/core/settings/pmic/config/netrani/pm_config_dep.o	#SHT_PROGBITS,SHF_ALLOC|SHF_MERGE|SHF_STRINGS,1
	0x8088219e		.L.str.51
.rodata.str1.1	0x808821a5	0x7	/local/mnt/workspace/CRMBuilds/AOP.HO.4.0-00571-WAIPIO_E-1_20231026_070056/b/HY11_1/aop_proc/core/settings/pmic/config/netrani/pm_config_dep.o	#SHT_PROGBITS,SHF_ALLOC|SHF_MERGE|SHF_STRINGS,1
	0x808821a5		.L.str.52
.rodata.str1.1	0x808821ac	0x7	/local/mnt/workspace/CRMBuilds/AOP.HO.4.0-00571-WAIPIO_E-1_20231026_070056/b/HY11_1/aop_proc/core/settings/pmic/config/netrani/pm_config_dep.o	#SHT_PROGBITS,SHF_ALLOC|SHF_MERGE|SHF_STRINGS,1
	0x808821ac		.L.str.53
.rodata.str1.1	0x808821b3	0x7	/local/mnt/workspace/CRMBuilds/AOP.HO.4.0-00571-WAIPIO_E-1_20231026_070056/b/HY11_1/aop_proc/core/settings/pmic/config/netrani/pm_config_dep.o	#SHT_PROGBITS,SHF_ALLOC|SHF_MERGE|SHF_STRINGS,1
	0x808821b3		.L.str.54
.rodata.str1.1	0x808821ba	0x7	/local/mnt/workspace/CRMBuilds/AOP.HO.4.0-00571-WAIPIO_E-1_20231026_070056/b/HY11_1/aop_proc/core/settings/pmic/config/netrani/pm_config_dep.o	#SHT_PROGBITS,SHF_ALLOC|SHF_MERGE|SHF_STRINGS,1
	0x808821ba		.L.str.55
.rodata.str1.1	0x808821c1	0x7	/local/mnt/workspace/CRMBuilds/AOP.HO.4.0-00571-WAIPIO_E-1_20231026_070056/b/HY11_1/aop_proc/core/settings/pmic/config/netrani/pm_config_dep.o	#SHT_PROGBITS,SHF_ALLOC|SHF_MERGE|SHF_STRINGS,1
	0x808821c1		.L.str.56
.rodata.str1.1	0x808821c8	0x6	/local/mnt/workspace/CRMBuilds/AOP.HO.4.0-00571-WAIPIO_E-1_20231026_070056/b/HY11_1/aop_proc/core/settings/pmic/config/netrani/pm_config_dep.o	#SHT_PROGBITS,SHF_ALLOC|SHF_MERGE|SHF_STRINGS,1
	0x808821c8		.L.str.57
.rodata.str1.1	0x808821ce	0x6	/local/mnt/workspace/CRMBuilds/AOP.HO.4.0-00571-WAIPIO_E-1_20231026_070056/b/HY11_1/aop_proc/core/settings/pmic/config/netrani/pm_config_dep.o	#SHT_PROGBITS,SHF_ALLOC|SHF_MERGE|SHF_STRINGS,1
	0x808821ce		.L.str.58
.rodata.str1.1	0x808821d4	0x6	/local/mnt/workspace/CRMBuilds/AOP.HO.4.0-00571-WAIPIO_E-1_20231026_070056/b/HY11_1/aop_proc/core/settings/pmic/config/netrani/pm_config_dep.o	#SHT_PROGBITS,SHF_ALLOC|SHF_MERGE|SHF_STRINGS,1
	0x808821d4		.L.str.59
.rodata.str1.1	0x808821da	0x6	/local/mnt/workspace/CRMBuilds/AOP.HO.4.0-00571-WAIPIO_E-1_20231026_070056/b/HY11_1/aop_proc/core/settings/pmic/config/netrani/pm_config_dep.o	#SHT_PROGBITS,SHF_ALLOC|SHF_MERGE|SHF_STRINGS,1
	0x808821da		.L.str.60
.rodata.str1.1	0x808821e0	0x6	/local/mnt/workspace/CRMBuilds/AOP.HO.4.0-00571-WAIPIO_E-1_20231026_070056/b/HY11_1/aop_proc/core/settings/pmic/config/netrani/pm_config_dep.o	#SHT_PROGBITS,SHF_ALLOC|SHF_MERGE|SHF_STRINGS,1
	0x808821e0		.L.str.61
.rodata.str1.1	0x808821e6	0x6	/local/mnt/workspace/CRMBuilds/AOP.HO.4.0-00571-WAIPIO_E-1_20231026_070056/b/HY11_1/aop_proc/core/settings/pmic/config/netrani/pm_config_dep.o	#SHT_PROGBITS,SHF_ALLOC|SHF_MERGE|SHF_STRINGS,1
	0x808821e6		.L.str.62
.rodata.str1.1	0x808821ec	0x6	/local/mnt/workspace/CRMBuilds/AOP.HO.4.0-00571-WAIPIO_E-1_20231026_070056/b/HY11_1/aop_proc/core/settings/pmic/config/netrani/pm_config_dep.o	#SHT_PROGBITS,SHF_ALLOC|SHF_MERGE|SHF_STRINGS,1
	0x808821ec		.L.str.63
.rodata.str1.1	0x808821f2	0x6	/local/mnt/workspace/CRMBuilds/AOP.HO.4.0-00571-WAIPIO_E-1_20231026_070056/b/HY11_1/aop_proc/core/settings/pmic/config/netrani/pm_config_dep.o	#SHT_PROGBITS,SHF_ALLOC|SHF_MERGE|SHF_STRINGS,1
	0x808821f2		.L.str.64
.rodata.str1.1	0x808821f8	0x6	/local/mnt/workspace/CRMBuilds/AOP.HO.4.0-00571-WAIPIO_E-1_20231026_070056/b/HY11_1/aop_proc/core/settings/pmic/config/netrani/pm_config_dep.o	#SHT_PROGBITS,SHF_ALLOC|SHF_MERGE|SHF_STRINGS,1
	0x808821f8		.L.str.65
.rodata.str1.1	0x808821fe	0x7	/local/mnt/workspace/CRMBuilds/AOP.HO.4.0-00571-WAIPIO_E-1_20231026_070056/b/HY11_1/aop_proc/core/settings/pmic/config/netrani/pm_config_dep.o	#SHT_PROGBITS,SHF_ALLOC|SHF_MERGE|SHF_STRINGS,1
	0x808821fe		.L.str.66
.rodata.str1.1	0x80882205	0x7	/local/mnt/workspace/CRMBuilds/AOP.HO.4.0-00571-WAIPIO_E-1_20231026_070056/b/HY11_1/aop_proc/core/settings/pmic/config/netrani/pm_config_dep.o	#SHT_PROGBITS,SHF_ALLOC|SHF_MERGE|SHF_STRINGS,1
	0x80882205		.L.str.67
.rodata.str1.1	0x8088220c	0x6	/local/mnt/workspace/CRMBuilds/AOP.HO.4.0-00571-WAIPIO_E-1_20231026_070056/b/HY11_1/aop_proc/core/settings/pmic/config/netrani/pm_config_dep.o	#SHT_PROGBITS,SHF_ALLOC|SHF_MERGE|SHF_STRINGS,1
	0x8088220c		.L.str.68
.rodata.str1.1	0x80882212	0x6	/local/mnt/workspace/CRMBuilds/AOP.HO.4.0-00571-WAIPIO_E-1_20231026_070056/b/HY11_1/aop_proc/core/settings/pmic/config/netrani/pm_config_dep.o	#SHT_PROGBITS,SHF_ALLOC|SHF_MERGE|SHF_STRINGS,1
	0x80882212		.L.str.69
.rodata.str1.1	0x80882218	0x6	/local/mnt/workspace/CRMBuilds/AOP.HO.4.0-00571-WAIPIO_E-1_20231026_070056/b/HY11_1/aop_proc/core/settings/pmic/config/netrani/pm_config_dep.o	#SHT_PROGBITS,SHF_ALLOC|SHF_MERGE|SHF_STRINGS,1
	0x80882218		.L.str.70
.rodata.str1.1	0x8088221e	0x6	/local/mnt/workspace/CRMBuilds/AOP.HO.4.0-00571-WAIPIO_E-1_20231026_070056/b/HY11_1/aop_proc/core/settings/pmic/config/netrani/pm_config_dep.o	#SHT_PROGBITS,SHF_ALLOC|SHF_MERGE|SHF_STRINGS,1
	0x8088221e		.L.str.71
.rodata.str1.1	0x80882224	0x6	/local/mnt/workspace/CRMBuilds/AOP.HO.4.0-00571-WAIPIO_E-1_20231026_070056/b/HY11_1/aop_proc/core/settings/pmic/config/netrani/pm_config_dep.o	#SHT_PROGBITS,SHF_ALLOC|SHF_MERGE|SHF_STRINGS,1
	0x80882224		.L.str.72
.rodata.str1.1	0x8088222a	0x6	/local/mnt/workspace/CRMBuilds/AOP.HO.4.0-00571-WAIPIO_E-1_20231026_070056/b/HY11_1/aop_proc/core/settings/pmic/config/netrani/pm_config_dep.o	#SHT_PROGBITS,SHF_ALLOC|SHF_MERGE|SHF_STRINGS,1
	0x8088222a		.L.str.73
.rodata.str1.1	0x80882230	0x6	/local/mnt/workspace/CRMBuilds/AOP.HO.4.0-00571-WAIPIO_E-1_20231026_070056/b/HY11_1/aop_proc/core/settings/pmic/config/netrani/pm_config_dep.o	#SHT_PROGBITS,SHF_ALLOC|SHF_MERGE|SHF_STRINGS,1
	0x80882230		.L.str.74
.rodata.str1.1	0x80882236	0x9	/local/mnt/workspace/CRMBuilds/AOP.HO.4.0-00571-WAIPIO_E-1_20231026_070056/b/HY11_1/aop_proc/core/settings/pmic/config/netrani/pm_config_dep.o	#SHT_PROGBITS,SHF_ALLOC|SHF_MERGE|SHF_STRINGS,1
	0x80882236		.L.str.75
.rodata.str1.1	0x8088223f	0x8	/local/mnt/workspace/CRMBuilds/AOP.HO.4.0-00571-WAIPIO_E-1_20231026_070056/b/HY11_1/aop_proc/core/settings/pmic/config/netrani/pm_config_dep.o	#SHT_PROGBITS,SHF_ALLOC|SHF_MERGE|SHF_STRINGS,1
	0x8088223f		.L.str.76
.rodata.str1.1	0x80882247	0x8	/local/mnt/workspace/CRMBuilds/AOP.HO.4.0-00571-WAIPIO_E-1_20231026_070056/b/HY11_1/aop_proc/core/settings/pmic/config/netrani/pm_config_dep.o	#SHT_PROGBITS,SHF_ALLOC|SHF_MERGE|SHF_STRINGS,1
	0x80882247		.L.str.77
.rodata.str1.1	0x8088224f	0x8	/local/mnt/workspace/CRMBuilds/AOP.HO.4.0-00571-WAIPIO_E-1_20231026_070056/b/HY11_1/aop_proc/core/settings/pmic/config/netrani/pm_config_dep.o	#SHT_PROGBITS,SHF_ALLOC|SHF_MERGE|SHF_STRINGS,1
	0x8088224f		.L.str.78
.rodata.str1.1	0x80882257	0x8	/local/mnt/workspace/CRMBuilds/AOP.HO.4.0-00571-WAIPIO_E-1_20231026_070056/b/HY11_1/aop_proc/core/settings/pmic/config/netrani/pm_config_dep.o	#SHT_PROGBITS,SHF_ALLOC|SHF_MERGE|SHF_STRINGS,1
	0x80882257		.L.str.79
.rodata.str1.1	0x8088225f	0x8	/local/mnt/workspace/CRMBuilds/AOP.HO.4.0-00571-WAIPIO_E-1_20231026_070056/b/HY11_1/aop_proc/core/settings/pmic/config/netrani/pm_config_dep.o	#SHT_PROGBITS,SHF_ALLOC|SHF_MERGE|SHF_STRINGS,1
	0x8088225f		.L.str.80
.rodata.str1.1	0x80882267	0x9	/local/mnt/workspace/CRMBuilds/AOP.HO.4.0-00571-WAIPIO_E-1_20231026_070056/b/HY11_1/aop_proc/core/settings/pmic/config/netrani/pm_config_dep.o	#SHT_PROGBITS,SHF_ALLOC|SHF_MERGE|SHF_STRINGS,1
	0x80882267		.L.str.81
.rodata.str1.1	0x80882270	0x8	/local/mnt/workspace/CRMBuilds/AOP.HO.4.0-00571-WAIPIO_E-1_20231026_070056/b/HY11_1/aop_proc/core/settings/pmic/config/netrani/pm_config_dep.o	#SHT_PROGBITS,SHF_ALLOC|SHF_MERGE|SHF_STRINGS,1
	0x80882270		.L.str.82
.rodata.str1.1	0x80882278	0x9	/local/mnt/workspace/CRMBuilds/AOP.HO.4.0-00571-WAIPIO_E-1_20231026_070056/b/HY11_1/aop_proc/core/settings/pmic/config/netrani/pm_config_dep.o	#SHT_PROGBITS,SHF_ALLOC|SHF_MERGE|SHF_STRINGS,1
	0x80882278		.L.str.83
.rodata.str1.1	0x80882281	0x9	/local/mnt/workspace/CRMBuilds/AOP.HO.4.0-00571-WAIPIO_E-1_20231026_070056/b/HY11_1/aop_proc/core/settings/pmic/config/netrani/pm_config_dep.o	#SHT_PROGBITS,SHF_ALLOC|SHF_MERGE|SHF_STRINGS,1
	0x80882281		.L.str.84
.rodata.str1.1	0x8088228a	0x9	/local/mnt/workspace/CRMBuilds/AOP.HO.4.0-00571-WAIPIO_E-1_20231026_070056/b/HY11_1/aop_proc/core/settings/pmic/config/netrani/pm_config_dep.o	#SHT_PROGBITS,SHF_ALLOC|SHF_MERGE|SHF_STRINGS,1
	0x8088228a		.L.str.85
.rodata.str1.1	0x80882293	0xb	/local/mnt/workspace/CRMBuilds/AOP.HO.4.0-00571-WAIPIO_E-1_20231026_070056/b/HY11_1/aop_proc/core/settings/pmic/config/netrani/pm_config_dep.o	#SHT_PROGBITS,SHF_ALLOC|SHF_MERGE|SHF_STRINGS,1
	0x80882293		.L.str.86
*(AOPSS_DEVCFG_CODE_ALL) #Rule 11, Internal-LinkerScript (Implicit rule inserted by Linker) [0:0]
__aop_devcfg_size_left(0x1dd62) = 0x808a0000 - .(0x8088229e); # __aop_devcfg_size_left = 0x808a0000 - .; /local/mnt/workspace/CRMBuilds/AOP.HO.4.0-00571-WAIPIO_E-1_20231026_070056/b/HY11_1/aop_proc/core/bsp/aop/build/AOP_AAAAANAZO_devcfg.scl

AOPSS_DEVCFG_CODE_ZI	0x8088229e	0x1dd62 # Offset: 0x1c0e, LMA: 0x8088229e, Alignment: 0x1, Segments : [ AOPSS_DEVCFG_CODE ]
	.(0x808a0000) = .(0x8088229e) + __aop_devcfg_size_left(0x1dd62); # . = . + __aop_devcfg_size_left; /local/mnt/workspace/CRMBuilds/AOP.HO.4.0-00571-WAIPIO_E-1_20231026_070056/b/HY11_1/aop_proc/core/bsp/aop/build/AOP_AAAAANAZO_devcfg.scl
*(AOPSS_DEVCFG_CODE_ZI) #Rule 12, Internal-LinkerScript (Implicit rule inserted by Linker) [0:0]

.ARM.attributes	0x1c0e	0x10 # Offset: 0x1c0e, Alignment: 0x0

.debug_abbrev	0x1c1e	0x231 # Offset: 0x1c1e, Alignment: 0x1
*(.debug_abbrev) #Rule 17, Internal-LinkerScript (Implicit rule inserted by Linker) [0:0]
.debug_abbrev	0x1c1e	0x9e	/local/mnt/workspace/CRMBuilds/AOP.HO.4.0-00571-WAIPIO_E-1_20231026_070056/b/HY11_1/aop_proc/core/settings/pmic/config/netrani/pm_config_target.o	#SHT_PROGBITS,,1
.debug_abbrev	0x1cbc	0x95	/local/mnt/workspace/CRMBuilds/AOP.HO.4.0-00571-WAIPIO_E-1_20231026_070056/b/HY11_1/aop_proc/core/settings/pmic/config/netrani/pm_config_dep.o	#SHT_PROGBITS,,1
.debug_abbrev	0x1d51	0x69	/local/mnt/workspace/CRMBuilds/AOP.HO.4.0-00571-WAIPIO_E-1_20231026_070056/b/HY11_1/aop_proc/core/bsp/aop/src/devcfg_main.o	#SHT_PROGBITS,,1
.debug_abbrev	0x1dba	0x95	/local/mnt/workspace/CRMBuilds/AOP.HO.4.0-00571-WAIPIO_E-1_20231026_070056/b/HY11_1/aop_proc/core/bsp/aop/build/aop_settings_autogen.o	#SHT_PROGBITS,,1

.debug_info	0x1e4f	0xd90 # Offset: 0x1e4f, Alignment: 0x1
*(.debug_info) #Rule 18, Internal-LinkerScript (Implicit rule inserted by Linker) [0:0]
.debug_info	0x1e4f	0x783	/local/mnt/workspace/CRMBuilds/AOP.HO.4.0-00571-WAIPIO_E-1_20231026_070056/b/HY11_1/aop_proc/core/settings/pmic/config/netrani/pm_config_target.o	#SHT_PROGBITS,,1
.debug_info	0x25d2	0x405	/local/mnt/workspace/CRMBuilds/AOP.HO.4.0-00571-WAIPIO_E-1_20231026_070056/b/HY11_1/aop_proc/core/settings/pmic/config/netrani/pm_config_dep.o	#SHT_PROGBITS,,1
.debug_info	0x29d7	0x76	/local/mnt/workspace/CRMBuilds/AOP.HO.4.0-00571-WAIPIO_E-1_20231026_070056/b/HY11_1/aop_proc/core/bsp/aop/src/devcfg_main.o	#SHT_PROGBITS,,1
.debug_info	0x2a4d	0x192	/local/mnt/workspace/CRMBuilds/AOP.HO.4.0-00571-WAIPIO_E-1_20231026_070056/b/HY11_1/aop_proc/core/bsp/aop/build/aop_settings_autogen.o	#SHT_PROGBITS,,1

.debug_str	0x2bdf	0xa70 # Offset: 0x2bdf, Alignment: 0x1
*(.debug_str) #Rule 19, Internal-LinkerScript (Implicit rule inserted by Linker) [0:0]
.debug_str	0x2bdf	0x24	/local/mnt/workspace/CRMBuilds/AOP.HO.4.0-00571-WAIPIO_E-1_20231026_070056/b/HY11_1/aop_proc/core/settings/pmic/config/netrani/pm_config_target.o	#SHT_PROGBITS,SHF_MERGE|SHF_STRINGS,1
	0x0		
.debug_str	0x2c03	0x92	/local/mnt/workspace/CRMBuilds/AOP.HO.4.0-00571-WAIPIO_E-1_20231026_070056/b/HY11_1/aop_proc/core/settings/pmic/config/netrani/pm_config_target.o	#SHT_PROGBITS,SHF_MERGE|SHF_STRINGS,1
	0x24		
.debug_str	0x2c95	0x63	/local/mnt/workspace/CRMBuilds/AOP.HO.4.0-00571-WAIPIO_E-1_20231026_070056/b/HY11_1/aop_proc/core/settings/pmic/config/netrani/pm_config_target.o	#SHT_PROGBITS,SHF_MERGE|SHF_STRINGS,1
	0xb6		
.debug_str	0x2cf8	0xb	/local/mnt/workspace/CRMBuilds/AOP.HO.4.0-00571-WAIPIO_E-1_20231026_070056/b/HY11_1/aop_proc/core/settings/pmic/config/netrani/pm_config_target.o	#SHT_PROGBITS,SHF_MERGE|SHF_STRINGS,1
	0x119		
.debug_str	0x2d03	0xe	/local/mnt/workspace/CRMBuilds/AOP.HO.4.0-00571-WAIPIO_E-1_20231026_070056/b/HY11_1/aop_proc/core/settings/pmic/config/netrani/pm_config_target.o	#SHT_PROGBITS,SHF_MERGE|SHF_STRINGS,1
	0x124		
.debug_str	0x2d11	0xd	/local/mnt/workspace/CRMBuilds/AOP.HO.4.0-00571-WAIPIO_E-1_20231026_070056/b/HY11_1/aop_proc/core/settings/pmic/config/netrani/pm_config_target.o	#SHT_PROGBITS,SHF_MERGE|SHF_STRINGS,1
	0x132		
.debug_str	0x2d1e	0xd	/local/mnt/workspace/CRMBuilds/AOP.HO.4.0-00571-WAIPIO_E-1_20231026_070056/b/HY11_1/aop_proc/core/settings/pmic/config/netrani/pm_config_target.o	#SHT_PROGBITS,SHF_MERGE|SHF_STRINGS,1
	0x13f		
.debug_str	0x2d2b	0x9	/local/mnt/workspace/CRMBuilds/AOP.HO.4.0-00571-WAIPIO_E-1_20231026_070056/b/HY11_1/aop_proc/core/settings/pmic/config/netrani/pm_config_target.o	#SHT_PROGBITS,SHF_MERGE|SHF_STRINGS,1
	0x14c		
.debug_str	0x2d34	0x8	/local/mnt/workspace/CRMBuilds/AOP.HO.4.0-00571-WAIPIO_E-1_20231026_070056/b/HY11_1/aop_proc/core/settings/pmic/config/netrani/pm_config_target.o	#SHT_PROGBITS,SHF_MERGE|SHF_STRINGS,1
	0x155		
.debug_str	0x2d3c	0x9	/local/mnt/workspace/CRMBuilds/AOP.HO.4.0-00571-WAIPIO_E-1_20231026_070056/b/HY11_1/aop_proc/core/settings/pmic/config/netrani/pm_config_target.o	#SHT_PROGBITS,SHF_MERGE|SHF_STRINGS,1
	0x15d		
.debug_str	0x2d45	0xb	/local/mnt/workspace/CRMBuilds/AOP.HO.4.0-00571-WAIPIO_E-1_20231026_070056/b/HY11_1/aop_proc/core/settings/pmic/config/netrani/pm_config_target.o	#SHT_PROGBITS,SHF_MERGE|SHF_STRINGS,1
	0x166		
.debug_str	0x2d50	0xf	/local/mnt/workspace/CRMBuilds/AOP.HO.4.0-00571-WAIPIO_E-1_20231026_070056/b/HY11_1/aop_proc/core/settings/pmic/config/netrani/pm_config_target.o	#SHT_PROGBITS,SHF_MERGE|SHF_STRINGS,1
	0x171		
.debug_str	0x2d5f	0x9	/local/mnt/workspace/CRMBuilds/AOP.HO.4.0-00571-WAIPIO_E-1_20231026_070056/b/HY11_1/aop_proc/core/settings/pmic/config/netrani/pm_config_target.o	#SHT_PROGBITS,SHF_MERGE|SHF_STRINGS,1
	0x180		
.debug_str	0x2d68	0x7	/local/mnt/workspace/CRMBuilds/AOP.HO.4.0-00571-WAIPIO_E-1_20231026_070056/b/HY11_1/aop_proc/core/settings/pmic/config/netrani/pm_config_target.o	#SHT_PROGBITS,SHF_MERGE|SHF_STRINGS,1
	0x189		
.debug_str	0x2d6f	0xb	/local/mnt/workspace/CRMBuilds/AOP.HO.4.0-00571-WAIPIO_E-1_20231026_070056/b/HY11_1/aop_proc/core/settings/pmic/config/netrani/pm_config_target.o	#SHT_PROGBITS,SHF_MERGE|SHF_STRINGS,1
	0x190		
.debug_str	0x2d7a	0x10	/local/mnt/workspace/CRMBuilds/AOP.HO.4.0-00571-WAIPIO_E-1_20231026_070056/b/HY11_1/aop_proc/core/settings/pmic/config/netrani/pm_config_target.o	#SHT_PROGBITS,SHF_MERGE|SHF_STRINGS,1
	0x19b		
.debug_str	0x2d8a	0x18	/local/mnt/workspace/CRMBuilds/AOP.HO.4.0-00571-WAIPIO_E-1_20231026_070056/b/HY11_1/aop_proc/core/settings/pmic/config/netrani/pm_config_target.o	#SHT_PROGBITS,SHF_MERGE|SHF_STRINGS,1
	0x1ab		
.debug_str	0x2da2	0x10	/local/mnt/workspace/CRMBuilds/AOP.HO.4.0-00571-WAIPIO_E-1_20231026_070056/b/HY11_1/aop_proc/core/settings/pmic/config/netrani/pm_config_target.o	#SHT_PROGBITS,SHF_MERGE|SHF_STRINGS,1
	0x1c3		
.debug_str	0x2db2	0x12	/local/mnt/workspace/CRMBuilds/AOP.HO.4.0-00571-WAIPIO_E-1_20231026_070056/b/HY11_1/aop_proc/core/settings/pmic/config/netrani/pm_config_target.o	#SHT_PROGBITS,SHF_MERGE|SHF_STRINGS,1
	0x1d3		
.debug_str	0x2dc4	0x17	/local/mnt/workspace/CRMBuilds/AOP.HO.4.0-00571-WAIPIO_E-1_20231026_070056/b/HY11_1/aop_proc/core/settings/pmic/config/netrani/pm_config_target.o	#SHT_PROGBITS,SHF_MERGE|SHF_STRINGS,1
	0x1e5		
.debug_str	0x2ddb	0x19	/local/mnt/workspace/CRMBuilds/AOP.HO.4.0-00571-WAIPIO_E-1_20231026_070056/b/HY11_1/aop_proc/core/settings/pmic/config/netrani/pm_config_target.o	#SHT_PROGBITS,SHF_MERGE|SHF_STRINGS,1
	0x1fc		
.debug_str	0x2df4	0x12	/local/mnt/workspace/CRMBuilds/AOP.HO.4.0-00571-WAIPIO_E-1_20231026_070056/b/HY11_1/aop_proc/core/settings/pmic/config/netrani/pm_config_target.o	#SHT_PROGBITS,SHF_MERGE|SHF_STRINGS,1
	0x215		
.debug_str	0x2e06	0xe	/local/mnt/workspace/CRMBuilds/AOP.HO.4.0-00571-WAIPIO_E-1_20231026_070056/b/HY11_1/aop_proc/core/settings/pmic/config/netrani/pm_config_target.o	#SHT_PROGBITS,SHF_MERGE|SHF_STRINGS,1
	0x227		
.debug_str	0x2e14	0xc	/local/mnt/workspace/CRMBuilds/AOP.HO.4.0-00571-WAIPIO_E-1_20231026_070056/b/HY11_1/aop_proc/core/settings/pmic/config/netrani/pm_config_target.o	#SHT_PROGBITS,SHF_MERGE|SHF_STRINGS,1
	0x235		
.debug_str	0x2e20	0xf	/local/mnt/workspace/CRMBuilds/AOP.HO.4.0-00571-WAIPIO_E-1_20231026_070056/b/HY11_1/aop_proc/core/settings/pmic/config/netrani/pm_config_target.o	#SHT_PROGBITS,SHF_MERGE|SHF_STRINGS,1
	0x241		
.debug_str	0x2e2f	0xe	/local/mnt/workspace/CRMBuilds/AOP.HO.4.0-00571-WAIPIO_E-1_20231026_070056/b/HY11_1/aop_proc/core/settings/pmic/config/netrani/pm_config_target.o	#SHT_PROGBITS,SHF_MERGE|SHF_STRINGS,1
	0x250		
.debug_str	0x2e3d	0xc	/local/mnt/workspace/CRMBuilds/AOP.HO.4.0-00571-WAIPIO_E-1_20231026_070056/b/HY11_1/aop_proc/core/settings/pmic/config/netrani/pm_config_target.o	#SHT_PROGBITS,SHF_MERGE|SHF_STRINGS,1
	0x25e		
.debug_str	0x2e49	0xc	/local/mnt/workspace/CRMBuilds/AOP.HO.4.0-00571-WAIPIO_E-1_20231026_070056/b/HY11_1/aop_proc/core/settings/pmic/config/netrani/pm_config_target.o	#SHT_PROGBITS,SHF_MERGE|SHF_STRINGS,1
	0x26a		
.debug_str	0x2e55	0xe	/local/mnt/workspace/CRMBuilds/AOP.HO.4.0-00571-WAIPIO_E-1_20231026_070056/b/HY11_1/aop_proc/core/settings/pmic/config/netrani/pm_config_target.o	#SHT_PROGBITS,SHF_MERGE|SHF_STRINGS,1
	0x276		
.debug_str	0x2e63	0x8	/local/mnt/workspace/CRMBuilds/AOP.HO.4.0-00571-WAIPIO_E-1_20231026_070056/b/HY11_1/aop_proc/core/settings/pmic/config/netrani/pm_config_target.o	#SHT_PROGBITS,SHF_MERGE|SHF_STRINGS,1
	0x284		
.debug_str	0x2e6b	0x6	/local/mnt/workspace/CRMBuilds/AOP.HO.4.0-00571-WAIPIO_E-1_20231026_070056/b/HY11_1/aop_proc/core/settings/pmic/config/netrani/pm_config_target.o	#SHT_PROGBITS,SHF_MERGE|SHF_STRINGS,1
	0x28c		
.debug_str	0x2e71	0xe	/local/mnt/workspace/CRMBuilds/AOP.HO.4.0-00571-WAIPIO_E-1_20231026_070056/b/HY11_1/aop_proc/core/settings/pmic/config/netrani/pm_config_target.o	#SHT_PROGBITS,SHF_MERGE|SHF_STRINGS,1
	0x292		
.debug_str	0x2e7f	0xc	/local/mnt/workspace/CRMBuilds/AOP.HO.4.0-00571-WAIPIO_E-1_20231026_070056/b/HY11_1/aop_proc/core/settings/pmic/config/netrani/pm_config_target.o	#SHT_PROGBITS,SHF_MERGE|SHF_STRINGS,1
	0x2a0		
.debug_str	0x2e8b	0xb	/local/mnt/workspace/CRMBuilds/AOP.HO.4.0-00571-WAIPIO_E-1_20231026_070056/b/HY11_1/aop_proc/core/settings/pmic/config/netrani/pm_config_target.o	#SHT_PROGBITS,SHF_MERGE|SHF_STRINGS,1
	0x2ac		
.debug_str	0x2e96	0x9	/local/mnt/workspace/CRMBuilds/AOP.HO.4.0-00571-WAIPIO_E-1_20231026_070056/b/HY11_1/aop_proc/core/settings/pmic/config/netrani/pm_config_target.o	#SHT_PROGBITS,SHF_MERGE|SHF_STRINGS,1
	0x2b7		
.debug_str	0x2e9f	0x7	/local/mnt/workspace/CRMBuilds/AOP.HO.4.0-00571-WAIPIO_E-1_20231026_070056/b/HY11_1/aop_proc/core/settings/pmic/config/netrani/pm_config_target.o	#SHT_PROGBITS,SHF_MERGE|SHF_STRINGS,1
	0x2c0		
.debug_str	0x2ea6	0x9	/local/mnt/workspace/CRMBuilds/AOP.HO.4.0-00571-WAIPIO_E-1_20231026_070056/b/HY11_1/aop_proc/core/settings/pmic/config/netrani/pm_config_target.o	#SHT_PROGBITS,SHF_MERGE|SHF_STRINGS,1
	0x2c7		
.debug_str	0x2eaf	0x1b	/local/mnt/workspace/CRMBuilds/AOP.HO.4.0-00571-WAIPIO_E-1_20231026_070056/b/HY11_1/aop_proc/core/settings/pmic/config/netrani/pm_config_target.o	#SHT_PROGBITS,SHF_MERGE|SHF_STRINGS,1
	0x2d0		
.debug_str	0x2eca	0x14	/local/mnt/workspace/CRMBuilds/AOP.HO.4.0-00571-WAIPIO_E-1_20231026_070056/b/HY11_1/aop_proc/core/settings/pmic/config/netrani/pm_config_target.o	#SHT_PROGBITS,SHF_MERGE|SHF_STRINGS,1
	0x2eb		
.debug_str	0x2ede	0xb	/local/mnt/workspace/CRMBuilds/AOP.HO.4.0-00571-WAIPIO_E-1_20231026_070056/b/HY11_1/aop_proc/core/settings/pmic/config/netrani/pm_config_target.o	#SHT_PROGBITS,SHF_MERGE|SHF_STRINGS,1
	0x2ff		
.debug_str	0x2ee9	0xb	/local/mnt/workspace/CRMBuilds/AOP.HO.4.0-00571-WAIPIO_E-1_20231026_070056/b/HY11_1/aop_proc/core/settings/pmic/config/netrani/pm_config_target.o	#SHT_PROGBITS,SHF_MERGE|SHF_STRINGS,1
	0x30a		
.debug_str	0x2ef4	0xc	/local/mnt/workspace/CRMBuilds/AOP.HO.4.0-00571-WAIPIO_E-1_20231026_070056/b/HY11_1/aop_proc/core/settings/pmic/config/netrani/pm_config_target.o	#SHT_PROGBITS,SHF_MERGE|SHF_STRINGS,1
	0x315		
.debug_str	0x2f00	0xc	/local/mnt/workspace/CRMBuilds/AOP.HO.4.0-00571-WAIPIO_E-1_20231026_070056/b/HY11_1/aop_proc/core/settings/pmic/config/netrani/pm_config_target.o	#SHT_PROGBITS,SHF_MERGE|SHF_STRINGS,1
	0x321		
.debug_str	0x2f0c	0xc	/local/mnt/workspace/CRMBuilds/AOP.HO.4.0-00571-WAIPIO_E-1_20231026_070056/b/HY11_1/aop_proc/core/settings/pmic/config/netrani/pm_config_target.o	#SHT_PROGBITS,SHF_MERGE|SHF_STRINGS,1
	0x32d		
.debug_str	0x2f18	0xb	/local/mnt/workspace/CRMBuilds/AOP.HO.4.0-00571-WAIPIO_E-1_20231026_070056/b/HY11_1/aop_proc/core/settings/pmic/config/netrani/pm_config_target.o	#SHT_PROGBITS,SHF_MERGE|SHF_STRINGS,1
	0x339		
.debug_str	0x2f23	0xb	/local/mnt/workspace/CRMBuilds/AOP.HO.4.0-00571-WAIPIO_E-1_20231026_070056/b/HY11_1/aop_proc/core/settings/pmic/config/netrani/pm_config_target.o	#SHT_PROGBITS,SHF_MERGE|SHF_STRINGS,1
	0x344		
.debug_str	0x2f2e	0xb	/local/mnt/workspace/CRMBuilds/AOP.HO.4.0-00571-WAIPIO_E-1_20231026_070056/b/HY11_1/aop_proc/core/settings/pmic/config/netrani/pm_config_target.o	#SHT_PROGBITS,SHF_MERGE|SHF_STRINGS,1
	0x34f		
.debug_str	0x2f39	0xe	/local/mnt/workspace/CRMBuilds/AOP.HO.4.0-00571-WAIPIO_E-1_20231026_070056/b/HY11_1/aop_proc/core/settings/pmic/config/netrani/pm_config_target.o	#SHT_PROGBITS,SHF_MERGE|SHF_STRINGS,1
	0x35a		
.debug_str	0x2f47	0xd	/local/mnt/workspace/CRMBuilds/AOP.HO.4.0-00571-WAIPIO_E-1_20231026_070056/b/HY11_1/aop_proc/core/settings/pmic/config/netrani/pm_config_target.o	#SHT_PROGBITS,SHF_MERGE|SHF_STRINGS,1
	0x368		
.debug_str	0x2f54	0xa	/local/mnt/workspace/CRMBuilds/AOP.HO.4.0-00571-WAIPIO_E-1_20231026_070056/b/HY11_1/aop_proc/core/settings/pmic/config/netrani/pm_config_target.o	#SHT_PROGBITS,SHF_MERGE|SHF_STRINGS,1
	0x375		
.debug_str	0x2f5e	0x15	/local/mnt/workspace/CRMBuilds/AOP.HO.4.0-00571-WAIPIO_E-1_20231026_070056/b/HY11_1/aop_proc/core/settings/pmic/config/netrani/pm_config_target.o	#SHT_PROGBITS,SHF_MERGE|SHF_STRINGS,1
	0x37f		
.debug_str	0x2f73	0x11	/local/mnt/workspace/CRMBuilds/AOP.HO.4.0-00571-WAIPIO_E-1_20231026_070056/b/HY11_1/aop_proc/core/settings/pmic/config/netrani/pm_config_target.o	#SHT_PROGBITS,SHF_MERGE|SHF_STRINGS,1
	0x394		
.debug_str	0x2f84	0x5	/local/mnt/workspace/CRMBuilds/AOP.HO.4.0-00571-WAIPIO_E-1_20231026_070056/b/HY11_1/aop_proc/core/settings/pmic/config/netrani/pm_config_target.o	#SHT_PROGBITS,SHF_MERGE|SHF_STRINGS,1
	0x3a5		
.debug_str	0x2f89	0x5	/local/mnt/workspace/CRMBuilds/AOP.HO.4.0-00571-WAIPIO_E-1_20231026_070056/b/HY11_1/aop_proc/core/settings/pmic/config/netrani/pm_config_target.o	#SHT_PROGBITS,SHF_MERGE|SHF_STRINGS,1
	0x3aa		
.debug_str	0x2f8e	0xa	/local/mnt/workspace/CRMBuilds/AOP.HO.4.0-00571-WAIPIO_E-1_20231026_070056/b/HY11_1/aop_proc/core/settings/pmic/config/netrani/pm_config_target.o	#SHT_PROGBITS,SHF_MERGE|SHF_STRINGS,1
	0x3af		
.debug_str	0x2f98	0xb	/local/mnt/workspace/CRMBuilds/AOP.HO.4.0-00571-WAIPIO_E-1_20231026_070056/b/HY11_1/aop_proc/core/settings/pmic/config/netrani/pm_config_target.o	#SHT_PROGBITS,SHF_MERGE|SHF_STRINGS,1
	0x3b9		
.debug_str	0x2fa3	0x13	/local/mnt/workspace/CRMBuilds/AOP.HO.4.0-00571-WAIPIO_E-1_20231026_070056/b/HY11_1/aop_proc/core/settings/pmic/config/netrani/pm_config_target.o	#SHT_PROGBITS,SHF_MERGE|SHF_STRINGS,1
	0x3c4		
.debug_str	0x2fb6	0x13	/local/mnt/workspace/CRMBuilds/AOP.HO.4.0-00571-WAIPIO_E-1_20231026_070056/b/HY11_1/aop_proc/core/settings/pmic/config/netrani/pm_config_target.o	#SHT_PROGBITS,SHF_MERGE|SHF_STRINGS,1
	0x3d7		
.debug_str	0x2fc9	0x12	/local/mnt/workspace/CRMBuilds/AOP.HO.4.0-00571-WAIPIO_E-1_20231026_070056/b/HY11_1/aop_proc/core/settings/pmic/config/netrani/pm_config_target.o	#SHT_PROGBITS,SHF_MERGE|SHF_STRINGS,1
	0x3ea		
.debug_str	0x2fdb	0x12	/local/mnt/workspace/CRMBuilds/AOP.HO.4.0-00571-WAIPIO_E-1_20231026_070056/b/HY11_1/aop_proc/core/settings/pmic/config/netrani/pm_config_target.o	#SHT_PROGBITS,SHF_MERGE|SHF_STRINGS,1
	0x3fc		
.debug_str	0x2fed	0x11	/local/mnt/workspace/CRMBuilds/AOP.HO.4.0-00571-WAIPIO_E-1_20231026_070056/b/HY11_1/aop_proc/core/settings/pmic/config/netrani/pm_config_target.o	#SHT_PROGBITS,SHF_MERGE|SHF_STRINGS,1
	0x40e		
.debug_str	0x2ffe	0x12	/local/mnt/workspace/CRMBuilds/AOP.HO.4.0-00571-WAIPIO_E-1_20231026_070056/b/HY11_1/aop_proc/core/settings/pmic/config/netrani/pm_config_target.o	#SHT_PROGBITS,SHF_MERGE|SHF_STRINGS,1
	0x41f		
.debug_str	0x3010	0x19	/local/mnt/workspace/CRMBuilds/AOP.HO.4.0-00571-WAIPIO_E-1_20231026_070056/b/HY11_1/aop_proc/core/settings/pmic/config/netrani/pm_config_target.o	#SHT_PROGBITS,SHF_MERGE|SHF_STRINGS,1
	0x431		
.debug_str	0x3029	0x13	/local/mnt/workspace/CRMBuilds/AOP.HO.4.0-00571-WAIPIO_E-1_20231026_070056/b/HY11_1/aop_proc/core/settings/pmic/config/netrani/pm_config_target.o	#SHT_PROGBITS,SHF_MERGE|SHF_STRINGS,1
	0x44a		
.debug_str	0x303c	0x12	/local/mnt/workspace/CRMBuilds/AOP.HO.4.0-00571-WAIPIO_E-1_20231026_070056/b/HY11_1/aop_proc/core/settings/pmic/config/netrani/pm_config_target.o	#SHT_PROGBITS,SHF_MERGE|SHF_STRINGS,1
	0x45d		
.debug_str	0x304e	0x13	/local/mnt/workspace/CRMBuilds/AOP.HO.4.0-00571-WAIPIO_E-1_20231026_070056/b/HY11_1/aop_proc/core/settings/pmic/config/netrani/pm_config_target.o	#SHT_PROGBITS,SHF_MERGE|SHF_STRINGS,1
	0x46f		
.debug_str	0x3061	0x13	/local/mnt/workspace/CRMBuilds/AOP.HO.4.0-00571-WAIPIO_E-1_20231026_070056/b/HY11_1/aop_proc/core/settings/pmic/config/netrani/pm_config_target.o	#SHT_PROGBITS,SHF_MERGE|SHF_STRINGS,1
	0x482		
.debug_str	0x3074	0x11	/local/mnt/workspace/CRMBuilds/AOP.HO.4.0-00571-WAIPIO_E-1_20231026_070056/b/HY11_1/aop_proc/core/settings/pmic/config/netrani/pm_config_target.o	#SHT_PROGBITS,SHF_MERGE|SHF_STRINGS,1
	0x495		
.debug_str	0x3085	0x13	/local/mnt/workspace/CRMBuilds/AOP.HO.4.0-00571-WAIPIO_E-1_20231026_070056/b/HY11_1/aop_proc/core/settings/pmic/config/netrani/pm_config_target.o	#SHT_PROGBITS,SHF_MERGE|SHF_STRINGS,1
	0x4a6		
.debug_str	0x3098	0x13	/local/mnt/workspace/CRMBuilds/AOP.HO.4.0-00571-WAIPIO_E-1_20231026_070056/b/HY11_1/aop_proc/core/settings/pmic/config/netrani/pm_config_target.o	#SHT_PROGBITS,SHF_MERGE|SHF_STRINGS,1
	0x4b9		
.debug_str	0x30ab	0x16	/local/mnt/workspace/CRMBuilds/AOP.HO.4.0-00571-WAIPIO_E-1_20231026_070056/b/HY11_1/aop_proc/core/settings/pmic/config/netrani/pm_config_target.o	#SHT_PROGBITS,SHF_MERGE|SHF_STRINGS,1
	0x4cc		
.debug_str	0x30c1	0x13	/local/mnt/workspace/CRMBuilds/AOP.HO.4.0-00571-WAIPIO_E-1_20231026_070056/b/HY11_1/aop_proc/core/settings/pmic/config/netrani/pm_config_target.o	#SHT_PROGBITS,SHF_MERGE|SHF_STRINGS,1
	0x4e2		
.debug_str	0x30d4	0x9	/local/mnt/workspace/CRMBuilds/AOP.HO.4.0-00571-WAIPIO_E-1_20231026_070056/b/HY11_1/aop_proc/core/settings/pmic/config/netrani/pm_config_target.o	#SHT_PROGBITS,SHF_MERGE|SHF_STRINGS,1
	0x4f5		
.debug_str	0x30dd	0x7	/local/mnt/workspace/CRMBuilds/AOP.HO.4.0-00571-WAIPIO_E-1_20231026_070056/b/HY11_1/aop_proc/core/settings/pmic/config/netrani/pm_config_target.o	#SHT_PROGBITS,SHF_MERGE|SHF_STRINGS,1
	0x4fe		
.debug_str	0x30e4	0x8	/local/mnt/workspace/CRMBuilds/AOP.HO.4.0-00571-WAIPIO_E-1_20231026_070056/b/HY11_1/aop_proc/core/settings/pmic/config/netrani/pm_config_target.o	#SHT_PROGBITS,SHF_MERGE|SHF_STRINGS,1
	0x505		
.debug_str	0x30ec	0x9	/local/mnt/workspace/CRMBuilds/AOP.HO.4.0-00571-WAIPIO_E-1_20231026_070056/b/HY11_1/aop_proc/core/settings/pmic/config/netrani/pm_config_target.o	#SHT_PROGBITS,SHF_MERGE|SHF_STRINGS,1
	0x50d		
.debug_str	0x30f5	0xe	/local/mnt/workspace/CRMBuilds/AOP.HO.4.0-00571-WAIPIO_E-1_20231026_070056/b/HY11_1/aop_proc/core/settings/pmic/config/netrani/pm_config_target.o	#SHT_PROGBITS,SHF_MERGE|SHF_STRINGS,1
	0x516		
.debug_str	0x3103	0xc	/local/mnt/workspace/CRMBuilds/AOP.HO.4.0-00571-WAIPIO_E-1_20231026_070056/b/HY11_1/aop_proc/core/settings/pmic/config/netrani/pm_config_target.o	#SHT_PROGBITS,SHF_MERGE|SHF_STRINGS,1
	0x524		
.debug_str	0x310f	0xc	/local/mnt/workspace/CRMBuilds/AOP.HO.4.0-00571-WAIPIO_E-1_20231026_070056/b/HY11_1/aop_proc/core/settings/pmic/config/netrani/pm_config_target.o	#SHT_PROGBITS,SHF_MERGE|SHF_STRINGS,1
	0x530		
.debug_str	0x311b	0xe	/local/mnt/workspace/CRMBuilds/AOP.HO.4.0-00571-WAIPIO_E-1_20231026_070056/b/HY11_1/aop_proc/core/settings/pmic/config/netrani/pm_config_target.o	#SHT_PROGBITS,SHF_MERGE|SHF_STRINGS,1
	0x53c		
.debug_str	0x3129	0x16	/local/mnt/workspace/CRMBuilds/AOP.HO.4.0-00571-WAIPIO_E-1_20231026_070056/b/HY11_1/aop_proc/core/settings/pmic/config/netrani/pm_config_target.o	#SHT_PROGBITS,SHF_MERGE|SHF_STRINGS,1
	0x54a		
.debug_str	0x313f	0x1d	/local/mnt/workspace/CRMBuilds/AOP.HO.4.0-00571-WAIPIO_E-1_20231026_070056/b/HY11_1/aop_proc/core/settings/pmic/config/netrani/pm_config_target.o	#SHT_PROGBITS,SHF_MERGE|SHF_STRINGS,1
	0x560		
.debug_str	0x315c	0x7	/local/mnt/workspace/CRMBuilds/AOP.HO.4.0-00571-WAIPIO_E-1_20231026_070056/b/HY11_1/aop_proc/core/settings/pmic/config/netrani/pm_config_target.o	#SHT_PROGBITS,SHF_MERGE|SHF_STRINGS,1
	0x57d		
.debug_str	0x3163	0x9	/local/mnt/workspace/CRMBuilds/AOP.HO.4.0-00571-WAIPIO_E-1_20231026_070056/b/HY11_1/aop_proc/core/settings/pmic/config/netrani/pm_config_target.o	#SHT_PROGBITS,SHF_MERGE|SHF_STRINGS,1
	0x584		
.debug_str	0x316c	0x7	/local/mnt/workspace/CRMBuilds/AOP.HO.4.0-00571-WAIPIO_E-1_20231026_070056/b/HY11_1/aop_proc/core/settings/pmic/config/netrani/pm_config_target.o	#SHT_PROGBITS,SHF_MERGE|SHF_STRINGS,1
	0x58d		
.debug_str	0x3173	0x8	/local/mnt/workspace/CRMBuilds/AOP.HO.4.0-00571-WAIPIO_E-1_20231026_070056/b/HY11_1/aop_proc/core/settings/pmic/config/netrani/pm_config_target.o	#SHT_PROGBITS,SHF_MERGE|SHF_STRINGS,1
	0x594		
.debug_str	0x317b	0xd	/local/mnt/workspace/CRMBuilds/AOP.HO.4.0-00571-WAIPIO_E-1_20231026_070056/b/HY11_1/aop_proc/core/settings/pmic/config/netrani/pm_config_target.o	#SHT_PROGBITS,SHF_MERGE|SHF_STRINGS,1
	0x59c		
.debug_str	0x3188	0xb	/local/mnt/workspace/CRMBuilds/AOP.HO.4.0-00571-WAIPIO_E-1_20231026_070056/b/HY11_1/aop_proc/core/settings/pmic/config/netrani/pm_config_target.o	#SHT_PROGBITS,SHF_MERGE|SHF_STRINGS,1
	0x5a9		
.debug_str	0x3193	0x1b	/local/mnt/workspace/CRMBuilds/AOP.HO.4.0-00571-WAIPIO_E-1_20231026_070056/b/HY11_1/aop_proc/core/settings/pmic/config/netrani/pm_config_target.o	#SHT_PROGBITS,SHF_MERGE|SHF_STRINGS,1
	0x5b4		
.debug_str	0x31ae	0x13	/local/mnt/workspace/CRMBuilds/AOP.HO.4.0-00571-WAIPIO_E-1_20231026_070056/b/HY11_1/aop_proc/core/settings/pmic/config/netrani/pm_config_target.o	#SHT_PROGBITS,SHF_MERGE|SHF_STRINGS,1
	0x5cf		
.debug_str	0x31c1	0x10	/local/mnt/workspace/CRMBuilds/AOP.HO.4.0-00571-WAIPIO_E-1_20231026_070056/b/HY11_1/aop_proc/core/settings/pmic/config/netrani/pm_config_target.o	#SHT_PROGBITS,SHF_MERGE|SHF_STRINGS,1
	0x5e2		
.debug_str	0x31d1	0xb	/local/mnt/workspace/CRMBuilds/AOP.HO.4.0-00571-WAIPIO_E-1_20231026_070056/b/HY11_1/aop_proc/core/settings/pmic/config/netrani/pm_config_target.o	#SHT_PROGBITS,SHF_MERGE|SHF_STRINGS,1
	0x5f2		
.debug_str	0x31dc	0xc	/local/mnt/workspace/CRMBuilds/AOP.HO.4.0-00571-WAIPIO_E-1_20231026_070056/b/HY11_1/aop_proc/core/settings/pmic/config/netrani/pm_config_target.o	#SHT_PROGBITS,SHF_MERGE|SHF_STRINGS,1
	0x5fd		
.debug_str	0x31e8	0xb	/local/mnt/workspace/CRMBuilds/AOP.HO.4.0-00571-WAIPIO_E-1_20231026_070056/b/HY11_1/aop_proc/core/settings/pmic/config/netrani/pm_config_target.o	#SHT_PROGBITS,SHF_MERGE|SHF_STRINGS,1
	0x609		
.debug_str	0x31f3	0x9	/local/mnt/workspace/CRMBuilds/AOP.HO.4.0-00571-WAIPIO_E-1_20231026_070056/b/HY11_1/aop_proc/core/settings/pmic/config/netrani/pm_config_target.o	#SHT_PROGBITS,SHF_MERGE|SHF_STRINGS,1
	0x614		
.debug_str	0x31fc	0xa	/local/mnt/workspace/CRMBuilds/AOP.HO.4.0-00571-WAIPIO_E-1_20231026_070056/b/HY11_1/aop_proc/core/settings/pmic/config/netrani/pm_config_target.o	#SHT_PROGBITS,SHF_MERGE|SHF_STRINGS,1
	0x61d		
.debug_str	0x3206	0x9	/local/mnt/workspace/CRMBuilds/AOP.HO.4.0-00571-WAIPIO_E-1_20231026_070056/b/HY11_1/aop_proc/core/settings/pmic/config/netrani/pm_config_target.o	#SHT_PROGBITS,SHF_MERGE|SHF_STRINGS,1
	0x627		
.debug_str	0x320f	0x9	/local/mnt/workspace/CRMBuilds/AOP.HO.4.0-00571-WAIPIO_E-1_20231026_070056/b/HY11_1/aop_proc/core/settings/pmic/config/netrani/pm_config_target.o	#SHT_PROGBITS,SHF_MERGE|SHF_STRINGS,1
	0x630		
.debug_str	0x3218	0xa	/local/mnt/workspace/CRMBuilds/AOP.HO.4.0-00571-WAIPIO_E-1_20231026_070056/b/HY11_1/aop_proc/core/settings/pmic/config/netrani/pm_config_target.o	#SHT_PROGBITS,SHF_MERGE|SHF_STRINGS,1
	0x639		
.debug_str	0x3222	0xc	/local/mnt/workspace/CRMBuilds/AOP.HO.4.0-00571-WAIPIO_E-1_20231026_070056/b/HY11_1/aop_proc/core/settings/pmic/config/netrani/pm_config_target.o	#SHT_PROGBITS,SHF_MERGE|SHF_STRINGS,1
	0x643		
.debug_str	0x322e	0x8f	/local/mnt/workspace/CRMBuilds/AOP.HO.4.0-00571-WAIPIO_E-1_20231026_070056/b/HY11_1/aop_proc/core/settings/pmic/config/netrani/pm_config_dep.o	#SHT_PROGBITS,SHF_MERGE|SHF_STRINGS,1
	0x64f		
.debug_str	0x32bd	0xb	/local/mnt/workspace/CRMBuilds/AOP.HO.4.0-00571-WAIPIO_E-1_20231026_070056/b/HY11_1/aop_proc/core/settings/pmic/config/netrani/pm_config_dep.o	#SHT_PROGBITS,SHF_MERGE|SHF_STRINGS,1
	0x6de		
.debug_str	0x32c8	0x7	/local/mnt/workspace/CRMBuilds/AOP.HO.4.0-00571-WAIPIO_E-1_20231026_070056/b/HY11_1/aop_proc/core/settings/pmic/config/netrani/pm_config_dep.o	#SHT_PROGBITS,SHF_MERGE|SHF_STRINGS,1
	0x6e9		
.debug_str	0x32cf	0xb	/local/mnt/workspace/CRMBuilds/AOP.HO.4.0-00571-WAIPIO_E-1_20231026_070056/b/HY11_1/aop_proc/core/settings/pmic/config/netrani/pm_config_dep.o	#SHT_PROGBITS,SHF_MERGE|SHF_STRINGS,1
	0x6f0		
.debug_str	0x32da	0x10	/local/mnt/workspace/CRMBuilds/AOP.HO.4.0-00571-WAIPIO_E-1_20231026_070056/b/HY11_1/aop_proc/core/settings/pmic/config/netrani/pm_config_dep.o	#SHT_PROGBITS,SHF_MERGE|SHF_STRINGS,1
	0x6fb		
.debug_str	0x32ea	0x9	/local/mnt/workspace/CRMBuilds/AOP.HO.4.0-00571-WAIPIO_E-1_20231026_070056/b/HY11_1/aop_proc/core/settings/pmic/config/netrani/pm_config_dep.o	#SHT_PROGBITS,SHF_MERGE|SHF_STRINGS,1
	0x70b		
.debug_str	0x32f3	0xf	/local/mnt/workspace/CRMBuilds/AOP.HO.4.0-00571-WAIPIO_E-1_20231026_070056/b/HY11_1/aop_proc/core/settings/pmic/config/netrani/pm_config_dep.o	#SHT_PROGBITS,SHF_MERGE|SHF_STRINGS,1
	0x714		
.debug_str	0x3302	0xe	/local/mnt/workspace/CRMBuilds/AOP.HO.4.0-00571-WAIPIO_E-1_20231026_070056/b/HY11_1/aop_proc/core/settings/pmic/config/netrani/pm_config_dep.o	#SHT_PROGBITS,SHF_MERGE|SHF_STRINGS,1
	0x723		
.debug_str	0x3310	0x20	/local/mnt/workspace/CRMBuilds/AOP.HO.4.0-00571-WAIPIO_E-1_20231026_070056/b/HY11_1/aop_proc/core/settings/pmic/config/netrani/pm_config_dep.o	#SHT_PROGBITS,SHF_MERGE|SHF_STRINGS,1
	0x731		
.debug_str	0x3330	0xb	/local/mnt/workspace/CRMBuilds/AOP.HO.4.0-00571-WAIPIO_E-1_20231026_070056/b/HY11_1/aop_proc/core/settings/pmic/config/netrani/pm_config_dep.o	#SHT_PROGBITS,SHF_MERGE|SHF_STRINGS,1
	0x751		
.debug_str	0x333b	0xb	/local/mnt/workspace/CRMBuilds/AOP.HO.4.0-00571-WAIPIO_E-1_20231026_070056/b/HY11_1/aop_proc/core/settings/pmic/config/netrani/pm_config_dep.o	#SHT_PROGBITS,SHF_MERGE|SHF_STRINGS,1
	0x75c		
.debug_str	0x3346	0xa	/local/mnt/workspace/CRMBuilds/AOP.HO.4.0-00571-WAIPIO_E-1_20231026_070056/b/HY11_1/aop_proc/core/settings/pmic/config/netrani/pm_config_dep.o	#SHT_PROGBITS,SHF_MERGE|SHF_STRINGS,1
	0x767		
.debug_str	0x3350	0xa	/local/mnt/workspace/CRMBuilds/AOP.HO.4.0-00571-WAIPIO_E-1_20231026_070056/b/HY11_1/aop_proc/core/settings/pmic/config/netrani/pm_config_dep.o	#SHT_PROGBITS,SHF_MERGE|SHF_STRINGS,1
	0x771		
.debug_str	0x335a	0xa	/local/mnt/workspace/CRMBuilds/AOP.HO.4.0-00571-WAIPIO_E-1_20231026_070056/b/HY11_1/aop_proc/core/settings/pmic/config/netrani/pm_config_dep.o	#SHT_PROGBITS,SHF_MERGE|SHF_STRINGS,1
	0x77b		
.debug_str	0x3364	0xa	/local/mnt/workspace/CRMBuilds/AOP.HO.4.0-00571-WAIPIO_E-1_20231026_070056/b/HY11_1/aop_proc/core/settings/pmic/config/netrani/pm_config_dep.o	#SHT_PROGBITS,SHF_MERGE|SHF_STRINGS,1
	0x785		
.debug_str	0x336e	0xa	/local/mnt/workspace/CRMBuilds/AOP.HO.4.0-00571-WAIPIO_E-1_20231026_070056/b/HY11_1/aop_proc/core/settings/pmic/config/netrani/pm_config_dep.o	#SHT_PROGBITS,SHF_MERGE|SHF_STRINGS,1
	0x78f		
.debug_str	0x3378	0x9	/local/mnt/workspace/CRMBuilds/AOP.HO.4.0-00571-WAIPIO_E-1_20231026_070056/b/HY11_1/aop_proc/core/settings/pmic/config/netrani/pm_config_dep.o	#SHT_PROGBITS,SHF_MERGE|SHF_STRINGS,1
	0x799		
.debug_str	0x3381	0x8	/local/mnt/workspace/CRMBuilds/AOP.HO.4.0-00571-WAIPIO_E-1_20231026_070056/b/HY11_1/aop_proc/core/settings/pmic/config/netrani/pm_config_dep.o	#SHT_PROGBITS,SHF_MERGE|SHF_STRINGS,1
	0x7a2		
.debug_str	0x3389	0x8	/local/mnt/workspace/CRMBuilds/AOP.HO.4.0-00571-WAIPIO_E-1_20231026_070056/b/HY11_1/aop_proc/core/settings/pmic/config/netrani/pm_config_dep.o	#SHT_PROGBITS,SHF_MERGE|SHF_STRINGS,1
	0x7aa		
.debug_str	0x3391	0x8	/local/mnt/workspace/CRMBuilds/AOP.HO.4.0-00571-WAIPIO_E-1_20231026_070056/b/HY11_1/aop_proc/core/settings/pmic/config/netrani/pm_config_dep.o	#SHT_PROGBITS,SHF_MERGE|SHF_STRINGS,1
	0x7b2		
.debug_str	0x3399	0x7	/local/mnt/workspace/CRMBuilds/AOP.HO.4.0-00571-WAIPIO_E-1_20231026_070056/b/HY11_1/aop_proc/core/settings/pmic/config/netrani/pm_config_dep.o	#SHT_PROGBITS,SHF_MERGE|SHF_STRINGS,1
	0x7ba		
.debug_str	0x33a0	0xa	/local/mnt/workspace/CRMBuilds/AOP.HO.4.0-00571-WAIPIO_E-1_20231026_070056/b/HY11_1/aop_proc/core/settings/pmic/config/netrani/pm_config_dep.o	#SHT_PROGBITS,SHF_MERGE|SHF_STRINGS,1
	0x7c1		
.debug_str	0x33aa	0x9	/local/mnt/workspace/CRMBuilds/AOP.HO.4.0-00571-WAIPIO_E-1_20231026_070056/b/HY11_1/aop_proc/core/settings/pmic/config/netrani/pm_config_dep.o	#SHT_PROGBITS,SHF_MERGE|SHF_STRINGS,1
	0x7cb		
.debug_str	0x33b3	0x9	/local/mnt/workspace/CRMBuilds/AOP.HO.4.0-00571-WAIPIO_E-1_20231026_070056/b/HY11_1/aop_proc/core/settings/pmic/config/netrani/pm_config_dep.o	#SHT_PROGBITS,SHF_MERGE|SHF_STRINGS,1
	0x7d4		
.debug_str	0x33bc	0x9	/local/mnt/workspace/CRMBuilds/AOP.HO.4.0-00571-WAIPIO_E-1_20231026_070056/b/HY11_1/aop_proc/core/settings/pmic/config/netrani/pm_config_dep.o	#SHT_PROGBITS,SHF_MERGE|SHF_STRINGS,1
	0x7dd		
.debug_str	0x33c5	0x12	/local/mnt/workspace/CRMBuilds/AOP.HO.4.0-00571-WAIPIO_E-1_20231026_070056/b/HY11_1/aop_proc/core/settings/pmic/config/netrani/pm_config_dep.o	#SHT_PROGBITS,SHF_MERGE|SHF_STRINGS,1
	0x7e6		
.debug_str	0x33d7	0x12	/local/mnt/workspace/CRMBuilds/AOP.HO.4.0-00571-WAIPIO_E-1_20231026_070056/b/HY11_1/aop_proc/core/settings/pmic/config/netrani/pm_config_dep.o	#SHT_PROGBITS,SHF_MERGE|SHF_STRINGS,1
	0x7f8		
.debug_str	0x33e9	0x12	/local/mnt/workspace/CRMBuilds/AOP.HO.4.0-00571-WAIPIO_E-1_20231026_070056/b/HY11_1/aop_proc/core/settings/pmic/config/netrani/pm_config_dep.o	#SHT_PROGBITS,SHF_MERGE|SHF_STRINGS,1
	0x80a		
.debug_str	0x33fb	0x12	/local/mnt/workspace/CRMBuilds/AOP.HO.4.0-00571-WAIPIO_E-1_20231026_070056/b/HY11_1/aop_proc/core/settings/pmic/config/netrani/pm_config_dep.o	#SHT_PROGBITS,SHF_MERGE|SHF_STRINGS,1
	0x81c		
.debug_str	0x340d	0x11	/local/mnt/workspace/CRMBuilds/AOP.HO.4.0-00571-WAIPIO_E-1_20231026_070056/b/HY11_1/aop_proc/core/settings/pmic/config/netrani/pm_config_dep.o	#SHT_PROGBITS,SHF_MERGE|SHF_STRINGS,1
	0x82e		
.debug_str	0x341e	0x7	/local/mnt/workspace/CRMBuilds/AOP.HO.4.0-00571-WAIPIO_E-1_20231026_070056/b/HY11_1/aop_proc/core/settings/pmic/config/netrani/pm_config_dep.o	#SHT_PROGBITS,SHF_MERGE|SHF_STRINGS,1
	0x83f		
.debug_str	0x3425	0x7	/local/mnt/workspace/CRMBuilds/AOP.HO.4.0-00571-WAIPIO_E-1_20231026_070056/b/HY11_1/aop_proc/core/settings/pmic/config/netrani/pm_config_dep.o	#SHT_PROGBITS,SHF_MERGE|SHF_STRINGS,1
	0x846		
.debug_str	0x342c	0x6	/local/mnt/workspace/CRMBuilds/AOP.HO.4.0-00571-WAIPIO_E-1_20231026_070056/b/HY11_1/aop_proc/core/settings/pmic/config/netrani/pm_config_dep.o	#SHT_PROGBITS,SHF_MERGE|SHF_STRINGS,1
	0x84d		
.debug_str	0x3432	0x7	/local/mnt/workspace/CRMBuilds/AOP.HO.4.0-00571-WAIPIO_E-1_20231026_070056/b/HY11_1/aop_proc/core/settings/pmic/config/netrani/pm_config_dep.o	#SHT_PROGBITS,SHF_MERGE|SHF_STRINGS,1
	0x853		
.debug_str	0x3439	0x6	/local/mnt/workspace/CRMBuilds/AOP.HO.4.0-00571-WAIPIO_E-1_20231026_070056/b/HY11_1/aop_proc/core/settings/pmic/config/netrani/pm_config_dep.o	#SHT_PROGBITS,SHF_MERGE|SHF_STRINGS,1
	0x85a		
.debug_str	0x343f	0x6	/local/mnt/workspace/CRMBuilds/AOP.HO.4.0-00571-WAIPIO_E-1_20231026_070056/b/HY11_1/aop_proc/core/settings/pmic/config/netrani/pm_config_dep.o	#SHT_PROGBITS,SHF_MERGE|SHF_STRINGS,1
	0x860		
.debug_str	0x3445	0x6	/local/mnt/workspace/CRMBuilds/AOP.HO.4.0-00571-WAIPIO_E-1_20231026_070056/b/HY11_1/aop_proc/core/settings/pmic/config/netrani/pm_config_dep.o	#SHT_PROGBITS,SHF_MERGE|SHF_STRINGS,1
	0x866		
.debug_str	0x344b	0x6	/local/mnt/workspace/CRMBuilds/AOP.HO.4.0-00571-WAIPIO_E-1_20231026_070056/b/HY11_1/aop_proc/core/settings/pmic/config/netrani/pm_config_dep.o	#SHT_PROGBITS,SHF_MERGE|SHF_STRINGS,1
	0x86c		
.debug_str	0x3451	0x7c	/local/mnt/workspace/CRMBuilds/AOP.HO.4.0-00571-WAIPIO_E-1_20231026_070056/b/HY11_1/aop_proc/core/bsp/aop/src/devcfg_main.o	#SHT_PROGBITS,SHF_MERGE|SHF_STRINGS,1
	0x872		
.debug_str	0x34cd	0xf	/local/mnt/workspace/CRMBuilds/AOP.HO.4.0-00571-WAIPIO_E-1_20231026_070056/b/HY11_1/aop_proc/core/bsp/aop/src/devcfg_main.o	#SHT_PROGBITS,SHF_MERGE|SHF_STRINGS,1
	0x8ee		
.debug_str	0x34dc	0x5	/local/mnt/workspace/CRMBuilds/AOP.HO.4.0-00571-WAIPIO_E-1_20231026_070056/b/HY11_1/aop_proc/core/bsp/aop/src/devcfg_main.o	#SHT_PROGBITS,SHF_MERGE|SHF_STRINGS,1
	0x8fd		
.debug_str	0x34e1	0x4	/local/mnt/workspace/CRMBuilds/AOP.HO.4.0-00571-WAIPIO_E-1_20231026_070056/b/HY11_1/aop_proc/core/bsp/aop/src/devcfg_main.o	#SHT_PROGBITS,SHF_MERGE|SHF_STRINGS,1
	0x902		
.debug_str	0x34e5	0x87	/local/mnt/workspace/CRMBuilds/AOP.HO.4.0-00571-WAIPIO_E-1_20231026_070056/b/HY11_1/aop_proc/core/bsp/aop/build/aop_settings_autogen.o	#SHT_PROGBITS,SHF_MERGE|SHF_STRINGS,1
	0x906		
.debug_str	0x356c	0xe	/local/mnt/workspace/CRMBuilds/AOP.HO.4.0-00571-WAIPIO_E-1_20231026_070056/b/HY11_1/aop_proc/core/bsp/aop/build/aop_settings_autogen.o	#SHT_PROGBITS,SHF_MERGE|SHF_STRINGS,1
	0x98d		
.debug_str	0x357a	0x8	/local/mnt/workspace/CRMBuilds/AOP.HO.4.0-00571-WAIPIO_E-1_20231026_070056/b/HY11_1/aop_proc/core/bsp/aop/build/aop_settings_autogen.o	#SHT_PROGBITS,SHF_MERGE|SHF_STRINGS,1
	0x99b		
.debug_str	0x3582	0x9	/local/mnt/workspace/CRMBuilds/AOP.HO.4.0-00571-WAIPIO_E-1_20231026_070056/b/HY11_1/aop_proc/core/bsp/aop/build/aop_settings_autogen.o	#SHT_PROGBITS,SHF_MERGE|SHF_STRINGS,1
	0x9a3		
.debug_str	0x358b	0x10	/local/mnt/workspace/CRMBuilds/AOP.HO.4.0-00571-WAIPIO_E-1_20231026_070056/b/HY11_1/aop_proc/core/bsp/aop/build/aop_settings_autogen.o	#SHT_PROGBITS,SHF_MERGE|SHF_STRINGS,1
	0x9ac		
.debug_str	0x359b	0xd	/local/mnt/workspace/CRMBuilds/AOP.HO.4.0-00571-WAIPIO_E-1_20231026_070056/b/HY11_1/aop_proc/core/bsp/aop/build/aop_settings_autogen.o	#SHT_PROGBITS,SHF_MERGE|SHF_STRINGS,1
	0x9bc		
.debug_str	0x35a8	0xd	/local/mnt/workspace/CRMBuilds/AOP.HO.4.0-00571-WAIPIO_E-1_20231026_070056/b/HY11_1/aop_proc/core/bsp/aop/build/aop_settings_autogen.o	#SHT_PROGBITS,SHF_MERGE|SHF_STRINGS,1
	0x9c9		
.debug_str	0x35b5	0x11	/local/mnt/workspace/CRMBuilds/AOP.HO.4.0-00571-WAIPIO_E-1_20231026_070056/b/HY11_1/aop_proc/core/bsp/aop/build/aop_settings_autogen.o	#SHT_PROGBITS,SHF_MERGE|SHF_STRINGS,1
	0x9d6		
.debug_str	0x35c6	0x8	/local/mnt/workspace/CRMBuilds/AOP.HO.4.0-00571-WAIPIO_E-1_20231026_070056/b/HY11_1/aop_proc/core/bsp/aop/build/aop_settings_autogen.o	#SHT_PROGBITS,SHF_MERGE|SHF_STRINGS,1
	0x9e7		
.debug_str	0x35ce	0xa	/local/mnt/workspace/CRMBuilds/AOP.HO.4.0-00571-WAIPIO_E-1_20231026_070056/b/HY11_1/aop_proc/core/bsp/aop/build/aop_settings_autogen.o	#SHT_PROGBITS,SHF_MERGE|SHF_STRINGS,1
	0x9ef		
.debug_str	0x35d8	0x15	/local/mnt/workspace/CRMBuilds/AOP.HO.4.0-00571-WAIPIO_E-1_20231026_070056/b/HY11_1/aop_proc/core/bsp/aop/build/aop_settings_autogen.o	#SHT_PROGBITS,SHF_MERGE|SHF_STRINGS,1
	0x9f9		
.debug_str	0x35ed	0x6	/local/mnt/workspace/CRMBuilds/AOP.HO.4.0-00571-WAIPIO_E-1_20231026_070056/b/HY11_1/aop_proc/core/bsp/aop/build/aop_settings_autogen.o	#SHT_PROGBITS,SHF_MERGE|SHF_STRINGS,1
	0xa0e		
.debug_str	0x35f3	0xe	/local/mnt/workspace/CRMBuilds/AOP.HO.4.0-00571-WAIPIO_E-1_20231026_070056/b/HY11_1/aop_proc/core/bsp/aop/build/aop_settings_autogen.o	#SHT_PROGBITS,SHF_MERGE|SHF_STRINGS,1
	0xa14		
.debug_str	0x3601	0xf	/local/mnt/workspace/CRMBuilds/AOP.HO.4.0-00571-WAIPIO_E-1_20231026_070056/b/HY11_1/aop_proc/core/bsp/aop/build/aop_settings_autogen.o	#SHT_PROGBITS,SHF_MERGE|SHF_STRINGS,1
	0xa22		
.debug_str	0x3610	0x9	/local/mnt/workspace/CRMBuilds/AOP.HO.4.0-00571-WAIPIO_E-1_20231026_070056/b/HY11_1/aop_proc/core/bsp/aop/build/aop_settings_autogen.o	#SHT_PROGBITS,SHF_MERGE|SHF_STRINGS,1
	0xa31		
.debug_str	0x3619	0xc	/local/mnt/workspace/CRMBuilds/AOP.HO.4.0-00571-WAIPIO_E-1_20231026_070056/b/HY11_1/aop_proc/core/bsp/aop/build/aop_settings_autogen.o	#SHT_PROGBITS,SHF_MERGE|SHF_STRINGS,1
	0xa3a		
.debug_str	0x3625	0x7	/local/mnt/workspace/CRMBuilds/AOP.HO.4.0-00571-WAIPIO_E-1_20231026_070056/b/HY11_1/aop_proc/core/bsp/aop/build/aop_settings_autogen.o	#SHT_PROGBITS,SHF_MERGE|SHF_STRINGS,1
	0xa46		
.debug_str	0x362c	0x11	/local/mnt/workspace/CRMBuilds/AOP.HO.4.0-00571-WAIPIO_E-1_20231026_070056/b/HY11_1/aop_proc/core/bsp/aop/build/aop_settings_autogen.o	#SHT_PROGBITS,SHF_MERGE|SHF_STRINGS,1
	0xa4d		
.debug_str	0x363d	0x12	/local/mnt/workspace/CRMBuilds/AOP.HO.4.0-00571-WAIPIO_E-1_20231026_070056/b/HY11_1/aop_proc/core/bsp/aop/build/aop_settings_autogen.o	#SHT_PROGBITS,SHF_MERGE|SHF_STRINGS,1
	0xa5e		

.comment	0x364f	0x4e # Offset: 0x364f, Alignment: 0x1
*(.comment) #Rule 20, Internal-LinkerScript (Implicit rule inserted by Linker) [0:0]
.comment	0x364f	0x1	/local/mnt/workspace/CRMBuilds/AOP.HO.4.0-00571-WAIPIO_E-1_20231026_070056/b/HY11_1/aop_proc/core/settings/pmic/config/netrani/pm_config_target.o	#SHT_PROGBITS,SHF_MERGE|SHF_STRINGS,1
.comment	0x3650	0x24	/local/mnt/workspace/CRMBuilds/AOP.HO.4.0-00571-WAIPIO_E-1_20231026_070056/b/HY11_1/aop_proc/core/settings/pmic/config/netrani/pm_config_target.o	#SHT_PROGBITS,SHF_MERGE|SHF_STRINGS,1
.comment	0x3674	0x29	Linker Version	#SHT_PROGBITS,SHF_MERGE|SHF_STRINGS,1

.note.GNU-stack	0x369d	0x0 # Offset: 0x369d, Alignment: 0x1
*(.note.GNU-stack) #Rule 21, Internal-LinkerScript (Implicit rule inserted by Linker) [0:0]

.debug_line	0x369d	0x4f9 # Offset: 0x369d, Alignment: 0x1
*(.debug_line) #Rule 22, Internal-LinkerScript (Implicit rule inserted by Linker) [0:0]
.debug_line	0x369d	0x18c	/local/mnt/workspace/CRMBuilds/AOP.HO.4.0-00571-WAIPIO_E-1_20231026_070056/b/HY11_1/aop_proc/core/settings/pmic/config/netrani/pm_config_target.o	#SHT_PROGBITS,,1
.debug_line	0x3829	0x16e	/local/mnt/workspace/CRMBuilds/AOP.HO.4.0-00571-WAIPIO_E-1_20231026_070056/b/HY11_1/aop_proc/core/settings/pmic/config/netrani/pm_config_dep.o	#SHT_PROGBITS,,1
.debug_line	0x3997	0xb4	/local/mnt/workspace/CRMBuilds/AOP.HO.4.0-00571-WAIPIO_E-1_20231026_070056/b/HY11_1/aop_proc/core/bsp/aop/src/devcfg_main.o	#SHT_PROGBITS,,1
.debug_line	0x3a4b	0x14b	/local/mnt/workspace/CRMBuilds/AOP.HO.4.0-00571-WAIPIO_E-1_20231026_070056/b/HY11_1/aop_proc/core/bsp/aop/build/aop_settings_autogen.o	#SHT_PROGBITS,,1

.debug_frame	0x3b98	0x48 # Offset: 0x3b98, Alignment: 0x4
*(.debug_frame) #Rule 23, Internal-LinkerScript (Implicit rule inserted by Linker) [0:0]
.debug_frame	0x3b98	0x28	/local/mnt/workspace/CRMBuilds/AOP.HO.4.0-00571-WAIPIO_E-1_20231026_070056/b/HY11_1/aop_proc/core/bsp/aop/src/devcfg_main.o	#SHT_PROGBITS,,4
.debug_frame	0x3bc0	0x20	/local/mnt/workspace/CRMBuilds/AOP.HO.4.0-00571-WAIPIO_E-1_20231026_070056/b/HY11_1/aop_proc/core/bsp/aop/build/aop_settings_autogen.o	#SHT_PROGBITS,,4

/DISCARD/	0x808a1fd0	0x0 # Offset: 0x3be0, LMA: 0x0, Alignment: 0x1, Segments : [ AOPSS_DEVCFG_CODE ]
*(.ARM.extab*) #Rule 13, /local/mnt/workspace/CRMBuilds/AOP.HO.4.0-00571-WAIPIO_E-1_20231026_070056/b/HY11_1/aop_proc/core/bsp/aop/build/AOP_AAAAANAZO_devcfg.scl [8:0]
*(.ARM.exid*) #Rule 14, /local/mnt/workspace/CRMBuilds/AOP.HO.4.0-00571-WAIPIO_E-1_20231026_070056/b/HY11_1/aop_proc/core/bsp/aop/build/AOP_AAAAANAZO_devcfg.scl [11:0]
*(.got) #Rule 15, /local/mnt/workspace/CRMBuilds/AOP.HO.4.0-00571-WAIPIO_E-1_20231026_070056/b/HY11_1/aop_proc/core/bsp/aop/build/AOP_AAAAANAZO_devcfg.scl [1:0]
*(/DISCARD/) #Rule 16, Internal-LinkerScript (Implicit rule inserted by Linker) [0:0]

.shstrtab	0x3be0	0xca # Offset: 0x3be0, Alignment: 0x1

.symtab	0x3cac	0x1660 # Offset: 0x3cac, Alignment: 0x4

.strtab	0x530c	0x856 # Offset: 0x530c, Alignment: 0x1
