# Linker from Snapdragon LLVM ARM Compiler Version 12.0.3
# Linker based on LLVM version: 12.0
# Notable linker command/script options:
# CPU Architecture Version: 
# Target triple environment for the link: gnueabi
# Maximum GP size: 8
# Link type: Static
# ABI Page Size: 0x4
# CommandLine : /pkg/qct/software/llvm/release/arm/12.0.3/bin/../bin/ld.qcld -EL -X --eh-frame-hdr -m armelf_linux_eabi -dynamic-linker /lib/ld-linux.so.3 -o /local/mnt/workspace/CRMBuilds/AOP.HO.4.0-00571-WAIPIO_E-1_20231026_070056/b/HY11_1/aop_proc/core/bsp/aop/build/AOP_AAAAANAZO_devcfg.elf -static -Map /local/mnt/workspace/CRMBuilds/AOP.HO.4.0-00571-WAIPIO_E-1_20231026_070056/b/HY11_1/aop_proc/core/bsp/aop/build/AOP_AAAAANAZO_devcfg.map -T /local/mnt/workspace/CRMBuilds/AOP.HO.4.0-00571-WAIPIO_E-1_20231026_070056/b/HY11_1/aop_proc/core/bsp/aop/build/AOP_AAAAANAZO_devcfg.scl --gc-sections --symdef-file /local/mnt/workspace/CRMBuilds/AOP.HO.4.0-00571-WAIPIO_E-1_20231026_070056/b/HY11_1/aop_proc/core/bsp/aop/build/AOP_AAAAANAZO_devcfg.sym --start-group /local/mnt/workspace/CRMBuilds/AOP.HO.4.0-00571-WAIPIO_E-1_20231026_070056/b/HY11_1/aop_proc/core/settings/pmic/config/fillmore/pm_config_target.o /local/mnt/workspace/CRMBuilds/AOP.HO.4.0-00571-WAIPIO_E-1_20231026_070056/b/HY11_1/aop_proc/core/settings/pmic/config/fillmore/pm_config_dep.o /local/mnt/workspace/CRMBuilds/AOP.HO.4.0-00571-WAIPIO_E-1_20231026_070056/b/HY11_1/aop_proc/core/bsp/aop/src/devcfg_main.o /local/mnt/workspace/CRMBuilds/AOP.HO.4.0-00571-WAIPIO_E-1_20231026_070056/b/HY11_1/aop_proc/core/bsp/aop/build/aop_settings_autogen.o --end-group --wrap malloc --wrap free --wrap realloc --wrap calloc -L/pkg/qct/software/llvm/release/arm/12.0.3/bin/../armv7m-none-eabi/libc/lib -L/pkg/qct/software/llvm/release/arm/12.0.3/bin/../armv7m-none-eabi/lib --start-group -lunwind -lc++ -lc++abi --end-group -L/pkg/qct/software/llvm/release/arm/12.0.3/lib/clang/12.0.3/lib/baremetal --start-group -lc -lclang_rt.builtins-armv7m --end-group /pkg/qct/software/llvm/release/arm/12.0.3/bin/../armv7m-none-eabi/libc/lib/crt1.o -lm -lc 
# LinkStats Begin
# ObjectFiles : 9
# LinkerScripts : 2
# ArchiveFiles : 7
# GroupTraversals : 9
# SectionsGarbageCollected : 41
# NumLinkerScriptRules : 11
# NumOutputSections : 15
# NumOrphans : 11
# NoRuleMatches : 7
# LinkStats End
Archive member included because of file (symbol)
/pkg/qct/software/llvm/release/arm/12.0.3/bin/../armv7m-none-eabi/libc/lib/libc.a(__libc_start_main.o)
		/pkg/qct/software/llvm/release/arm/12.0.3/bin/../armv7m-none-eabi/libc/lib/crt1.o (__libc_start_main)
/pkg/qct/software/llvm/release/arm/12.0.3/bin/../armv7m-none-eabi/libc/lib/libc.a(exit.o)
		/pkg/qct/software/llvm/release/arm/12.0.3/bin/../armv7m-none-eabi/libc/lib/libc.a(__libc_start_main.o) (exit)
/pkg/qct/software/llvm/release/arm/12.0.3/bin/../armv7m-none-eabi/libc/lib/libc.a(memset_nofp_armv7.o)
		/pkg/qct/software/llvm/release/arm/12.0.3/bin/../armv7m-none-eabi/libc/lib/libc.a(__libc_start_main.o) (memset)
/pkg/qct/software/llvm/release/arm/12.0.3/bin/../armv7m-none-eabi/libc/lib/libc.a(_Exit.o)
		/pkg/qct/software/llvm/release/arm/12.0.3/bin/../armv7m-none-eabi/libc/lib/libc.a(exit.o) (_Exit)

Linker Script and memory map
START GROUP
LOAD /local/mnt/workspace/CRMBuilds/AOP.HO.4.0-00571-WAIPIO_E-1_20231026_070056/b/HY11_1/aop_proc/core/settings/pmic/config/fillmore/pm_config_target.o[arm]
LOAD /local/mnt/workspace/CRMBuilds/AOP.HO.4.0-00571-WAIPIO_E-1_20231026_070056/b/HY11_1/aop_proc/core/settings/pmic/config/fillmore/pm_config_dep.o[arm]
LOAD /local/mnt/workspace/CRMBuilds/AOP.HO.4.0-00571-WAIPIO_E-1_20231026_070056/b/HY11_1/aop_proc/core/bsp/aop/src/devcfg_main.o[arm]
LOAD /local/mnt/workspace/CRMBuilds/AOP.HO.4.0-00571-WAIPIO_E-1_20231026_070056/b/HY11_1/aop_proc/core/bsp/aop/build/aop_settings_autogen.o[arm]
END GROUP
START GROUP
END GROUP
START GROUP
END GROUP
LOAD /pkg/qct/software/llvm/release/arm/12.0.3/bin/../armv7m-none-eabi/libc/lib/crt1.o[arm]
LOAD /pkg/qct/software/llvm/release/arm/12.0.3/bin/../armv7m-none-eabi/libc/lib/libc.a(__libc_start_main.o)[arm]
LOAD /pkg/qct/software/llvm/release/arm/12.0.3/bin/../armv7m-none-eabi/libc/lib/libc.a(exit.o)[arm]
LOAD /pkg/qct/software/llvm/release/arm/12.0.3/bin/../armv7m-none-eabi/libc/lib/libc.a(memset_nofp_armv7.o)[arm]
LOAD /pkg/qct/software/llvm/release/arm/12.0.3/bin/../armv7m-none-eabi/libc/lib/libc.a(_Exit.o)[arm]

Linker scripts used (including INCLUDE command)
/local/mnt/workspace/CRMBuilds/AOP.HO.4.0-00571-WAIPIO_E-1_20231026_070056/b/HY11_1/aop_proc/core/bsp/aop/build/AOP_AAAAANAZO_devcfg.scl
Linker Plugin Information
Linker Plugin Run Information

# Output Section and Layout 

AOPSS_DEVCFG_DATA_TOP	0x80880000	0xc # Offset: 0x74, LMA: 0x80880000, Alignment: 0x4, Segments : [ AOPSS_DEVCFG_DATA ]
*(aop_devcfg_top_sec) #Rule 1, /local/mnt/workspace/CRMBuilds/AOP.HO.4.0-00571-WAIPIO_E-1_20231026_070056/b/HY11_1/aop_proc/core/bsp/aop/build/AOP_AAAAANAZO_devcfg.scl [1:0]
aop_devcfg_top_sec	0x80880000	0xc	/local/mnt/workspace/CRMBuilds/AOP.HO.4.0-00571-WAIPIO_E-1_20231026_070056/b/HY11_1/aop_proc/core/bsp/aop/build/aop_settings_autogen.o	#SHT_PROGBITS,SHF_ALLOC|SHF_WRITE,4
	0x80880000		aop_devcfg_top
*(AOPSS_DEVCFG_DATA_TOP) #Rule 2, Internal-LinkerScript (Implicit rule inserted by Linker) [0:0]

AOPSS_DEVCFG_DATA_REST	0x8088000c	0x1880 # Offset: 0x80, LMA: 0x8088000c, Alignment: 0x4, Segments : [ AOPSS_DEVCFG_DATA ]
*(.data .data*) #Rule 3, /local/mnt/workspace/CRMBuilds/AOP.HO.4.0-00571-WAIPIO_E-1_20231026_070056/b/HY11_1/aop_proc/core/bsp/aop/build/AOP_AAAAANAZO_devcfg.scl [18:0]
.data.num_of_target_rsrc	0x8088000c	0x4	/local/mnt/workspace/CRMBuilds/AOP.HO.4.0-00571-WAIPIO_E-1_20231026_070056/b/HY11_1/aop_proc/core/settings/pmic/config/fillmore/pm_config_target.o	#SHT_PROGBITS,SHF_ALLOC|SHF_WRITE,4
	0x8088000c		num_of_target_rsrc
.data.num_of_pstm_seq	0x80880010	0x38	/local/mnt/workspace/CRMBuilds/AOP.HO.4.0-00571-WAIPIO_E-1_20231026_070056/b/HY11_1/aop_proc/core/settings/pmic/config/fillmore/pm_config_target.o	#SHT_PROGBITS,SHF_ALLOC|SHF_WRITE,4
	0x80880010		num_of_pstm_seq
.data.num_of_ldo	0x80880048	0x38	/local/mnt/workspace/CRMBuilds/AOP.HO.4.0-00571-WAIPIO_E-1_20231026_070056/b/HY11_1/aop_proc/core/settings/pmic/config/fillmore/pm_config_target.o	#SHT_PROGBITS,SHF_ALLOC|SHF_WRITE,4
	0x80880048		num_of_ldo
.data.num_of_smps	0x80880080	0x38	/local/mnt/workspace/CRMBuilds/AOP.HO.4.0-00571-WAIPIO_E-1_20231026_070056/b/HY11_1/aop_proc/core/settings/pmic/config/fillmore/pm_config_target.o	#SHT_PROGBITS,SHF_ALLOC|SHF_WRITE,4
	0x80880080		num_of_smps
.data.num_of_bob	0x808800b8	0x38	/local/mnt/workspace/CRMBuilds/AOP.HO.4.0-00571-WAIPIO_E-1_20231026_070056/b/HY11_1/aop_proc/core/settings/pmic/config/fillmore/pm_config_target.o	#SHT_PROGBITS,SHF_ALLOC|SHF_WRITE,4
	0x808800b8		num_of_bob
.data.pmic_prop_arr	0x808800f0	0xa0	/local/mnt/workspace/CRMBuilds/AOP.HO.4.0-00571-WAIPIO_E-1_20231026_070056/b/HY11_1/aop_proc/core/bsp/aop/build/aop_settings_autogen.o	#SHT_PROGBITS,SHF_ALLOC|SHF_WRITE,4
	0x808800f0		pmic_prop_arr
.data.ddr_prop_arr	0x80880190	0x8	/local/mnt/workspace/CRMBuilds/AOP.HO.4.0-00571-WAIPIO_E-1_20231026_070056/b/HY11_1/aop_proc/core/bsp/aop/build/aop_settings_autogen.o	#SHT_PROGBITS,SHF_ALLOC|SHF_WRITE,4
	0x80880190		ddr_prop_arr
.data.pdc_prop_arr	0x80880198	0x8	/local/mnt/workspace/CRMBuilds/AOP.HO.4.0-00571-WAIPIO_E-1_20231026_070056/b/HY11_1/aop_proc/core/bsp/aop/build/aop_settings_autogen.o	#SHT_PROGBITS,SHF_ALLOC|SHF_WRITE,4
	0x80880198		pdc_prop_arr
.data.prochot_prop_arr	0x808801a0	0x8	/local/mnt/workspace/CRMBuilds/AOP.HO.4.0-00571-WAIPIO_E-1_20231026_070056/b/HY11_1/aop_proc/core/bsp/aop/build/aop_settings_autogen.o	#SHT_PROGBITS,SHF_ALLOC|SHF_WRITE,4
	0x808801a0		prochot_prop_arr
.data.devices	0x808801a8	0x30	/local/mnt/workspace/CRMBuilds/AOP.HO.4.0-00571-WAIPIO_E-1_20231026_070056/b/HY11_1/aop_proc/core/bsp/aop/build/aop_settings_autogen.o	#SHT_PROGBITS,SHF_ALLOC|SHF_WRITE,4
	0x808801a8		devices
*(.bss .bss*) #Rule 4, /local/mnt/workspace/CRMBuilds/AOP.HO.4.0-00571-WAIPIO_E-1_20231026_070056/b/HY11_1/aop_proc/core/bsp/aop/build/AOP_AAAAANAZO_devcfg.scl [6:0]
*(pm_ddr_reclaim_pool) #Rule 5, /local/mnt/workspace/CRMBuilds/AOP.HO.4.0-00571-WAIPIO_E-1_20231026_070056/b/HY11_1/aop_proc/core/bsp/aop/build/AOP_AAAAANAZO_devcfg.scl [2:0]
pm_ddr_reclaim_pool	0x808801d8	0xa9c	/local/mnt/workspace/CRMBuilds/AOP.HO.4.0-00571-WAIPIO_E-1_20231026_070056/b/HY11_1/aop_proc/core/settings/pmic/config/fillmore/pm_config_target.o	#SHT_PROGBITS,SHF_ALLOC|SHF_WRITE,4
	0x808801d8		ldo_rail_b
	0x80880484		ldo_rail_c
	0x80880658		ldo_rail_e
	0x80880754		smps_rail_b
	0x80880874		smps_rail_c
	0x808809dc		smps_rail_e
	0x80880a48		smps_rail_k
	0x80880a6c		smps_rail_l
	0x80880a90		smps_rail_m
	0x80880ab4		bob_rail_c
	0x80880ad8		clk_info_a
	0x80880bd8		target_rsrc_info
	0x80880c44		pstm_a
pm_ddr_reclaim_pool	0x80880c74	0x910	/local/mnt/workspace/CRMBuilds/AOP.HO.4.0-00571-WAIPIO_E-1_20231026_070056/b/HY11_1/aop_proc/core/settings/pmic/config/fillmore/pm_config_dep.o	#SHT_PROGBITS,SHF_ALLOC|SHF_WRITE,4
	0x80880c74		smps1_b_child_dep
	0x80880c98		smps7_b_child_dep
	0x80880cb0		smps8_b_child_dep
	0x80880cbc		smps_dep_b
	0x80880d4c		smps_dep_c
	0x80880dfc		smps1_e_child_dep
	0x80880e04		smps2_e_child_dep
	0x80880e10		smps_dep_e
	0x80880e50		smps_dep_k
	0x80880e70		smps_dep_l
	0x80880e90		smps_dep_m
	0x80880eb0		bob1_c_child_dep
	0x80880edc		bob_dep_c
	0x80880efc		smps_b
	0x80880f44		bob_c
	0x80880f54		ldo_dep_b
	0x80881094		ldo_dep_c
	0x80881174		smps_e
	0x80881194		ldo_dep_e
	0x80881214		clk_dep_a
	0x80881324		smps_c
	0x8088137c		smps_k
	0x8088138c		smps_l
	0x8088139c		smps_m
	0x808813ac		ldo_b
	0x8088144c		ldo_c
	0x808814bc		ldo_e
	0x808814fc		clk_a
*(pm_dram_reclaim_pool) #Rule 6, /local/mnt/workspace/CRMBuilds/AOP.HO.4.0-00571-WAIPIO_E-1_20231026_070056/b/HY11_1/aop_proc/core/bsp/aop/build/AOP_AAAAANAZO_devcfg.scl [2:0]
pm_dram_reclaim_pool	0x80881584	0x110	/local/mnt/workspace/CRMBuilds/AOP.HO.4.0-00571-WAIPIO_E-1_20231026_070056/b/HY11_1/aop_proc/core/settings/pmic/config/fillmore/pm_config_target.o	#SHT_PROGBITS,SHF_ALLOC|SHF_WRITE,4
	0x80881584		ldo_rail
	0x808815bc		smps_rail
	0x808815f4		bob_rail
	0x8088162c		clk_info
	0x80881664		pstm_info
	0x80881690		rpmh_drv_id
pm_dram_reclaim_pool	0x80881694	0x1f8	/local/mnt/workspace/CRMBuilds/AOP.HO.4.0-00571-WAIPIO_E-1_20231026_070056/b/HY11_1/aop_proc/core/settings/pmic/config/fillmore/pm_config_dep.o	#SHT_PROGBITS,SHF_ALLOC|SHF_WRITE,4
	0x80881694		smps_dep
	0x808816cc		ldo_dep
	0x80881704		bob_dep
	0x8088173c		clk_dep
	0x80881774		vs_dep
	0x808817ac		smps_rsrc
	0x808817e4		ldo_rsrc
	0x8088181c		bob_rsrc
	0x80881854		clk_rsrc
KEEP (*\devcfg_main.o(.data*)) #Rule 7, /local/mnt/workspace/CRMBuilds/AOP.HO.4.0-00571-WAIPIO_E-1_20231026_070056/b/HY11_1/aop_proc/core/bsp/aop/build/AOP_AAAAANAZO_devcfg.scl [0:0]
*(AOPSS_DEVCFG_DATA_REST) #Rule 8, Internal-LinkerScript (Implicit rule inserted by Linker) [0:0]
.(0x80882000) = ALIGN(.(0x8088188c), 0x1000); # . = ALIGN(., 0x1000); /local/mnt/workspace/CRMBuilds/AOP.HO.4.0-00571-WAIPIO_E-1_20231026_070056/b/HY11_1/aop_proc/core/bsp/aop/build/AOP_AAAAANAZO_devcfg.scl

AOPSS_DEVCFG_CODE_ALL	0x80882000	0x297 # Offset: 0x1900, LMA: 0x80882000, Alignment: 0x4, Segments : [ AOPSS_DEVCFG_CODE ]
*(InRoot$$Sections .text .text*) #Rule 9, /local/mnt/workspace/CRMBuilds/AOP.HO.4.0-00571-WAIPIO_E-1_20231026_070056/b/HY11_1/aop_proc/core/bsp/aop/build/AOP_AAAAANAZO_devcfg.scl [21:0]
.text.main	0x80882000	0x10	/local/mnt/workspace/CRMBuilds/AOP.HO.4.0-00571-WAIPIO_E-1_20231026_070056/b/HY11_1/aop_proc/core/bsp/aop/src/devcfg_main.o	#SHT_PROGBITS,SHF_ALLOC|SHF_EXECINSTR,4
	0x80882000		$t.0
	0x80882001		main
	0x8088200c		$d.1
.text.aop_settings_init	0x80882010	0x10	/local/mnt/workspace/CRMBuilds/AOP.HO.4.0-00571-WAIPIO_E-1_20231026_070056/b/HY11_1/aop_proc/core/bsp/aop/build/aop_settings_autogen.o	#SHT_PROGBITS,SHF_ALLOC|SHF_EXECINSTR,4
	0x80882010		$t.0
	0x80882011		aop_settings_init
	0x80882018		$d.1
*(.rodata .rodata*) #Rule 10, /local/mnt/workspace/CRMBuilds/AOP.HO.4.0-00571-WAIPIO_E-1_20231026_070056/b/HY11_1/aop_proc/core/bsp/aop/build/AOP_AAAAANAZO_devcfg.scl [2:0]
.rodata.str1.1	0x80882020	0x8	/local/mnt/workspace/CRMBuilds/AOP.HO.4.0-00571-WAIPIO_E-1_20231026_070056/b/HY11_1/aop_proc/core/settings/pmic/config/fillmore/pm_config_target.o	#SHT_PROGBITS,SHF_ALLOC|SHF_MERGE|SHF_STRINGS,1
	0x80882020		.L.str
.rodata.str1.1	0x80882028	0x8	/local/mnt/workspace/CRMBuilds/AOP.HO.4.0-00571-WAIPIO_E-1_20231026_070056/b/HY11_1/aop_proc/core/settings/pmic/config/fillmore/pm_config_target.o	#SHT_PROGBITS,SHF_ALLOC|SHF_MERGE|SHF_STRINGS,1
	0x80882028		.L.str.1
.rodata.str1.1	0x80882030	0x8	/local/mnt/workspace/CRMBuilds/AOP.HO.4.0-00571-WAIPIO_E-1_20231026_070056/b/HY11_1/aop_proc/core/settings/pmic/config/fillmore/pm_config_target.o	#SHT_PROGBITS,SHF_ALLOC|SHF_MERGE|SHF_STRINGS,1
	0x80882030		.L.str.2
.rodata.str1.1	0x80882038	0x9	/local/mnt/workspace/CRMBuilds/AOP.HO.4.0-00571-WAIPIO_E-1_20231026_070056/b/HY11_1/aop_proc/core/settings/pmic/config/fillmore/pm_config_target.o	#SHT_PROGBITS,SHF_ALLOC|SHF_MERGE|SHF_STRINGS,1
	0x80882038		.L.str.3
.rodata.str1.1	0x80882041	0x8	/local/mnt/workspace/CRMBuilds/AOP.HO.4.0-00571-WAIPIO_E-1_20231026_070056/b/HY11_1/aop_proc/core/settings/pmic/config/fillmore/pm_config_target.o	#SHT_PROGBITS,SHF_ALLOC|SHF_MERGE|SHF_STRINGS,1
	0x80882041		.L.str.4
.rodata.str1.1	0x80882049	0x9	/local/mnt/workspace/CRMBuilds/AOP.HO.4.0-00571-WAIPIO_E-1_20231026_070056/b/HY11_1/aop_proc/core/settings/pmic/config/fillmore/pm_config_target.o	#SHT_PROGBITS,SHF_ALLOC|SHF_MERGE|SHF_STRINGS,1
	0x80882049		.L.str.5
.rodata.str1.1	0x80882052	0x6	/local/mnt/workspace/CRMBuilds/AOP.HO.4.0-00571-WAIPIO_E-1_20231026_070056/b/HY11_1/aop_proc/core/settings/pmic/config/fillmore/pm_config_dep.o	#SHT_PROGBITS,SHF_ALLOC|SHF_MERGE|SHF_STRINGS,1
	0x80882052		.L.str
.rodata.str1.1	0x80882058	0x6	/local/mnt/workspace/CRMBuilds/AOP.HO.4.0-00571-WAIPIO_E-1_20231026_070056/b/HY11_1/aop_proc/core/settings/pmic/config/fillmore/pm_config_dep.o	#SHT_PROGBITS,SHF_ALLOC|SHF_MERGE|SHF_STRINGS,1
	0x80882058		.L.str.1
.rodata.str1.1	0x8088205e	0x8	/local/mnt/workspace/CRMBuilds/AOP.HO.4.0-00571-WAIPIO_E-1_20231026_070056/b/HY11_1/aop_proc/core/settings/pmic/config/fillmore/pm_config_dep.o	#SHT_PROGBITS,SHF_ALLOC|SHF_MERGE|SHF_STRINGS,1
	0x8088205e		.L.str.2
.rodata.str1.1	0x80882066	0x6	/local/mnt/workspace/CRMBuilds/AOP.HO.4.0-00571-WAIPIO_E-1_20231026_070056/b/HY11_1/aop_proc/core/settings/pmic/config/fillmore/pm_config_dep.o	#SHT_PROGBITS,SHF_ALLOC|SHF_MERGE|SHF_STRINGS,1
	0x80882066		.L.str.3
.rodata.str1.1	0x8088206c	0x6	/local/mnt/workspace/CRMBuilds/AOP.HO.4.0-00571-WAIPIO_E-1_20231026_070056/b/HY11_1/aop_proc/core/settings/pmic/config/fillmore/pm_config_dep.o	#SHT_PROGBITS,SHF_ALLOC|SHF_MERGE|SHF_STRINGS,1
	0x8088206c		.L.str.4
.rodata.str1.1	0x80882072	0x6	/local/mnt/workspace/CRMBuilds/AOP.HO.4.0-00571-WAIPIO_E-1_20231026_070056/b/HY11_1/aop_proc/core/settings/pmic/config/fillmore/pm_config_dep.o	#SHT_PROGBITS,SHF_ALLOC|SHF_MERGE|SHF_STRINGS,1
	0x80882072		.L.str.5
.rodata.str1.1	0x80882078	0x6	/local/mnt/workspace/CRMBuilds/AOP.HO.4.0-00571-WAIPIO_E-1_20231026_070056/b/HY11_1/aop_proc/core/settings/pmic/config/fillmore/pm_config_dep.o	#SHT_PROGBITS,SHF_ALLOC|SHF_MERGE|SHF_STRINGS,1
	0x80882078		.L.str.6
.rodata.str1.1	0x8088207e	0x6	/local/mnt/workspace/CRMBuilds/AOP.HO.4.0-00571-WAIPIO_E-1_20231026_070056/b/HY11_1/aop_proc/core/settings/pmic/config/fillmore/pm_config_dep.o	#SHT_PROGBITS,SHF_ALLOC|SHF_MERGE|SHF_STRINGS,1
	0x8088207e		.L.str.7
.rodata.str1.1	0x80882084	0x6	/local/mnt/workspace/CRMBuilds/AOP.HO.4.0-00571-WAIPIO_E-1_20231026_070056/b/HY11_1/aop_proc/core/settings/pmic/config/fillmore/pm_config_dep.o	#SHT_PROGBITS,SHF_ALLOC|SHF_MERGE|SHF_STRINGS,1
	0x80882084		.L.str.8
.rodata.str1.1	0x8088208a	0x6	/local/mnt/workspace/CRMBuilds/AOP.HO.4.0-00571-WAIPIO_E-1_20231026_070056/b/HY11_1/aop_proc/core/settings/pmic/config/fillmore/pm_config_dep.o	#SHT_PROGBITS,SHF_ALLOC|SHF_MERGE|SHF_STRINGS,1
	0x8088208a		.L.str.9
.rodata.str1.1	0x80882090	0x6	/local/mnt/workspace/CRMBuilds/AOP.HO.4.0-00571-WAIPIO_E-1_20231026_070056/b/HY11_1/aop_proc/core/settings/pmic/config/fillmore/pm_config_dep.o	#SHT_PROGBITS,SHF_ALLOC|SHF_MERGE|SHF_STRINGS,1
	0x80882090		.L.str.10
.rodata.str1.1	0x80882096	0x6	/local/mnt/workspace/CRMBuilds/AOP.HO.4.0-00571-WAIPIO_E-1_20231026_070056/b/HY11_1/aop_proc/core/settings/pmic/config/fillmore/pm_config_dep.o	#SHT_PROGBITS,SHF_ALLOC|SHF_MERGE|SHF_STRINGS,1
	0x80882096		.L.str.11
.rodata.str1.1	0x8088209c	0x6	/local/mnt/workspace/CRMBuilds/AOP.HO.4.0-00571-WAIPIO_E-1_20231026_070056/b/HY11_1/aop_proc/core/settings/pmic/config/fillmore/pm_config_dep.o	#SHT_PROGBITS,SHF_ALLOC|SHF_MERGE|SHF_STRINGS,1
	0x8088209c		.L.str.12
.rodata.str1.1	0x808820a2	0x6	/local/mnt/workspace/CRMBuilds/AOP.HO.4.0-00571-WAIPIO_E-1_20231026_070056/b/HY11_1/aop_proc/core/settings/pmic/config/fillmore/pm_config_dep.o	#SHT_PROGBITS,SHF_ALLOC|SHF_MERGE|SHF_STRINGS,1
	0x808820a2		.L.str.13
.rodata.str1.1	0x808820a8	0x6	/local/mnt/workspace/CRMBuilds/AOP.HO.4.0-00571-WAIPIO_E-1_20231026_070056/b/HY11_1/aop_proc/core/settings/pmic/config/fillmore/pm_config_dep.o	#SHT_PROGBITS,SHF_ALLOC|SHF_MERGE|SHF_STRINGS,1
	0x808820a8		.L.str.14
.rodata.str1.1	0x808820ae	0x8	/local/mnt/workspace/CRMBuilds/AOP.HO.4.0-00571-WAIPIO_E-1_20231026_070056/b/HY11_1/aop_proc/core/settings/pmic/config/fillmore/pm_config_dep.o	#SHT_PROGBITS,SHF_ALLOC|SHF_MERGE|SHF_STRINGS,1
	0x808820ae		.L.str.15
.rodata.str1.1	0x808820b6	0x6	/local/mnt/workspace/CRMBuilds/AOP.HO.4.0-00571-WAIPIO_E-1_20231026_070056/b/HY11_1/aop_proc/core/settings/pmic/config/fillmore/pm_config_dep.o	#SHT_PROGBITS,SHF_ALLOC|SHF_MERGE|SHF_STRINGS,1
	0x808820b6		.L.str.16
.rodata.str1.1	0x808820bc	0x6	/local/mnt/workspace/CRMBuilds/AOP.HO.4.0-00571-WAIPIO_E-1_20231026_070056/b/HY11_1/aop_proc/core/settings/pmic/config/fillmore/pm_config_dep.o	#SHT_PROGBITS,SHF_ALLOC|SHF_MERGE|SHF_STRINGS,1
	0x808820bc		.L.str.17
.rodata.str1.1	0x808820c2	0x8	/local/mnt/workspace/CRMBuilds/AOP.HO.4.0-00571-WAIPIO_E-1_20231026_070056/b/HY11_1/aop_proc/core/settings/pmic/config/fillmore/pm_config_dep.o	#SHT_PROGBITS,SHF_ALLOC|SHF_MERGE|SHF_STRINGS,1
	0x808820c2		.L.str.18
.rodata.str1.1	0x808820ca	0x6	/local/mnt/workspace/CRMBuilds/AOP.HO.4.0-00571-WAIPIO_E-1_20231026_070056/b/HY11_1/aop_proc/core/settings/pmic/config/fillmore/pm_config_dep.o	#SHT_PROGBITS,SHF_ALLOC|SHF_MERGE|SHF_STRINGS,1
	0x808820ca		.L.str.19
.rodata.str1.1	0x808820d0	0x9	/local/mnt/workspace/CRMBuilds/AOP.HO.4.0-00571-WAIPIO_E-1_20231026_070056/b/HY11_1/aop_proc/core/settings/pmic/config/fillmore/pm_config_dep.o	#SHT_PROGBITS,SHF_ALLOC|SHF_MERGE|SHF_STRINGS,1
	0x808820d0		.L.str.20
.rodata.str1.1	0x808820d9	0x6	/local/mnt/workspace/CRMBuilds/AOP.HO.4.0-00571-WAIPIO_E-1_20231026_070056/b/HY11_1/aop_proc/core/settings/pmic/config/fillmore/pm_config_dep.o	#SHT_PROGBITS,SHF_ALLOC|SHF_MERGE|SHF_STRINGS,1
	0x808820d9		.L.str.21
.rodata.str1.1	0x808820df	0x8	/local/mnt/workspace/CRMBuilds/AOP.HO.4.0-00571-WAIPIO_E-1_20231026_070056/b/HY11_1/aop_proc/core/settings/pmic/config/fillmore/pm_config_dep.o	#SHT_PROGBITS,SHF_ALLOC|SHF_MERGE|SHF_STRINGS,1
	0x808820df		.L.str.22
.rodata.str1.1	0x808820e7	0x6	/local/mnt/workspace/CRMBuilds/AOP.HO.4.0-00571-WAIPIO_E-1_20231026_070056/b/HY11_1/aop_proc/core/settings/pmic/config/fillmore/pm_config_dep.o	#SHT_PROGBITS,SHF_ALLOC|SHF_MERGE|SHF_STRINGS,1
	0x808820e7		.L.str.23
.rodata.str1.1	0x808820ed	0x6	/local/mnt/workspace/CRMBuilds/AOP.HO.4.0-00571-WAIPIO_E-1_20231026_070056/b/HY11_1/aop_proc/core/settings/pmic/config/fillmore/pm_config_dep.o	#SHT_PROGBITS,SHF_ALLOC|SHF_MERGE|SHF_STRINGS,1
	0x808820ed		.L.str.24
.rodata.str1.1	0x808820f3	0x7	/local/mnt/workspace/CRMBuilds/AOP.HO.4.0-00571-WAIPIO_E-1_20231026_070056/b/HY11_1/aop_proc/core/settings/pmic/config/fillmore/pm_config_dep.o	#SHT_PROGBITS,SHF_ALLOC|SHF_MERGE|SHF_STRINGS,1
	0x808820f3		.L.str.25
.rodata.str1.1	0x808820fa	0x6	/local/mnt/workspace/CRMBuilds/AOP.HO.4.0-00571-WAIPIO_E-1_20231026_070056/b/HY11_1/aop_proc/core/settings/pmic/config/fillmore/pm_config_dep.o	#SHT_PROGBITS,SHF_ALLOC|SHF_MERGE|SHF_STRINGS,1
	0x808820fa		.L.str.26
.rodata.str1.1	0x80882100	0x7	/local/mnt/workspace/CRMBuilds/AOP.HO.4.0-00571-WAIPIO_E-1_20231026_070056/b/HY11_1/aop_proc/core/settings/pmic/config/fillmore/pm_config_dep.o	#SHT_PROGBITS,SHF_ALLOC|SHF_MERGE|SHF_STRINGS,1
	0x80882100		.L.str.27
.rodata.str1.1	0x80882107	0x7	/local/mnt/workspace/CRMBuilds/AOP.HO.4.0-00571-WAIPIO_E-1_20231026_070056/b/HY11_1/aop_proc/core/settings/pmic/config/fillmore/pm_config_dep.o	#SHT_PROGBITS,SHF_ALLOC|SHF_MERGE|SHF_STRINGS,1
	0x80882107		.L.str.28
.rodata.str1.1	0x8088210e	0x6	/local/mnt/workspace/CRMBuilds/AOP.HO.4.0-00571-WAIPIO_E-1_20231026_070056/b/HY11_1/aop_proc/core/settings/pmic/config/fillmore/pm_config_dep.o	#SHT_PROGBITS,SHF_ALLOC|SHF_MERGE|SHF_STRINGS,1
	0x8088210e		.L.str.29
.rodata.str1.1	0x80882114	0x6	/local/mnt/workspace/CRMBuilds/AOP.HO.4.0-00571-WAIPIO_E-1_20231026_070056/b/HY11_1/aop_proc/core/settings/pmic/config/fillmore/pm_config_dep.o	#SHT_PROGBITS,SHF_ALLOC|SHF_MERGE|SHF_STRINGS,1
	0x80882114		.L.str.30
.rodata.str1.1	0x8088211a	0x6	/local/mnt/workspace/CRMBuilds/AOP.HO.4.0-00571-WAIPIO_E-1_20231026_070056/b/HY11_1/aop_proc/core/settings/pmic/config/fillmore/pm_config_dep.o	#SHT_PROGBITS,SHF_ALLOC|SHF_MERGE|SHF_STRINGS,1
	0x8088211a		.L.str.31
.rodata.str1.1	0x80882120	0x6	/local/mnt/workspace/CRMBuilds/AOP.HO.4.0-00571-WAIPIO_E-1_20231026_070056/b/HY11_1/aop_proc/core/settings/pmic/config/fillmore/pm_config_dep.o	#SHT_PROGBITS,SHF_ALLOC|SHF_MERGE|SHF_STRINGS,1
	0x80882120		.L.str.32
.rodata.str1.1	0x80882126	0x6	/local/mnt/workspace/CRMBuilds/AOP.HO.4.0-00571-WAIPIO_E-1_20231026_070056/b/HY11_1/aop_proc/core/settings/pmic/config/fillmore/pm_config_dep.o	#SHT_PROGBITS,SHF_ALLOC|SHF_MERGE|SHF_STRINGS,1
	0x80882126		.L.str.33
.rodata.str1.1	0x8088212c	0x6	/local/mnt/workspace/CRMBuilds/AOP.HO.4.0-00571-WAIPIO_E-1_20231026_070056/b/HY11_1/aop_proc/core/settings/pmic/config/fillmore/pm_config_dep.o	#SHT_PROGBITS,SHF_ALLOC|SHF_MERGE|SHF_STRINGS,1
	0x8088212c		.L.str.34
.rodata.str1.1	0x80882132	0x6	/local/mnt/workspace/CRMBuilds/AOP.HO.4.0-00571-WAIPIO_E-1_20231026_070056/b/HY11_1/aop_proc/core/settings/pmic/config/fillmore/pm_config_dep.o	#SHT_PROGBITS,SHF_ALLOC|SHF_MERGE|SHF_STRINGS,1
	0x80882132		.L.str.35
.rodata.str1.1	0x80882138	0x8	/local/mnt/workspace/CRMBuilds/AOP.HO.4.0-00571-WAIPIO_E-1_20231026_070056/b/HY11_1/aop_proc/core/settings/pmic/config/fillmore/pm_config_dep.o	#SHT_PROGBITS,SHF_ALLOC|SHF_MERGE|SHF_STRINGS,1
	0x80882138		.L.str.36
.rodata.str1.1	0x80882140	0x6	/local/mnt/workspace/CRMBuilds/AOP.HO.4.0-00571-WAIPIO_E-1_20231026_070056/b/HY11_1/aop_proc/core/settings/pmic/config/fillmore/pm_config_dep.o	#SHT_PROGBITS,SHF_ALLOC|SHF_MERGE|SHF_STRINGS,1
	0x80882140		.L.str.37
.rodata.str1.1	0x80882146	0x8	/local/mnt/workspace/CRMBuilds/AOP.HO.4.0-00571-WAIPIO_E-1_20231026_070056/b/HY11_1/aop_proc/core/settings/pmic/config/fillmore/pm_config_dep.o	#SHT_PROGBITS,SHF_ALLOC|SHF_MERGE|SHF_STRINGS,1
	0x80882146		.L.str.38
.rodata.str1.1	0x8088214e	0x6	/local/mnt/workspace/CRMBuilds/AOP.HO.4.0-00571-WAIPIO_E-1_20231026_070056/b/HY11_1/aop_proc/core/settings/pmic/config/fillmore/pm_config_dep.o	#SHT_PROGBITS,SHF_ALLOC|SHF_MERGE|SHF_STRINGS,1
	0x8088214e		.L.str.39
.rodata.str1.1	0x80882154	0x6	/local/mnt/workspace/CRMBuilds/AOP.HO.4.0-00571-WAIPIO_E-1_20231026_070056/b/HY11_1/aop_proc/core/settings/pmic/config/fillmore/pm_config_dep.o	#SHT_PROGBITS,SHF_ALLOC|SHF_MERGE|SHF_STRINGS,1
	0x80882154		.L.str.40
.rodata.str1.1	0x8088215a	0x6	/local/mnt/workspace/CRMBuilds/AOP.HO.4.0-00571-WAIPIO_E-1_20231026_070056/b/HY11_1/aop_proc/core/settings/pmic/config/fillmore/pm_config_dep.o	#SHT_PROGBITS,SHF_ALLOC|SHF_MERGE|SHF_STRINGS,1
	0x8088215a		.L.str.41
.rodata.str1.1	0x80882160	0x6	/local/mnt/workspace/CRMBuilds/AOP.HO.4.0-00571-WAIPIO_E-1_20231026_070056/b/HY11_1/aop_proc/core/settings/pmic/config/fillmore/pm_config_dep.o	#SHT_PROGBITS,SHF_ALLOC|SHF_MERGE|SHF_STRINGS,1
	0x80882160		.L.str.42
.rodata.str1.1	0x80882166	0x7	/local/mnt/workspace/CRMBuilds/AOP.HO.4.0-00571-WAIPIO_E-1_20231026_070056/b/HY11_1/aop_proc/core/settings/pmic/config/fillmore/pm_config_dep.o	#SHT_PROGBITS,SHF_ALLOC|SHF_MERGE|SHF_STRINGS,1
	0x80882166		.L.str.43
.rodata.str1.1	0x8088216d	0x7	/local/mnt/workspace/CRMBuilds/AOP.HO.4.0-00571-WAIPIO_E-1_20231026_070056/b/HY11_1/aop_proc/core/settings/pmic/config/fillmore/pm_config_dep.o	#SHT_PROGBITS,SHF_ALLOC|SHF_MERGE|SHF_STRINGS,1
	0x8088216d		.L.str.44
.rodata.str1.1	0x80882174	0x7	/local/mnt/workspace/CRMBuilds/AOP.HO.4.0-00571-WAIPIO_E-1_20231026_070056/b/HY11_1/aop_proc/core/settings/pmic/config/fillmore/pm_config_dep.o	#SHT_PROGBITS,SHF_ALLOC|SHF_MERGE|SHF_STRINGS,1
	0x80882174		.L.str.45
.rodata.str1.1	0x8088217b	0x7	/local/mnt/workspace/CRMBuilds/AOP.HO.4.0-00571-WAIPIO_E-1_20231026_070056/b/HY11_1/aop_proc/core/settings/pmic/config/fillmore/pm_config_dep.o	#SHT_PROGBITS,SHF_ALLOC|SHF_MERGE|SHF_STRINGS,1
	0x8088217b		.L.str.46
.rodata.str1.1	0x80882182	0x7	/local/mnt/workspace/CRMBuilds/AOP.HO.4.0-00571-WAIPIO_E-1_20231026_070056/b/HY11_1/aop_proc/core/settings/pmic/config/fillmore/pm_config_dep.o	#SHT_PROGBITS,SHF_ALLOC|SHF_MERGE|SHF_STRINGS,1
	0x80882182		.L.str.47
.rodata.str1.1	0x80882189	0x7	/local/mnt/workspace/CRMBuilds/AOP.HO.4.0-00571-WAIPIO_E-1_20231026_070056/b/HY11_1/aop_proc/core/settings/pmic/config/fillmore/pm_config_dep.o	#SHT_PROGBITS,SHF_ALLOC|SHF_MERGE|SHF_STRINGS,1
	0x80882189		.L.str.48
.rodata.str1.1	0x80882190	0x7	/local/mnt/workspace/CRMBuilds/AOP.HO.4.0-00571-WAIPIO_E-1_20231026_070056/b/HY11_1/aop_proc/core/settings/pmic/config/fillmore/pm_config_dep.o	#SHT_PROGBITS,SHF_ALLOC|SHF_MERGE|SHF_STRINGS,1
	0x80882190		.L.str.49
.rodata.str1.1	0x80882197	0x7	/local/mnt/workspace/CRMBuilds/AOP.HO.4.0-00571-WAIPIO_E-1_20231026_070056/b/HY11_1/aop_proc/core/settings/pmic/config/fillmore/pm_config_dep.o	#SHT_PROGBITS,SHF_ALLOC|SHF_MERGE|SHF_STRINGS,1
	0x80882197		.L.str.50
.rodata.str1.1	0x8088219e	0x7	/local/mnt/workspace/CRMBuilds/AOP.HO.4.0-00571-WAIPIO_E-1_20231026_070056/b/HY11_1/aop_proc/core/settings/pmic/config/fillmore/pm_config_dep.o	#SHT_PROGBITS,SHF_ALLOC|SHF_MERGE|SHF_STRINGS,1
	0x8088219e		.L.str.51
.rodata.str1.1	0x808821a5	0x7	/local/mnt/workspace/CRMBuilds/AOP.HO.4.0-00571-WAIPIO_E-1_20231026_070056/b/HY11_1/aop_proc/core/settings/pmic/config/fillmore/pm_config_dep.o	#SHT_PROGBITS,SHF_ALLOC|SHF_MERGE|SHF_STRINGS,1
	0x808821a5		.L.str.52
.rodata.str1.1	0x808821ac	0x6	/local/mnt/workspace/CRMBuilds/AOP.HO.4.0-00571-WAIPIO_E-1_20231026_070056/b/HY11_1/aop_proc/core/settings/pmic/config/fillmore/pm_config_dep.o	#SHT_PROGBITS,SHF_ALLOC|SHF_MERGE|SHF_STRINGS,1
	0x808821ac		.L.str.53
.rodata.str1.1	0x808821b2	0x7	/local/mnt/workspace/CRMBuilds/AOP.HO.4.0-00571-WAIPIO_E-1_20231026_070056/b/HY11_1/aop_proc/core/settings/pmic/config/fillmore/pm_config_dep.o	#SHT_PROGBITS,SHF_ALLOC|SHF_MERGE|SHF_STRINGS,1
	0x808821b2		.L.str.54
.rodata.str1.1	0x808821b9	0x6	/local/mnt/workspace/CRMBuilds/AOP.HO.4.0-00571-WAIPIO_E-1_20231026_070056/b/HY11_1/aop_proc/core/settings/pmic/config/fillmore/pm_config_dep.o	#SHT_PROGBITS,SHF_ALLOC|SHF_MERGE|SHF_STRINGS,1
	0x808821b9		.L.str.55
.rodata.str1.1	0x808821bf	0x6	/local/mnt/workspace/CRMBuilds/AOP.HO.4.0-00571-WAIPIO_E-1_20231026_070056/b/HY11_1/aop_proc/core/settings/pmic/config/fillmore/pm_config_dep.o	#SHT_PROGBITS,SHF_ALLOC|SHF_MERGE|SHF_STRINGS,1
	0x808821bf		.L.str.56
.rodata.str1.1	0x808821c5	0x6	/local/mnt/workspace/CRMBuilds/AOP.HO.4.0-00571-WAIPIO_E-1_20231026_070056/b/HY11_1/aop_proc/core/settings/pmic/config/fillmore/pm_config_dep.o	#SHT_PROGBITS,SHF_ALLOC|SHF_MERGE|SHF_STRINGS,1
	0x808821c5		.L.str.57
.rodata.str1.1	0x808821cb	0x6	/local/mnt/workspace/CRMBuilds/AOP.HO.4.0-00571-WAIPIO_E-1_20231026_070056/b/HY11_1/aop_proc/core/settings/pmic/config/fillmore/pm_config_dep.o	#SHT_PROGBITS,SHF_ALLOC|SHF_MERGE|SHF_STRINGS,1
	0x808821cb		.L.str.58
.rodata.str1.1	0x808821d1	0x6	/local/mnt/workspace/CRMBuilds/AOP.HO.4.0-00571-WAIPIO_E-1_20231026_070056/b/HY11_1/aop_proc/core/settings/pmic/config/fillmore/pm_config_dep.o	#SHT_PROGBITS,SHF_ALLOC|SHF_MERGE|SHF_STRINGS,1
	0x808821d1		.L.str.59
.rodata.str1.1	0x808821d7	0x6	/local/mnt/workspace/CRMBuilds/AOP.HO.4.0-00571-WAIPIO_E-1_20231026_070056/b/HY11_1/aop_proc/core/settings/pmic/config/fillmore/pm_config_dep.o	#SHT_PROGBITS,SHF_ALLOC|SHF_MERGE|SHF_STRINGS,1
	0x808821d7		.L.str.60
.rodata.str1.1	0x808821dd	0x6	/local/mnt/workspace/CRMBuilds/AOP.HO.4.0-00571-WAIPIO_E-1_20231026_070056/b/HY11_1/aop_proc/core/settings/pmic/config/fillmore/pm_config_dep.o	#SHT_PROGBITS,SHF_ALLOC|SHF_MERGE|SHF_STRINGS,1
	0x808821dd		.L.str.61
.rodata.str1.1	0x808821e3	0x6	/local/mnt/workspace/CRMBuilds/AOP.HO.4.0-00571-WAIPIO_E-1_20231026_070056/b/HY11_1/aop_proc/core/settings/pmic/config/fillmore/pm_config_dep.o	#SHT_PROGBITS,SHF_ALLOC|SHF_MERGE|SHF_STRINGS,1
	0x808821e3		.L.str.62
.rodata.str1.1	0x808821e9	0x7	/local/mnt/workspace/CRMBuilds/AOP.HO.4.0-00571-WAIPIO_E-1_20231026_070056/b/HY11_1/aop_proc/core/settings/pmic/config/fillmore/pm_config_dep.o	#SHT_PROGBITS,SHF_ALLOC|SHF_MERGE|SHF_STRINGS,1
	0x808821e9		.L.str.63
.rodata.str1.1	0x808821f0	0x7	/local/mnt/workspace/CRMBuilds/AOP.HO.4.0-00571-WAIPIO_E-1_20231026_070056/b/HY11_1/aop_proc/core/settings/pmic/config/fillmore/pm_config_dep.o	#SHT_PROGBITS,SHF_ALLOC|SHF_MERGE|SHF_STRINGS,1
	0x808821f0		.L.str.64
.rodata.str1.1	0x808821f7	0x7	/local/mnt/workspace/CRMBuilds/AOP.HO.4.0-00571-WAIPIO_E-1_20231026_070056/b/HY11_1/aop_proc/core/settings/pmic/config/fillmore/pm_config_dep.o	#SHT_PROGBITS,SHF_ALLOC|SHF_MERGE|SHF_STRINGS,1
	0x808821f7		.L.str.65
.rodata.str1.1	0x808821fe	0x7	/local/mnt/workspace/CRMBuilds/AOP.HO.4.0-00571-WAIPIO_E-1_20231026_070056/b/HY11_1/aop_proc/core/settings/pmic/config/fillmore/pm_config_dep.o	#SHT_PROGBITS,SHF_ALLOC|SHF_MERGE|SHF_STRINGS,1
	0x808821fe		.L.str.66
.rodata.str1.1	0x80882205	0x6	/local/mnt/workspace/CRMBuilds/AOP.HO.4.0-00571-WAIPIO_E-1_20231026_070056/b/HY11_1/aop_proc/core/settings/pmic/config/fillmore/pm_config_dep.o	#SHT_PROGBITS,SHF_ALLOC|SHF_MERGE|SHF_STRINGS,1
	0x80882205		.L.str.67
.rodata.str1.1	0x8088220b	0x6	/local/mnt/workspace/CRMBuilds/AOP.HO.4.0-00571-WAIPIO_E-1_20231026_070056/b/HY11_1/aop_proc/core/settings/pmic/config/fillmore/pm_config_dep.o	#SHT_PROGBITS,SHF_ALLOC|SHF_MERGE|SHF_STRINGS,1
	0x8088220b		.L.str.68
.rodata.str1.1	0x80882211	0x6	/local/mnt/workspace/CRMBuilds/AOP.HO.4.0-00571-WAIPIO_E-1_20231026_070056/b/HY11_1/aop_proc/core/settings/pmic/config/fillmore/pm_config_dep.o	#SHT_PROGBITS,SHF_ALLOC|SHF_MERGE|SHF_STRINGS,1
	0x80882211		.L.str.69
.rodata.str1.1	0x80882217	0x6	/local/mnt/workspace/CRMBuilds/AOP.HO.4.0-00571-WAIPIO_E-1_20231026_070056/b/HY11_1/aop_proc/core/settings/pmic/config/fillmore/pm_config_dep.o	#SHT_PROGBITS,SHF_ALLOC|SHF_MERGE|SHF_STRINGS,1
	0x80882217		.L.str.70
.rodata.str1.1	0x8088221d	0x6	/local/mnt/workspace/CRMBuilds/AOP.HO.4.0-00571-WAIPIO_E-1_20231026_070056/b/HY11_1/aop_proc/core/settings/pmic/config/fillmore/pm_config_dep.o	#SHT_PROGBITS,SHF_ALLOC|SHF_MERGE|SHF_STRINGS,1
	0x8088221d		.L.str.71
.rodata.str1.1	0x80882223	0x6	/local/mnt/workspace/CRMBuilds/AOP.HO.4.0-00571-WAIPIO_E-1_20231026_070056/b/HY11_1/aop_proc/core/settings/pmic/config/fillmore/pm_config_dep.o	#SHT_PROGBITS,SHF_ALLOC|SHF_MERGE|SHF_STRINGS,1
	0x80882223		.L.str.72
.rodata.str1.1	0x80882229	0x6	/local/mnt/workspace/CRMBuilds/AOP.HO.4.0-00571-WAIPIO_E-1_20231026_070056/b/HY11_1/aop_proc/core/settings/pmic/config/fillmore/pm_config_dep.o	#SHT_PROGBITS,SHF_ALLOC|SHF_MERGE|SHF_STRINGS,1
	0x80882229		.L.str.73
.rodata.str1.1	0x8088222f	0x9	/local/mnt/workspace/CRMBuilds/AOP.HO.4.0-00571-WAIPIO_E-1_20231026_070056/b/HY11_1/aop_proc/core/settings/pmic/config/fillmore/pm_config_dep.o	#SHT_PROGBITS,SHF_ALLOC|SHF_MERGE|SHF_STRINGS,1
	0x8088222f		.L.str.74
.rodata.str1.1	0x80882238	0x8	/local/mnt/workspace/CRMBuilds/AOP.HO.4.0-00571-WAIPIO_E-1_20231026_070056/b/HY11_1/aop_proc/core/settings/pmic/config/fillmore/pm_config_dep.o	#SHT_PROGBITS,SHF_ALLOC|SHF_MERGE|SHF_STRINGS,1
	0x80882238		.L.str.75
.rodata.str1.1	0x80882240	0x8	/local/mnt/workspace/CRMBuilds/AOP.HO.4.0-00571-WAIPIO_E-1_20231026_070056/b/HY11_1/aop_proc/core/settings/pmic/config/fillmore/pm_config_dep.o	#SHT_PROGBITS,SHF_ALLOC|SHF_MERGE|SHF_STRINGS,1
	0x80882240		.L.str.76
.rodata.str1.1	0x80882248	0x8	/local/mnt/workspace/CRMBuilds/AOP.HO.4.0-00571-WAIPIO_E-1_20231026_070056/b/HY11_1/aop_proc/core/settings/pmic/config/fillmore/pm_config_dep.o	#SHT_PROGBITS,SHF_ALLOC|SHF_MERGE|SHF_STRINGS,1
	0x80882248		.L.str.77
.rodata.str1.1	0x80882250	0x8	/local/mnt/workspace/CRMBuilds/AOP.HO.4.0-00571-WAIPIO_E-1_20231026_070056/b/HY11_1/aop_proc/core/settings/pmic/config/fillmore/pm_config_dep.o	#SHT_PROGBITS,SHF_ALLOC|SHF_MERGE|SHF_STRINGS,1
	0x80882250		.L.str.78
.rodata.str1.1	0x80882258	0x8	/local/mnt/workspace/CRMBuilds/AOP.HO.4.0-00571-WAIPIO_E-1_20231026_070056/b/HY11_1/aop_proc/core/settings/pmic/config/fillmore/pm_config_dep.o	#SHT_PROGBITS,SHF_ALLOC|SHF_MERGE|SHF_STRINGS,1
	0x80882258		.L.str.79
.rodata.str1.1	0x80882260	0x9	/local/mnt/workspace/CRMBuilds/AOP.HO.4.0-00571-WAIPIO_E-1_20231026_070056/b/HY11_1/aop_proc/core/settings/pmic/config/fillmore/pm_config_dep.o	#SHT_PROGBITS,SHF_ALLOC|SHF_MERGE|SHF_STRINGS,1
	0x80882260		.L.str.80
.rodata.str1.1	0x80882269	0x8	/local/mnt/workspace/CRMBuilds/AOP.HO.4.0-00571-WAIPIO_E-1_20231026_070056/b/HY11_1/aop_proc/core/settings/pmic/config/fillmore/pm_config_dep.o	#SHT_PROGBITS,SHF_ALLOC|SHF_MERGE|SHF_STRINGS,1
	0x80882269		.L.str.81
.rodata.str1.1	0x80882271	0x9	/local/mnt/workspace/CRMBuilds/AOP.HO.4.0-00571-WAIPIO_E-1_20231026_070056/b/HY11_1/aop_proc/core/settings/pmic/config/fillmore/pm_config_dep.o	#SHT_PROGBITS,SHF_ALLOC|SHF_MERGE|SHF_STRINGS,1
	0x80882271		.L.str.82
.rodata.str1.1	0x8088227a	0x9	/local/mnt/workspace/CRMBuilds/AOP.HO.4.0-00571-WAIPIO_E-1_20231026_070056/b/HY11_1/aop_proc/core/settings/pmic/config/fillmore/pm_config_dep.o	#SHT_PROGBITS,SHF_ALLOC|SHF_MERGE|SHF_STRINGS,1
	0x8088227a		.L.str.83
.rodata.str1.1	0x80882283	0x9	/local/mnt/workspace/CRMBuilds/AOP.HO.4.0-00571-WAIPIO_E-1_20231026_070056/b/HY11_1/aop_proc/core/settings/pmic/config/fillmore/pm_config_dep.o	#SHT_PROGBITS,SHF_ALLOC|SHF_MERGE|SHF_STRINGS,1
	0x80882283		.L.str.84
.rodata.str1.1	0x8088228c	0xb	/local/mnt/workspace/CRMBuilds/AOP.HO.4.0-00571-WAIPIO_E-1_20231026_070056/b/HY11_1/aop_proc/core/settings/pmic/config/fillmore/pm_config_dep.o	#SHT_PROGBITS,SHF_ALLOC|SHF_MERGE|SHF_STRINGS,1
	0x8088228c		.L.str.85
*(AOPSS_DEVCFG_CODE_ALL) #Rule 11, Internal-LinkerScript (Implicit rule inserted by Linker) [0:0]
__aop_devcfg_size_left(0x1dd69) = 0x808a0000 - .(0x80882297); # __aop_devcfg_size_left = 0x808a0000 - .; /local/mnt/workspace/CRMBuilds/AOP.HO.4.0-00571-WAIPIO_E-1_20231026_070056/b/HY11_1/aop_proc/core/bsp/aop/build/AOP_AAAAANAZO_devcfg.scl

AOPSS_DEVCFG_CODE_ZI	0x80882297	0x1dd69 # Offset: 0x1b97, LMA: 0x80882297, Alignment: 0x1, Segments : [ AOPSS_DEVCFG_CODE ]
	.(0x808a0000) = .(0x80882297) + __aop_devcfg_size_left(0x1dd69); # . = . + __aop_devcfg_size_left; /local/mnt/workspace/CRMBuilds/AOP.HO.4.0-00571-WAIPIO_E-1_20231026_070056/b/HY11_1/aop_proc/core/bsp/aop/build/AOP_AAAAANAZO_devcfg.scl
*(AOPSS_DEVCFG_CODE_ZI) #Rule 12, Internal-LinkerScript (Implicit rule inserted by Linker) [0:0]

.ARM.attributes	0x1b97	0x10 # Offset: 0x1b97, Alignment: 0x0

.debug_abbrev	0x1ba7	0x231 # Offset: 0x1ba7, Alignment: 0x1
*(.debug_abbrev) #Rule 17, Internal-LinkerScript (Implicit rule inserted by Linker) [0:0]
.debug_abbrev	0x1ba7	0xaf	/local/mnt/workspace/CRMBuilds/AOP.HO.4.0-00571-WAIPIO_E-1_20231026_070056/b/HY11_1/aop_proc/core/settings/pmic/config/fillmore/pm_config_target.o	#SHT_PROGBITS,,1
.debug_abbrev	0x1c56	0x84	/local/mnt/workspace/CRMBuilds/AOP.HO.4.0-00571-WAIPIO_E-1_20231026_070056/b/HY11_1/aop_proc/core/settings/pmic/config/fillmore/pm_config_dep.o	#SHT_PROGBITS,,1
.debug_abbrev	0x1cda	0x69	/local/mnt/workspace/CRMBuilds/AOP.HO.4.0-00571-WAIPIO_E-1_20231026_070056/b/HY11_1/aop_proc/core/bsp/aop/src/devcfg_main.o	#SHT_PROGBITS,,1
.debug_abbrev	0x1d43	0x95	/local/mnt/workspace/CRMBuilds/AOP.HO.4.0-00571-WAIPIO_E-1_20231026_070056/b/HY11_1/aop_proc/core/bsp/aop/build/aop_settings_autogen.o	#SHT_PROGBITS,,1

.debug_info	0x1dd8	0xe46 # Offset: 0x1dd8, Alignment: 0x1
*(.debug_info) #Rule 18, Internal-LinkerScript (Implicit rule inserted by Linker) [0:0]
.debug_info	0x1dd8	0x7bb	/local/mnt/workspace/CRMBuilds/AOP.HO.4.0-00571-WAIPIO_E-1_20231026_070056/b/HY11_1/aop_proc/core/settings/pmic/config/fillmore/pm_config_target.o	#SHT_PROGBITS,,1
.debug_info	0x2593	0x483	/local/mnt/workspace/CRMBuilds/AOP.HO.4.0-00571-WAIPIO_E-1_20231026_070056/b/HY11_1/aop_proc/core/settings/pmic/config/fillmore/pm_config_dep.o	#SHT_PROGBITS,,1
.debug_info	0x2a16	0x76	/local/mnt/workspace/CRMBuilds/AOP.HO.4.0-00571-WAIPIO_E-1_20231026_070056/b/HY11_1/aop_proc/core/bsp/aop/src/devcfg_main.o	#SHT_PROGBITS,,1
.debug_info	0x2a8c	0x192	/local/mnt/workspace/CRMBuilds/AOP.HO.4.0-00571-WAIPIO_E-1_20231026_070056/b/HY11_1/aop_proc/core/bsp/aop/build/aop_settings_autogen.o	#SHT_PROGBITS,,1

.debug_str	0x2c1e	0xade # Offset: 0x2c1e, Alignment: 0x1
*(.debug_str) #Rule 19, Internal-LinkerScript (Implicit rule inserted by Linker) [0:0]
.debug_str	0x2c1e	0x24	/local/mnt/workspace/CRMBuilds/AOP.HO.4.0-00571-WAIPIO_E-1_20231026_070056/b/HY11_1/aop_proc/core/settings/pmic/config/fillmore/pm_config_target.o	#SHT_PROGBITS,SHF_MERGE|SHF_STRINGS,1
	0x0		
.debug_str	0x2c42	0x93	/local/mnt/workspace/CRMBuilds/AOP.HO.4.0-00571-WAIPIO_E-1_20231026_070056/b/HY11_1/aop_proc/core/settings/pmic/config/fillmore/pm_config_target.o	#SHT_PROGBITS,SHF_MERGE|SHF_STRINGS,1
	0x24		
.debug_str	0x2cd5	0x63	/local/mnt/workspace/CRMBuilds/AOP.HO.4.0-00571-WAIPIO_E-1_20231026_070056/b/HY11_1/aop_proc/core/settings/pmic/config/fillmore/pm_config_target.o	#SHT_PROGBITS,SHF_MERGE|SHF_STRINGS,1
	0xb7		
.debug_str	0x2d38	0xb	/local/mnt/workspace/CRMBuilds/AOP.HO.4.0-00571-WAIPIO_E-1_20231026_070056/b/HY11_1/aop_proc/core/settings/pmic/config/fillmore/pm_config_target.o	#SHT_PROGBITS,SHF_MERGE|SHF_STRINGS,1
	0x11a		
.debug_str	0x2d43	0xe	/local/mnt/workspace/CRMBuilds/AOP.HO.4.0-00571-WAIPIO_E-1_20231026_070056/b/HY11_1/aop_proc/core/settings/pmic/config/fillmore/pm_config_target.o	#SHT_PROGBITS,SHF_MERGE|SHF_STRINGS,1
	0x125		
.debug_str	0x2d51	0xd	/local/mnt/workspace/CRMBuilds/AOP.HO.4.0-00571-WAIPIO_E-1_20231026_070056/b/HY11_1/aop_proc/core/settings/pmic/config/fillmore/pm_config_target.o	#SHT_PROGBITS,SHF_MERGE|SHF_STRINGS,1
	0x133		
.debug_str	0x2d5e	0xd	/local/mnt/workspace/CRMBuilds/AOP.HO.4.0-00571-WAIPIO_E-1_20231026_070056/b/HY11_1/aop_proc/core/settings/pmic/config/fillmore/pm_config_target.o	#SHT_PROGBITS,SHF_MERGE|SHF_STRINGS,1
	0x140		
.debug_str	0x2d6b	0x9	/local/mnt/workspace/CRMBuilds/AOP.HO.4.0-00571-WAIPIO_E-1_20231026_070056/b/HY11_1/aop_proc/core/settings/pmic/config/fillmore/pm_config_target.o	#SHT_PROGBITS,SHF_MERGE|SHF_STRINGS,1
	0x14d		
.debug_str	0x2d74	0x8	/local/mnt/workspace/CRMBuilds/AOP.HO.4.0-00571-WAIPIO_E-1_20231026_070056/b/HY11_1/aop_proc/core/settings/pmic/config/fillmore/pm_config_target.o	#SHT_PROGBITS,SHF_MERGE|SHF_STRINGS,1
	0x156		
.debug_str	0x2d7c	0x9	/local/mnt/workspace/CRMBuilds/AOP.HO.4.0-00571-WAIPIO_E-1_20231026_070056/b/HY11_1/aop_proc/core/settings/pmic/config/fillmore/pm_config_target.o	#SHT_PROGBITS,SHF_MERGE|SHF_STRINGS,1
	0x15e		
.debug_str	0x2d85	0xb	/local/mnt/workspace/CRMBuilds/AOP.HO.4.0-00571-WAIPIO_E-1_20231026_070056/b/HY11_1/aop_proc/core/settings/pmic/config/fillmore/pm_config_target.o	#SHT_PROGBITS,SHF_MERGE|SHF_STRINGS,1
	0x167		
.debug_str	0x2d90	0xf	/local/mnt/workspace/CRMBuilds/AOP.HO.4.0-00571-WAIPIO_E-1_20231026_070056/b/HY11_1/aop_proc/core/settings/pmic/config/fillmore/pm_config_target.o	#SHT_PROGBITS,SHF_MERGE|SHF_STRINGS,1
	0x172		
.debug_str	0x2d9f	0x9	/local/mnt/workspace/CRMBuilds/AOP.HO.4.0-00571-WAIPIO_E-1_20231026_070056/b/HY11_1/aop_proc/core/settings/pmic/config/fillmore/pm_config_target.o	#SHT_PROGBITS,SHF_MERGE|SHF_STRINGS,1
	0x181		
.debug_str	0x2da8	0x7	/local/mnt/workspace/CRMBuilds/AOP.HO.4.0-00571-WAIPIO_E-1_20231026_070056/b/HY11_1/aop_proc/core/settings/pmic/config/fillmore/pm_config_target.o	#SHT_PROGBITS,SHF_MERGE|SHF_STRINGS,1
	0x18a		
.debug_str	0x2daf	0xb	/local/mnt/workspace/CRMBuilds/AOP.HO.4.0-00571-WAIPIO_E-1_20231026_070056/b/HY11_1/aop_proc/core/settings/pmic/config/fillmore/pm_config_target.o	#SHT_PROGBITS,SHF_MERGE|SHF_STRINGS,1
	0x191		
.debug_str	0x2dba	0x10	/local/mnt/workspace/CRMBuilds/AOP.HO.4.0-00571-WAIPIO_E-1_20231026_070056/b/HY11_1/aop_proc/core/settings/pmic/config/fillmore/pm_config_target.o	#SHT_PROGBITS,SHF_MERGE|SHF_STRINGS,1
	0x19c		
.debug_str	0x2dca	0x18	/local/mnt/workspace/CRMBuilds/AOP.HO.4.0-00571-WAIPIO_E-1_20231026_070056/b/HY11_1/aop_proc/core/settings/pmic/config/fillmore/pm_config_target.o	#SHT_PROGBITS,SHF_MERGE|SHF_STRINGS,1
	0x1ac		
.debug_str	0x2de2	0x10	/local/mnt/workspace/CRMBuilds/AOP.HO.4.0-00571-WAIPIO_E-1_20231026_070056/b/HY11_1/aop_proc/core/settings/pmic/config/fillmore/pm_config_target.o	#SHT_PROGBITS,SHF_MERGE|SHF_STRINGS,1
	0x1c4		
.debug_str	0x2df2	0x12	/local/mnt/workspace/CRMBuilds/AOP.HO.4.0-00571-WAIPIO_E-1_20231026_070056/b/HY11_1/aop_proc/core/settings/pmic/config/fillmore/pm_config_target.o	#SHT_PROGBITS,SHF_MERGE|SHF_STRINGS,1
	0x1d4		
.debug_str	0x2e04	0x17	/local/mnt/workspace/CRMBuilds/AOP.HO.4.0-00571-WAIPIO_E-1_20231026_070056/b/HY11_1/aop_proc/core/settings/pmic/config/fillmore/pm_config_target.o	#SHT_PROGBITS,SHF_MERGE|SHF_STRINGS,1
	0x1e6		
.debug_str	0x2e1b	0x19	/local/mnt/workspace/CRMBuilds/AOP.HO.4.0-00571-WAIPIO_E-1_20231026_070056/b/HY11_1/aop_proc/core/settings/pmic/config/fillmore/pm_config_target.o	#SHT_PROGBITS,SHF_MERGE|SHF_STRINGS,1
	0x1fd		
.debug_str	0x2e34	0x12	/local/mnt/workspace/CRMBuilds/AOP.HO.4.0-00571-WAIPIO_E-1_20231026_070056/b/HY11_1/aop_proc/core/settings/pmic/config/fillmore/pm_config_target.o	#SHT_PROGBITS,SHF_MERGE|SHF_STRINGS,1
	0x216		
.debug_str	0x2e46	0xe	/local/mnt/workspace/CRMBuilds/AOP.HO.4.0-00571-WAIPIO_E-1_20231026_070056/b/HY11_1/aop_proc/core/settings/pmic/config/fillmore/pm_config_target.o	#SHT_PROGBITS,SHF_MERGE|SHF_STRINGS,1
	0x228		
.debug_str	0x2e54	0xc	/local/mnt/workspace/CRMBuilds/AOP.HO.4.0-00571-WAIPIO_E-1_20231026_070056/b/HY11_1/aop_proc/core/settings/pmic/config/fillmore/pm_config_target.o	#SHT_PROGBITS,SHF_MERGE|SHF_STRINGS,1
	0x236		
.debug_str	0x2e60	0xf	/local/mnt/workspace/CRMBuilds/AOP.HO.4.0-00571-WAIPIO_E-1_20231026_070056/b/HY11_1/aop_proc/core/settings/pmic/config/fillmore/pm_config_target.o	#SHT_PROGBITS,SHF_MERGE|SHF_STRINGS,1
	0x242		
.debug_str	0x2e6f	0xe	/local/mnt/workspace/CRMBuilds/AOP.HO.4.0-00571-WAIPIO_E-1_20231026_070056/b/HY11_1/aop_proc/core/settings/pmic/config/fillmore/pm_config_target.o	#SHT_PROGBITS,SHF_MERGE|SHF_STRINGS,1
	0x251		
.debug_str	0x2e7d	0xc	/local/mnt/workspace/CRMBuilds/AOP.HO.4.0-00571-WAIPIO_E-1_20231026_070056/b/HY11_1/aop_proc/core/settings/pmic/config/fillmore/pm_config_target.o	#SHT_PROGBITS,SHF_MERGE|SHF_STRINGS,1
	0x25f		
.debug_str	0x2e89	0xc	/local/mnt/workspace/CRMBuilds/AOP.HO.4.0-00571-WAIPIO_E-1_20231026_070056/b/HY11_1/aop_proc/core/settings/pmic/config/fillmore/pm_config_target.o	#SHT_PROGBITS,SHF_MERGE|SHF_STRINGS,1
	0x26b		
.debug_str	0x2e95	0xe	/local/mnt/workspace/CRMBuilds/AOP.HO.4.0-00571-WAIPIO_E-1_20231026_070056/b/HY11_1/aop_proc/core/settings/pmic/config/fillmore/pm_config_target.o	#SHT_PROGBITS,SHF_MERGE|SHF_STRINGS,1
	0x277		
.debug_str	0x2ea3	0x8	/local/mnt/workspace/CRMBuilds/AOP.HO.4.0-00571-WAIPIO_E-1_20231026_070056/b/HY11_1/aop_proc/core/settings/pmic/config/fillmore/pm_config_target.o	#SHT_PROGBITS,SHF_MERGE|SHF_STRINGS,1
	0x285		
.debug_str	0x2eab	0x6	/local/mnt/workspace/CRMBuilds/AOP.HO.4.0-00571-WAIPIO_E-1_20231026_070056/b/HY11_1/aop_proc/core/settings/pmic/config/fillmore/pm_config_target.o	#SHT_PROGBITS,SHF_MERGE|SHF_STRINGS,1
	0x28d		
.debug_str	0x2eb1	0xe	/local/mnt/workspace/CRMBuilds/AOP.HO.4.0-00571-WAIPIO_E-1_20231026_070056/b/HY11_1/aop_proc/core/settings/pmic/config/fillmore/pm_config_target.o	#SHT_PROGBITS,SHF_MERGE|SHF_STRINGS,1
	0x293		
.debug_str	0x2ebf	0xc	/local/mnt/workspace/CRMBuilds/AOP.HO.4.0-00571-WAIPIO_E-1_20231026_070056/b/HY11_1/aop_proc/core/settings/pmic/config/fillmore/pm_config_target.o	#SHT_PROGBITS,SHF_MERGE|SHF_STRINGS,1
	0x2a1		
.debug_str	0x2ecb	0xb	/local/mnt/workspace/CRMBuilds/AOP.HO.4.0-00571-WAIPIO_E-1_20231026_070056/b/HY11_1/aop_proc/core/settings/pmic/config/fillmore/pm_config_target.o	#SHT_PROGBITS,SHF_MERGE|SHF_STRINGS,1
	0x2ad		
.debug_str	0x2ed6	0x9	/local/mnt/workspace/CRMBuilds/AOP.HO.4.0-00571-WAIPIO_E-1_20231026_070056/b/HY11_1/aop_proc/core/settings/pmic/config/fillmore/pm_config_target.o	#SHT_PROGBITS,SHF_MERGE|SHF_STRINGS,1
	0x2b8		
.debug_str	0x2edf	0x7	/local/mnt/workspace/CRMBuilds/AOP.HO.4.0-00571-WAIPIO_E-1_20231026_070056/b/HY11_1/aop_proc/core/settings/pmic/config/fillmore/pm_config_target.o	#SHT_PROGBITS,SHF_MERGE|SHF_STRINGS,1
	0x2c1		
.debug_str	0x2ee6	0x9	/local/mnt/workspace/CRMBuilds/AOP.HO.4.0-00571-WAIPIO_E-1_20231026_070056/b/HY11_1/aop_proc/core/settings/pmic/config/fillmore/pm_config_target.o	#SHT_PROGBITS,SHF_MERGE|SHF_STRINGS,1
	0x2c8		
.debug_str	0x2eef	0x1b	/local/mnt/workspace/CRMBuilds/AOP.HO.4.0-00571-WAIPIO_E-1_20231026_070056/b/HY11_1/aop_proc/core/settings/pmic/config/fillmore/pm_config_target.o	#SHT_PROGBITS,SHF_MERGE|SHF_STRINGS,1
	0x2d1		
.debug_str	0x2f0a	0x14	/local/mnt/workspace/CRMBuilds/AOP.HO.4.0-00571-WAIPIO_E-1_20231026_070056/b/HY11_1/aop_proc/core/settings/pmic/config/fillmore/pm_config_target.o	#SHT_PROGBITS,SHF_MERGE|SHF_STRINGS,1
	0x2ec		
.debug_str	0x2f1e	0xb	/local/mnt/workspace/CRMBuilds/AOP.HO.4.0-00571-WAIPIO_E-1_20231026_070056/b/HY11_1/aop_proc/core/settings/pmic/config/fillmore/pm_config_target.o	#SHT_PROGBITS,SHF_MERGE|SHF_STRINGS,1
	0x300		
.debug_str	0x2f29	0xb	/local/mnt/workspace/CRMBuilds/AOP.HO.4.0-00571-WAIPIO_E-1_20231026_070056/b/HY11_1/aop_proc/core/settings/pmic/config/fillmore/pm_config_target.o	#SHT_PROGBITS,SHF_MERGE|SHF_STRINGS,1
	0x30b		
.debug_str	0x2f34	0xc	/local/mnt/workspace/CRMBuilds/AOP.HO.4.0-00571-WAIPIO_E-1_20231026_070056/b/HY11_1/aop_proc/core/settings/pmic/config/fillmore/pm_config_target.o	#SHT_PROGBITS,SHF_MERGE|SHF_STRINGS,1
	0x316		
.debug_str	0x2f40	0xc	/local/mnt/workspace/CRMBuilds/AOP.HO.4.0-00571-WAIPIO_E-1_20231026_070056/b/HY11_1/aop_proc/core/settings/pmic/config/fillmore/pm_config_target.o	#SHT_PROGBITS,SHF_MERGE|SHF_STRINGS,1
	0x322		
.debug_str	0x2f4c	0xc	/local/mnt/workspace/CRMBuilds/AOP.HO.4.0-00571-WAIPIO_E-1_20231026_070056/b/HY11_1/aop_proc/core/settings/pmic/config/fillmore/pm_config_target.o	#SHT_PROGBITS,SHF_MERGE|SHF_STRINGS,1
	0x32e		
.debug_str	0x2f58	0xc	/local/mnt/workspace/CRMBuilds/AOP.HO.4.0-00571-WAIPIO_E-1_20231026_070056/b/HY11_1/aop_proc/core/settings/pmic/config/fillmore/pm_config_target.o	#SHT_PROGBITS,SHF_MERGE|SHF_STRINGS,1
	0x33a		
.debug_str	0x2f64	0xc	/local/mnt/workspace/CRMBuilds/AOP.HO.4.0-00571-WAIPIO_E-1_20231026_070056/b/HY11_1/aop_proc/core/settings/pmic/config/fillmore/pm_config_target.o	#SHT_PROGBITS,SHF_MERGE|SHF_STRINGS,1
	0x346		
.debug_str	0x2f70	0xc	/local/mnt/workspace/CRMBuilds/AOP.HO.4.0-00571-WAIPIO_E-1_20231026_070056/b/HY11_1/aop_proc/core/settings/pmic/config/fillmore/pm_config_target.o	#SHT_PROGBITS,SHF_MERGE|SHF_STRINGS,1
	0x352		
.debug_str	0x2f7c	0xb	/local/mnt/workspace/CRMBuilds/AOP.HO.4.0-00571-WAIPIO_E-1_20231026_070056/b/HY11_1/aop_proc/core/settings/pmic/config/fillmore/pm_config_target.o	#SHT_PROGBITS,SHF_MERGE|SHF_STRINGS,1
	0x35e		
.debug_str	0x2f87	0xb	/local/mnt/workspace/CRMBuilds/AOP.HO.4.0-00571-WAIPIO_E-1_20231026_070056/b/HY11_1/aop_proc/core/settings/pmic/config/fillmore/pm_config_target.o	#SHT_PROGBITS,SHF_MERGE|SHF_STRINGS,1
	0x369		
.debug_str	0x2f92	0xb	/local/mnt/workspace/CRMBuilds/AOP.HO.4.0-00571-WAIPIO_E-1_20231026_070056/b/HY11_1/aop_proc/core/settings/pmic/config/fillmore/pm_config_target.o	#SHT_PROGBITS,SHF_MERGE|SHF_STRINGS,1
	0x374		
.debug_str	0x2f9d	0xe	/local/mnt/workspace/CRMBuilds/AOP.HO.4.0-00571-WAIPIO_E-1_20231026_070056/b/HY11_1/aop_proc/core/settings/pmic/config/fillmore/pm_config_target.o	#SHT_PROGBITS,SHF_MERGE|SHF_STRINGS,1
	0x37f		
.debug_str	0x2fab	0xd	/local/mnt/workspace/CRMBuilds/AOP.HO.4.0-00571-WAIPIO_E-1_20231026_070056/b/HY11_1/aop_proc/core/settings/pmic/config/fillmore/pm_config_target.o	#SHT_PROGBITS,SHF_MERGE|SHF_STRINGS,1
	0x38d		
.debug_str	0x2fb8	0xa	/local/mnt/workspace/CRMBuilds/AOP.HO.4.0-00571-WAIPIO_E-1_20231026_070056/b/HY11_1/aop_proc/core/settings/pmic/config/fillmore/pm_config_target.o	#SHT_PROGBITS,SHF_MERGE|SHF_STRINGS,1
	0x39a		
.debug_str	0x2fc2	0x15	/local/mnt/workspace/CRMBuilds/AOP.HO.4.0-00571-WAIPIO_E-1_20231026_070056/b/HY11_1/aop_proc/core/settings/pmic/config/fillmore/pm_config_target.o	#SHT_PROGBITS,SHF_MERGE|SHF_STRINGS,1
	0x3a4		
.debug_str	0x2fd7	0x11	/local/mnt/workspace/CRMBuilds/AOP.HO.4.0-00571-WAIPIO_E-1_20231026_070056/b/HY11_1/aop_proc/core/settings/pmic/config/fillmore/pm_config_target.o	#SHT_PROGBITS,SHF_MERGE|SHF_STRINGS,1
	0x3b9		
.debug_str	0x2fe8	0x5	/local/mnt/workspace/CRMBuilds/AOP.HO.4.0-00571-WAIPIO_E-1_20231026_070056/b/HY11_1/aop_proc/core/settings/pmic/config/fillmore/pm_config_target.o	#SHT_PROGBITS,SHF_MERGE|SHF_STRINGS,1
	0x3ca		
.debug_str	0x2fed	0x5	/local/mnt/workspace/CRMBuilds/AOP.HO.4.0-00571-WAIPIO_E-1_20231026_070056/b/HY11_1/aop_proc/core/settings/pmic/config/fillmore/pm_config_target.o	#SHT_PROGBITS,SHF_MERGE|SHF_STRINGS,1
	0x3cf		
.debug_str	0x2ff2	0xa	/local/mnt/workspace/CRMBuilds/AOP.HO.4.0-00571-WAIPIO_E-1_20231026_070056/b/HY11_1/aop_proc/core/settings/pmic/config/fillmore/pm_config_target.o	#SHT_PROGBITS,SHF_MERGE|SHF_STRINGS,1
	0x3d4		
.debug_str	0x2ffc	0xb	/local/mnt/workspace/CRMBuilds/AOP.HO.4.0-00571-WAIPIO_E-1_20231026_070056/b/HY11_1/aop_proc/core/settings/pmic/config/fillmore/pm_config_target.o	#SHT_PROGBITS,SHF_MERGE|SHF_STRINGS,1
	0x3de		
.debug_str	0x3007	0x13	/local/mnt/workspace/CRMBuilds/AOP.HO.4.0-00571-WAIPIO_E-1_20231026_070056/b/HY11_1/aop_proc/core/settings/pmic/config/fillmore/pm_config_target.o	#SHT_PROGBITS,SHF_MERGE|SHF_STRINGS,1
	0x3e9		
.debug_str	0x301a	0x13	/local/mnt/workspace/CRMBuilds/AOP.HO.4.0-00571-WAIPIO_E-1_20231026_070056/b/HY11_1/aop_proc/core/settings/pmic/config/fillmore/pm_config_target.o	#SHT_PROGBITS,SHF_MERGE|SHF_STRINGS,1
	0x3fc		
.debug_str	0x302d	0x12	/local/mnt/workspace/CRMBuilds/AOP.HO.4.0-00571-WAIPIO_E-1_20231026_070056/b/HY11_1/aop_proc/core/settings/pmic/config/fillmore/pm_config_target.o	#SHT_PROGBITS,SHF_MERGE|SHF_STRINGS,1
	0x40f		
.debug_str	0x303f	0x12	/local/mnt/workspace/CRMBuilds/AOP.HO.4.0-00571-WAIPIO_E-1_20231026_070056/b/HY11_1/aop_proc/core/settings/pmic/config/fillmore/pm_config_target.o	#SHT_PROGBITS,SHF_MERGE|SHF_STRINGS,1
	0x421		
.debug_str	0x3051	0x11	/local/mnt/workspace/CRMBuilds/AOP.HO.4.0-00571-WAIPIO_E-1_20231026_070056/b/HY11_1/aop_proc/core/settings/pmic/config/fillmore/pm_config_target.o	#SHT_PROGBITS,SHF_MERGE|SHF_STRINGS,1
	0x433		
.debug_str	0x3062	0x12	/local/mnt/workspace/CRMBuilds/AOP.HO.4.0-00571-WAIPIO_E-1_20231026_070056/b/HY11_1/aop_proc/core/settings/pmic/config/fillmore/pm_config_target.o	#SHT_PROGBITS,SHF_MERGE|SHF_STRINGS,1
	0x444		
.debug_str	0x3074	0x19	/local/mnt/workspace/CRMBuilds/AOP.HO.4.0-00571-WAIPIO_E-1_20231026_070056/b/HY11_1/aop_proc/core/settings/pmic/config/fillmore/pm_config_target.o	#SHT_PROGBITS,SHF_MERGE|SHF_STRINGS,1
	0x456		
.debug_str	0x308d	0x13	/local/mnt/workspace/CRMBuilds/AOP.HO.4.0-00571-WAIPIO_E-1_20231026_070056/b/HY11_1/aop_proc/core/settings/pmic/config/fillmore/pm_config_target.o	#SHT_PROGBITS,SHF_MERGE|SHF_STRINGS,1
	0x46f		
.debug_str	0x30a0	0x12	/local/mnt/workspace/CRMBuilds/AOP.HO.4.0-00571-WAIPIO_E-1_20231026_070056/b/HY11_1/aop_proc/core/settings/pmic/config/fillmore/pm_config_target.o	#SHT_PROGBITS,SHF_MERGE|SHF_STRINGS,1
	0x482		
.debug_str	0x30b2	0x13	/local/mnt/workspace/CRMBuilds/AOP.HO.4.0-00571-WAIPIO_E-1_20231026_070056/b/HY11_1/aop_proc/core/settings/pmic/config/fillmore/pm_config_target.o	#SHT_PROGBITS,SHF_MERGE|SHF_STRINGS,1
	0x494		
.debug_str	0x30c5	0x13	/local/mnt/workspace/CRMBuilds/AOP.HO.4.0-00571-WAIPIO_E-1_20231026_070056/b/HY11_1/aop_proc/core/settings/pmic/config/fillmore/pm_config_target.o	#SHT_PROGBITS,SHF_MERGE|SHF_STRINGS,1
	0x4a7		
.debug_str	0x30d8	0x11	/local/mnt/workspace/CRMBuilds/AOP.HO.4.0-00571-WAIPIO_E-1_20231026_070056/b/HY11_1/aop_proc/core/settings/pmic/config/fillmore/pm_config_target.o	#SHT_PROGBITS,SHF_MERGE|SHF_STRINGS,1
	0x4ba		
.debug_str	0x30e9	0x13	/local/mnt/workspace/CRMBuilds/AOP.HO.4.0-00571-WAIPIO_E-1_20231026_070056/b/HY11_1/aop_proc/core/settings/pmic/config/fillmore/pm_config_target.o	#SHT_PROGBITS,SHF_MERGE|SHF_STRINGS,1
	0x4cb		
.debug_str	0x30fc	0x13	/local/mnt/workspace/CRMBuilds/AOP.HO.4.0-00571-WAIPIO_E-1_20231026_070056/b/HY11_1/aop_proc/core/settings/pmic/config/fillmore/pm_config_target.o	#SHT_PROGBITS,SHF_MERGE|SHF_STRINGS,1
	0x4de		
.debug_str	0x310f	0x16	/local/mnt/workspace/CRMBuilds/AOP.HO.4.0-00571-WAIPIO_E-1_20231026_070056/b/HY11_1/aop_proc/core/settings/pmic/config/fillmore/pm_config_target.o	#SHT_PROGBITS,SHF_MERGE|SHF_STRINGS,1
	0x4f1		
.debug_str	0x3125	0x13	/local/mnt/workspace/CRMBuilds/AOP.HO.4.0-00571-WAIPIO_E-1_20231026_070056/b/HY11_1/aop_proc/core/settings/pmic/config/fillmore/pm_config_target.o	#SHT_PROGBITS,SHF_MERGE|SHF_STRINGS,1
	0x507		
.debug_str	0x3138	0x9	/local/mnt/workspace/CRMBuilds/AOP.HO.4.0-00571-WAIPIO_E-1_20231026_070056/b/HY11_1/aop_proc/core/settings/pmic/config/fillmore/pm_config_target.o	#SHT_PROGBITS,SHF_MERGE|SHF_STRINGS,1
	0x51a		
.debug_str	0x3141	0x7	/local/mnt/workspace/CRMBuilds/AOP.HO.4.0-00571-WAIPIO_E-1_20231026_070056/b/HY11_1/aop_proc/core/settings/pmic/config/fillmore/pm_config_target.o	#SHT_PROGBITS,SHF_MERGE|SHF_STRINGS,1
	0x523		
.debug_str	0x3148	0x8	/local/mnt/workspace/CRMBuilds/AOP.HO.4.0-00571-WAIPIO_E-1_20231026_070056/b/HY11_1/aop_proc/core/settings/pmic/config/fillmore/pm_config_target.o	#SHT_PROGBITS,SHF_MERGE|SHF_STRINGS,1
	0x52a		
.debug_str	0x3150	0x9	/local/mnt/workspace/CRMBuilds/AOP.HO.4.0-00571-WAIPIO_E-1_20231026_070056/b/HY11_1/aop_proc/core/settings/pmic/config/fillmore/pm_config_target.o	#SHT_PROGBITS,SHF_MERGE|SHF_STRINGS,1
	0x532		
.debug_str	0x3159	0xe	/local/mnt/workspace/CRMBuilds/AOP.HO.4.0-00571-WAIPIO_E-1_20231026_070056/b/HY11_1/aop_proc/core/settings/pmic/config/fillmore/pm_config_target.o	#SHT_PROGBITS,SHF_MERGE|SHF_STRINGS,1
	0x53b		
.debug_str	0x3167	0xc	/local/mnt/workspace/CRMBuilds/AOP.HO.4.0-00571-WAIPIO_E-1_20231026_070056/b/HY11_1/aop_proc/core/settings/pmic/config/fillmore/pm_config_target.o	#SHT_PROGBITS,SHF_MERGE|SHF_STRINGS,1
	0x549		
.debug_str	0x3173	0xc	/local/mnt/workspace/CRMBuilds/AOP.HO.4.0-00571-WAIPIO_E-1_20231026_070056/b/HY11_1/aop_proc/core/settings/pmic/config/fillmore/pm_config_target.o	#SHT_PROGBITS,SHF_MERGE|SHF_STRINGS,1
	0x555		
.debug_str	0x317f	0xe	/local/mnt/workspace/CRMBuilds/AOP.HO.4.0-00571-WAIPIO_E-1_20231026_070056/b/HY11_1/aop_proc/core/settings/pmic/config/fillmore/pm_config_target.o	#SHT_PROGBITS,SHF_MERGE|SHF_STRINGS,1
	0x561		
.debug_str	0x318d	0x16	/local/mnt/workspace/CRMBuilds/AOP.HO.4.0-00571-WAIPIO_E-1_20231026_070056/b/HY11_1/aop_proc/core/settings/pmic/config/fillmore/pm_config_target.o	#SHT_PROGBITS,SHF_MERGE|SHF_STRINGS,1
	0x56f		
.debug_str	0x31a3	0x1d	/local/mnt/workspace/CRMBuilds/AOP.HO.4.0-00571-WAIPIO_E-1_20231026_070056/b/HY11_1/aop_proc/core/settings/pmic/config/fillmore/pm_config_target.o	#SHT_PROGBITS,SHF_MERGE|SHF_STRINGS,1
	0x585		
.debug_str	0x31c0	0x7	/local/mnt/workspace/CRMBuilds/AOP.HO.4.0-00571-WAIPIO_E-1_20231026_070056/b/HY11_1/aop_proc/core/settings/pmic/config/fillmore/pm_config_target.o	#SHT_PROGBITS,SHF_MERGE|SHF_STRINGS,1
	0x5a2		
.debug_str	0x31c7	0x9	/local/mnt/workspace/CRMBuilds/AOP.HO.4.0-00571-WAIPIO_E-1_20231026_070056/b/HY11_1/aop_proc/core/settings/pmic/config/fillmore/pm_config_target.o	#SHT_PROGBITS,SHF_MERGE|SHF_STRINGS,1
	0x5a9		
.debug_str	0x31d0	0x7	/local/mnt/workspace/CRMBuilds/AOP.HO.4.0-00571-WAIPIO_E-1_20231026_070056/b/HY11_1/aop_proc/core/settings/pmic/config/fillmore/pm_config_target.o	#SHT_PROGBITS,SHF_MERGE|SHF_STRINGS,1
	0x5b2		
.debug_str	0x31d7	0x8	/local/mnt/workspace/CRMBuilds/AOP.HO.4.0-00571-WAIPIO_E-1_20231026_070056/b/HY11_1/aop_proc/core/settings/pmic/config/fillmore/pm_config_target.o	#SHT_PROGBITS,SHF_MERGE|SHF_STRINGS,1
	0x5b9		
.debug_str	0x31df	0xd	/local/mnt/workspace/CRMBuilds/AOP.HO.4.0-00571-WAIPIO_E-1_20231026_070056/b/HY11_1/aop_proc/core/settings/pmic/config/fillmore/pm_config_target.o	#SHT_PROGBITS,SHF_MERGE|SHF_STRINGS,1
	0x5c1		
.debug_str	0x31ec	0xb	/local/mnt/workspace/CRMBuilds/AOP.HO.4.0-00571-WAIPIO_E-1_20231026_070056/b/HY11_1/aop_proc/core/settings/pmic/config/fillmore/pm_config_target.o	#SHT_PROGBITS,SHF_MERGE|SHF_STRINGS,1
	0x5ce		
.debug_str	0x31f7	0x1b	/local/mnt/workspace/CRMBuilds/AOP.HO.4.0-00571-WAIPIO_E-1_20231026_070056/b/HY11_1/aop_proc/core/settings/pmic/config/fillmore/pm_config_target.o	#SHT_PROGBITS,SHF_MERGE|SHF_STRINGS,1
	0x5d9		
.debug_str	0x3212	0x13	/local/mnt/workspace/CRMBuilds/AOP.HO.4.0-00571-WAIPIO_E-1_20231026_070056/b/HY11_1/aop_proc/core/settings/pmic/config/fillmore/pm_config_target.o	#SHT_PROGBITS,SHF_MERGE|SHF_STRINGS,1
	0x5f4		
.debug_str	0x3225	0x10	/local/mnt/workspace/CRMBuilds/AOP.HO.4.0-00571-WAIPIO_E-1_20231026_070056/b/HY11_1/aop_proc/core/settings/pmic/config/fillmore/pm_config_target.o	#SHT_PROGBITS,SHF_MERGE|SHF_STRINGS,1
	0x607		
.debug_str	0x3235	0xb	/local/mnt/workspace/CRMBuilds/AOP.HO.4.0-00571-WAIPIO_E-1_20231026_070056/b/HY11_1/aop_proc/core/settings/pmic/config/fillmore/pm_config_target.o	#SHT_PROGBITS,SHF_MERGE|SHF_STRINGS,1
	0x617		
.debug_str	0x3240	0xc	/local/mnt/workspace/CRMBuilds/AOP.HO.4.0-00571-WAIPIO_E-1_20231026_070056/b/HY11_1/aop_proc/core/settings/pmic/config/fillmore/pm_config_target.o	#SHT_PROGBITS,SHF_MERGE|SHF_STRINGS,1
	0x622		
.debug_str	0x324c	0xb	/local/mnt/workspace/CRMBuilds/AOP.HO.4.0-00571-WAIPIO_E-1_20231026_070056/b/HY11_1/aop_proc/core/settings/pmic/config/fillmore/pm_config_target.o	#SHT_PROGBITS,SHF_MERGE|SHF_STRINGS,1
	0x62e		
.debug_str	0x3257	0x9	/local/mnt/workspace/CRMBuilds/AOP.HO.4.0-00571-WAIPIO_E-1_20231026_070056/b/HY11_1/aop_proc/core/settings/pmic/config/fillmore/pm_config_target.o	#SHT_PROGBITS,SHF_MERGE|SHF_STRINGS,1
	0x639		
.debug_str	0x3260	0xa	/local/mnt/workspace/CRMBuilds/AOP.HO.4.0-00571-WAIPIO_E-1_20231026_070056/b/HY11_1/aop_proc/core/settings/pmic/config/fillmore/pm_config_target.o	#SHT_PROGBITS,SHF_MERGE|SHF_STRINGS,1
	0x642		
.debug_str	0x326a	0x9	/local/mnt/workspace/CRMBuilds/AOP.HO.4.0-00571-WAIPIO_E-1_20231026_070056/b/HY11_1/aop_proc/core/settings/pmic/config/fillmore/pm_config_target.o	#SHT_PROGBITS,SHF_MERGE|SHF_STRINGS,1
	0x64c		
.debug_str	0x3273	0x9	/local/mnt/workspace/CRMBuilds/AOP.HO.4.0-00571-WAIPIO_E-1_20231026_070056/b/HY11_1/aop_proc/core/settings/pmic/config/fillmore/pm_config_target.o	#SHT_PROGBITS,SHF_MERGE|SHF_STRINGS,1
	0x655		
.debug_str	0x327c	0xa	/local/mnt/workspace/CRMBuilds/AOP.HO.4.0-00571-WAIPIO_E-1_20231026_070056/b/HY11_1/aop_proc/core/settings/pmic/config/fillmore/pm_config_target.o	#SHT_PROGBITS,SHF_MERGE|SHF_STRINGS,1
	0x65e		
.debug_str	0x3286	0xc	/local/mnt/workspace/CRMBuilds/AOP.HO.4.0-00571-WAIPIO_E-1_20231026_070056/b/HY11_1/aop_proc/core/settings/pmic/config/fillmore/pm_config_target.o	#SHT_PROGBITS,SHF_MERGE|SHF_STRINGS,1
	0x668		
.debug_str	0x3292	0x90	/local/mnt/workspace/CRMBuilds/AOP.HO.4.0-00571-WAIPIO_E-1_20231026_070056/b/HY11_1/aop_proc/core/settings/pmic/config/fillmore/pm_config_dep.o	#SHT_PROGBITS,SHF_MERGE|SHF_STRINGS,1
	0x674		
.debug_str	0x3322	0xb	/local/mnt/workspace/CRMBuilds/AOP.HO.4.0-00571-WAIPIO_E-1_20231026_070056/b/HY11_1/aop_proc/core/settings/pmic/config/fillmore/pm_config_dep.o	#SHT_PROGBITS,SHF_MERGE|SHF_STRINGS,1
	0x704		
.debug_str	0x332d	0x7	/local/mnt/workspace/CRMBuilds/AOP.HO.4.0-00571-WAIPIO_E-1_20231026_070056/b/HY11_1/aop_proc/core/settings/pmic/config/fillmore/pm_config_dep.o	#SHT_PROGBITS,SHF_MERGE|SHF_STRINGS,1
	0x70f		
.debug_str	0x3334	0xb	/local/mnt/workspace/CRMBuilds/AOP.HO.4.0-00571-WAIPIO_E-1_20231026_070056/b/HY11_1/aop_proc/core/settings/pmic/config/fillmore/pm_config_dep.o	#SHT_PROGBITS,SHF_MERGE|SHF_STRINGS,1
	0x716		
.debug_str	0x333f	0x10	/local/mnt/workspace/CRMBuilds/AOP.HO.4.0-00571-WAIPIO_E-1_20231026_070056/b/HY11_1/aop_proc/core/settings/pmic/config/fillmore/pm_config_dep.o	#SHT_PROGBITS,SHF_MERGE|SHF_STRINGS,1
	0x721		
.debug_str	0x334f	0x9	/local/mnt/workspace/CRMBuilds/AOP.HO.4.0-00571-WAIPIO_E-1_20231026_070056/b/HY11_1/aop_proc/core/settings/pmic/config/fillmore/pm_config_dep.o	#SHT_PROGBITS,SHF_MERGE|SHF_STRINGS,1
	0x731		
.debug_str	0x3358	0xf	/local/mnt/workspace/CRMBuilds/AOP.HO.4.0-00571-WAIPIO_E-1_20231026_070056/b/HY11_1/aop_proc/core/settings/pmic/config/fillmore/pm_config_dep.o	#SHT_PROGBITS,SHF_MERGE|SHF_STRINGS,1
	0x73a		
.debug_str	0x3367	0xe	/local/mnt/workspace/CRMBuilds/AOP.HO.4.0-00571-WAIPIO_E-1_20231026_070056/b/HY11_1/aop_proc/core/settings/pmic/config/fillmore/pm_config_dep.o	#SHT_PROGBITS,SHF_MERGE|SHF_STRINGS,1
	0x749		
.debug_str	0x3375	0x20	/local/mnt/workspace/CRMBuilds/AOP.HO.4.0-00571-WAIPIO_E-1_20231026_070056/b/HY11_1/aop_proc/core/settings/pmic/config/fillmore/pm_config_dep.o	#SHT_PROGBITS,SHF_MERGE|SHF_STRINGS,1
	0x757		
.debug_str	0x3395	0xb	/local/mnt/workspace/CRMBuilds/AOP.HO.4.0-00571-WAIPIO_E-1_20231026_070056/b/HY11_1/aop_proc/core/settings/pmic/config/fillmore/pm_config_dep.o	#SHT_PROGBITS,SHF_MERGE|SHF_STRINGS,1
	0x777		
.debug_str	0x33a0	0xb	/local/mnt/workspace/CRMBuilds/AOP.HO.4.0-00571-WAIPIO_E-1_20231026_070056/b/HY11_1/aop_proc/core/settings/pmic/config/fillmore/pm_config_dep.o	#SHT_PROGBITS,SHF_MERGE|SHF_STRINGS,1
	0x782		
.debug_str	0x33ab	0xb	/local/mnt/workspace/CRMBuilds/AOP.HO.4.0-00571-WAIPIO_E-1_20231026_070056/b/HY11_1/aop_proc/core/settings/pmic/config/fillmore/pm_config_dep.o	#SHT_PROGBITS,SHF_MERGE|SHF_STRINGS,1
	0x78d		
.debug_str	0x33b6	0xb	/local/mnt/workspace/CRMBuilds/AOP.HO.4.0-00571-WAIPIO_E-1_20231026_070056/b/HY11_1/aop_proc/core/settings/pmic/config/fillmore/pm_config_dep.o	#SHT_PROGBITS,SHF_MERGE|SHF_STRINGS,1
	0x798		
.debug_str	0x33c1	0xb	/local/mnt/workspace/CRMBuilds/AOP.HO.4.0-00571-WAIPIO_E-1_20231026_070056/b/HY11_1/aop_proc/core/settings/pmic/config/fillmore/pm_config_dep.o	#SHT_PROGBITS,SHF_MERGE|SHF_STRINGS,1
	0x7a3		
.debug_str	0x33cc	0xa	/local/mnt/workspace/CRMBuilds/AOP.HO.4.0-00571-WAIPIO_E-1_20231026_070056/b/HY11_1/aop_proc/core/settings/pmic/config/fillmore/pm_config_dep.o	#SHT_PROGBITS,SHF_MERGE|SHF_STRINGS,1
	0x7ae		
.debug_str	0x33d6	0xa	/local/mnt/workspace/CRMBuilds/AOP.HO.4.0-00571-WAIPIO_E-1_20231026_070056/b/HY11_1/aop_proc/core/settings/pmic/config/fillmore/pm_config_dep.o	#SHT_PROGBITS,SHF_MERGE|SHF_STRINGS,1
	0x7b8		
.debug_str	0x33e0	0xa	/local/mnt/workspace/CRMBuilds/AOP.HO.4.0-00571-WAIPIO_E-1_20231026_070056/b/HY11_1/aop_proc/core/settings/pmic/config/fillmore/pm_config_dep.o	#SHT_PROGBITS,SHF_MERGE|SHF_STRINGS,1
	0x7c2		
.debug_str	0x33ea	0xa	/local/mnt/workspace/CRMBuilds/AOP.HO.4.0-00571-WAIPIO_E-1_20231026_070056/b/HY11_1/aop_proc/core/settings/pmic/config/fillmore/pm_config_dep.o	#SHT_PROGBITS,SHF_MERGE|SHF_STRINGS,1
	0x7cc		
.debug_str	0x33f4	0xa	/local/mnt/workspace/CRMBuilds/AOP.HO.4.0-00571-WAIPIO_E-1_20231026_070056/b/HY11_1/aop_proc/core/settings/pmic/config/fillmore/pm_config_dep.o	#SHT_PROGBITS,SHF_MERGE|SHF_STRINGS,1
	0x7d6		
.debug_str	0x33fe	0x9	/local/mnt/workspace/CRMBuilds/AOP.HO.4.0-00571-WAIPIO_E-1_20231026_070056/b/HY11_1/aop_proc/core/settings/pmic/config/fillmore/pm_config_dep.o	#SHT_PROGBITS,SHF_MERGE|SHF_STRINGS,1
	0x7e0		
.debug_str	0x3407	0x8	/local/mnt/workspace/CRMBuilds/AOP.HO.4.0-00571-WAIPIO_E-1_20231026_070056/b/HY11_1/aop_proc/core/settings/pmic/config/fillmore/pm_config_dep.o	#SHT_PROGBITS,SHF_MERGE|SHF_STRINGS,1
	0x7e9		
.debug_str	0x340f	0x8	/local/mnt/workspace/CRMBuilds/AOP.HO.4.0-00571-WAIPIO_E-1_20231026_070056/b/HY11_1/aop_proc/core/settings/pmic/config/fillmore/pm_config_dep.o	#SHT_PROGBITS,SHF_MERGE|SHF_STRINGS,1
	0x7f1		
.debug_str	0x3417	0x8	/local/mnt/workspace/CRMBuilds/AOP.HO.4.0-00571-WAIPIO_E-1_20231026_070056/b/HY11_1/aop_proc/core/settings/pmic/config/fillmore/pm_config_dep.o	#SHT_PROGBITS,SHF_MERGE|SHF_STRINGS,1
	0x7f9		
.debug_str	0x341f	0x7	/local/mnt/workspace/CRMBuilds/AOP.HO.4.0-00571-WAIPIO_E-1_20231026_070056/b/HY11_1/aop_proc/core/settings/pmic/config/fillmore/pm_config_dep.o	#SHT_PROGBITS,SHF_MERGE|SHF_STRINGS,1
	0x801		
.debug_str	0x3426	0xa	/local/mnt/workspace/CRMBuilds/AOP.HO.4.0-00571-WAIPIO_E-1_20231026_070056/b/HY11_1/aop_proc/core/settings/pmic/config/fillmore/pm_config_dep.o	#SHT_PROGBITS,SHF_MERGE|SHF_STRINGS,1
	0x808		
.debug_str	0x3430	0x9	/local/mnt/workspace/CRMBuilds/AOP.HO.4.0-00571-WAIPIO_E-1_20231026_070056/b/HY11_1/aop_proc/core/settings/pmic/config/fillmore/pm_config_dep.o	#SHT_PROGBITS,SHF_MERGE|SHF_STRINGS,1
	0x812		
.debug_str	0x3439	0x9	/local/mnt/workspace/CRMBuilds/AOP.HO.4.0-00571-WAIPIO_E-1_20231026_070056/b/HY11_1/aop_proc/core/settings/pmic/config/fillmore/pm_config_dep.o	#SHT_PROGBITS,SHF_MERGE|SHF_STRINGS,1
	0x81b		
.debug_str	0x3442	0x9	/local/mnt/workspace/CRMBuilds/AOP.HO.4.0-00571-WAIPIO_E-1_20231026_070056/b/HY11_1/aop_proc/core/settings/pmic/config/fillmore/pm_config_dep.o	#SHT_PROGBITS,SHF_MERGE|SHF_STRINGS,1
	0x824		
.debug_str	0x344b	0x12	/local/mnt/workspace/CRMBuilds/AOP.HO.4.0-00571-WAIPIO_E-1_20231026_070056/b/HY11_1/aop_proc/core/settings/pmic/config/fillmore/pm_config_dep.o	#SHT_PROGBITS,SHF_MERGE|SHF_STRINGS,1
	0x82d		
.debug_str	0x345d	0x12	/local/mnt/workspace/CRMBuilds/AOP.HO.4.0-00571-WAIPIO_E-1_20231026_070056/b/HY11_1/aop_proc/core/settings/pmic/config/fillmore/pm_config_dep.o	#SHT_PROGBITS,SHF_MERGE|SHF_STRINGS,1
	0x83f		
.debug_str	0x346f	0x12	/local/mnt/workspace/CRMBuilds/AOP.HO.4.0-00571-WAIPIO_E-1_20231026_070056/b/HY11_1/aop_proc/core/settings/pmic/config/fillmore/pm_config_dep.o	#SHT_PROGBITS,SHF_MERGE|SHF_STRINGS,1
	0x851		
.debug_str	0x3481	0x12	/local/mnt/workspace/CRMBuilds/AOP.HO.4.0-00571-WAIPIO_E-1_20231026_070056/b/HY11_1/aop_proc/core/settings/pmic/config/fillmore/pm_config_dep.o	#SHT_PROGBITS,SHF_MERGE|SHF_STRINGS,1
	0x863		
.debug_str	0x3493	0x12	/local/mnt/workspace/CRMBuilds/AOP.HO.4.0-00571-WAIPIO_E-1_20231026_070056/b/HY11_1/aop_proc/core/settings/pmic/config/fillmore/pm_config_dep.o	#SHT_PROGBITS,SHF_MERGE|SHF_STRINGS,1
	0x875		
.debug_str	0x34a5	0x11	/local/mnt/workspace/CRMBuilds/AOP.HO.4.0-00571-WAIPIO_E-1_20231026_070056/b/HY11_1/aop_proc/core/settings/pmic/config/fillmore/pm_config_dep.o	#SHT_PROGBITS,SHF_MERGE|SHF_STRINGS,1
	0x887		
.debug_str	0x34b6	0x7	/local/mnt/workspace/CRMBuilds/AOP.HO.4.0-00571-WAIPIO_E-1_20231026_070056/b/HY11_1/aop_proc/core/settings/pmic/config/fillmore/pm_config_dep.o	#SHT_PROGBITS,SHF_MERGE|SHF_STRINGS,1
	0x898		
.debug_str	0x34bd	0x6	/local/mnt/workspace/CRMBuilds/AOP.HO.4.0-00571-WAIPIO_E-1_20231026_070056/b/HY11_1/aop_proc/core/settings/pmic/config/fillmore/pm_config_dep.o	#SHT_PROGBITS,SHF_MERGE|SHF_STRINGS,1
	0x89f		
.debug_str	0x34c3	0x7	/local/mnt/workspace/CRMBuilds/AOP.HO.4.0-00571-WAIPIO_E-1_20231026_070056/b/HY11_1/aop_proc/core/settings/pmic/config/fillmore/pm_config_dep.o	#SHT_PROGBITS,SHF_MERGE|SHF_STRINGS,1
	0x8a5		
.debug_str	0x34ca	0x7	/local/mnt/workspace/CRMBuilds/AOP.HO.4.0-00571-WAIPIO_E-1_20231026_070056/b/HY11_1/aop_proc/core/settings/pmic/config/fillmore/pm_config_dep.o	#SHT_PROGBITS,SHF_MERGE|SHF_STRINGS,1
	0x8ac		
.debug_str	0x34d1	0x7	/local/mnt/workspace/CRMBuilds/AOP.HO.4.0-00571-WAIPIO_E-1_20231026_070056/b/HY11_1/aop_proc/core/settings/pmic/config/fillmore/pm_config_dep.o	#SHT_PROGBITS,SHF_MERGE|SHF_STRINGS,1
	0x8b3		
.debug_str	0x34d8	0x7	/local/mnt/workspace/CRMBuilds/AOP.HO.4.0-00571-WAIPIO_E-1_20231026_070056/b/HY11_1/aop_proc/core/settings/pmic/config/fillmore/pm_config_dep.o	#SHT_PROGBITS,SHF_MERGE|SHF_STRINGS,1
	0x8ba		
.debug_str	0x34df	0x7	/local/mnt/workspace/CRMBuilds/AOP.HO.4.0-00571-WAIPIO_E-1_20231026_070056/b/HY11_1/aop_proc/core/settings/pmic/config/fillmore/pm_config_dep.o	#SHT_PROGBITS,SHF_MERGE|SHF_STRINGS,1
	0x8c1		
.debug_str	0x34e6	0x6	/local/mnt/workspace/CRMBuilds/AOP.HO.4.0-00571-WAIPIO_E-1_20231026_070056/b/HY11_1/aop_proc/core/settings/pmic/config/fillmore/pm_config_dep.o	#SHT_PROGBITS,SHF_MERGE|SHF_STRINGS,1
	0x8c8		
.debug_str	0x34ec	0x6	/local/mnt/workspace/CRMBuilds/AOP.HO.4.0-00571-WAIPIO_E-1_20231026_070056/b/HY11_1/aop_proc/core/settings/pmic/config/fillmore/pm_config_dep.o	#SHT_PROGBITS,SHF_MERGE|SHF_STRINGS,1
	0x8ce		
.debug_str	0x34f2	0x6	/local/mnt/workspace/CRMBuilds/AOP.HO.4.0-00571-WAIPIO_E-1_20231026_070056/b/HY11_1/aop_proc/core/settings/pmic/config/fillmore/pm_config_dep.o	#SHT_PROGBITS,SHF_MERGE|SHF_STRINGS,1
	0x8d4		
.debug_str	0x34f8	0x6	/local/mnt/workspace/CRMBuilds/AOP.HO.4.0-00571-WAIPIO_E-1_20231026_070056/b/HY11_1/aop_proc/core/settings/pmic/config/fillmore/pm_config_dep.o	#SHT_PROGBITS,SHF_MERGE|SHF_STRINGS,1
	0x8da		
.debug_str	0x34fe	0x7c	/local/mnt/workspace/CRMBuilds/AOP.HO.4.0-00571-WAIPIO_E-1_20231026_070056/b/HY11_1/aop_proc/core/bsp/aop/src/devcfg_main.o	#SHT_PROGBITS,SHF_MERGE|SHF_STRINGS,1
	0x8e0		
.debug_str	0x357a	0xf	/local/mnt/workspace/CRMBuilds/AOP.HO.4.0-00571-WAIPIO_E-1_20231026_070056/b/HY11_1/aop_proc/core/bsp/aop/src/devcfg_main.o	#SHT_PROGBITS,SHF_MERGE|SHF_STRINGS,1
	0x95c		
.debug_str	0x3589	0x5	/local/mnt/workspace/CRMBuilds/AOP.HO.4.0-00571-WAIPIO_E-1_20231026_070056/b/HY11_1/aop_proc/core/bsp/aop/src/devcfg_main.o	#SHT_PROGBITS,SHF_MERGE|SHF_STRINGS,1
	0x96b		
.debug_str	0x358e	0x4	/local/mnt/workspace/CRMBuilds/AOP.HO.4.0-00571-WAIPIO_E-1_20231026_070056/b/HY11_1/aop_proc/core/bsp/aop/src/devcfg_main.o	#SHT_PROGBITS,SHF_MERGE|SHF_STRINGS,1
	0x970		
.debug_str	0x3592	0x87	/local/mnt/workspace/CRMBuilds/AOP.HO.4.0-00571-WAIPIO_E-1_20231026_070056/b/HY11_1/aop_proc/core/bsp/aop/build/aop_settings_autogen.o	#SHT_PROGBITS,SHF_MERGE|SHF_STRINGS,1
	0x974		
.debug_str	0x3619	0xe	/local/mnt/workspace/CRMBuilds/AOP.HO.4.0-00571-WAIPIO_E-1_20231026_070056/b/HY11_1/aop_proc/core/bsp/aop/build/aop_settings_autogen.o	#SHT_PROGBITS,SHF_MERGE|SHF_STRINGS,1
	0x9fb		
.debug_str	0x3627	0x8	/local/mnt/workspace/CRMBuilds/AOP.HO.4.0-00571-WAIPIO_E-1_20231026_070056/b/HY11_1/aop_proc/core/bsp/aop/build/aop_settings_autogen.o	#SHT_PROGBITS,SHF_MERGE|SHF_STRINGS,1
	0xa09		
.debug_str	0x362f	0x9	/local/mnt/workspace/CRMBuilds/AOP.HO.4.0-00571-WAIPIO_E-1_20231026_070056/b/HY11_1/aop_proc/core/bsp/aop/build/aop_settings_autogen.o	#SHT_PROGBITS,SHF_MERGE|SHF_STRINGS,1
	0xa11		
.debug_str	0x3638	0x10	/local/mnt/workspace/CRMBuilds/AOP.HO.4.0-00571-WAIPIO_E-1_20231026_070056/b/HY11_1/aop_proc/core/bsp/aop/build/aop_settings_autogen.o	#SHT_PROGBITS,SHF_MERGE|SHF_STRINGS,1
	0xa1a		
.debug_str	0x3648	0xd	/local/mnt/workspace/CRMBuilds/AOP.HO.4.0-00571-WAIPIO_E-1_20231026_070056/b/HY11_1/aop_proc/core/bsp/aop/build/aop_settings_autogen.o	#SHT_PROGBITS,SHF_MERGE|SHF_STRINGS,1
	0xa2a		
.debug_str	0x3655	0xd	/local/mnt/workspace/CRMBuilds/AOP.HO.4.0-00571-WAIPIO_E-1_20231026_070056/b/HY11_1/aop_proc/core/bsp/aop/build/aop_settings_autogen.o	#SHT_PROGBITS,SHF_MERGE|SHF_STRINGS,1
	0xa37		
.debug_str	0x3662	0x11	/local/mnt/workspace/CRMBuilds/AOP.HO.4.0-00571-WAIPIO_E-1_20231026_070056/b/HY11_1/aop_proc/core/bsp/aop/build/aop_settings_autogen.o	#SHT_PROGBITS,SHF_MERGE|SHF_STRINGS,1
	0xa44		
.debug_str	0x3673	0x8	/local/mnt/workspace/CRMBuilds/AOP.HO.4.0-00571-WAIPIO_E-1_20231026_070056/b/HY11_1/aop_proc/core/bsp/aop/build/aop_settings_autogen.o	#SHT_PROGBITS,SHF_MERGE|SHF_STRINGS,1
	0xa55		
.debug_str	0x367b	0xa	/local/mnt/workspace/CRMBuilds/AOP.HO.4.0-00571-WAIPIO_E-1_20231026_070056/b/HY11_1/aop_proc/core/bsp/aop/build/aop_settings_autogen.o	#SHT_PROGBITS,SHF_MERGE|SHF_STRINGS,1
	0xa5d		
.debug_str	0x3685	0x15	/local/mnt/workspace/CRMBuilds/AOP.HO.4.0-00571-WAIPIO_E-1_20231026_070056/b/HY11_1/aop_proc/core/bsp/aop/build/aop_settings_autogen.o	#SHT_PROGBITS,SHF_MERGE|SHF_STRINGS,1
	0xa67		
.debug_str	0x369a	0x6	/local/mnt/workspace/CRMBuilds/AOP.HO.4.0-00571-WAIPIO_E-1_20231026_070056/b/HY11_1/aop_proc/core/bsp/aop/build/aop_settings_autogen.o	#SHT_PROGBITS,SHF_MERGE|SHF_STRINGS,1
	0xa7c		
.debug_str	0x36a0	0xe	/local/mnt/workspace/CRMBuilds/AOP.HO.4.0-00571-WAIPIO_E-1_20231026_070056/b/HY11_1/aop_proc/core/bsp/aop/build/aop_settings_autogen.o	#SHT_PROGBITS,SHF_MERGE|SHF_STRINGS,1
	0xa82		
.debug_str	0x36ae	0xf	/local/mnt/workspace/CRMBuilds/AOP.HO.4.0-00571-WAIPIO_E-1_20231026_070056/b/HY11_1/aop_proc/core/bsp/aop/build/aop_settings_autogen.o	#SHT_PROGBITS,SHF_MERGE|SHF_STRINGS,1
	0xa90		
.debug_str	0x36bd	0x9	/local/mnt/workspace/CRMBuilds/AOP.HO.4.0-00571-WAIPIO_E-1_20231026_070056/b/HY11_1/aop_proc/core/bsp/aop/build/aop_settings_autogen.o	#SHT_PROGBITS,SHF_MERGE|SHF_STRINGS,1
	0xa9f		
.debug_str	0x36c6	0xc	/local/mnt/workspace/CRMBuilds/AOP.HO.4.0-00571-WAIPIO_E-1_20231026_070056/b/HY11_1/aop_proc/core/bsp/aop/build/aop_settings_autogen.o	#SHT_PROGBITS,SHF_MERGE|SHF_STRINGS,1
	0xaa8		
.debug_str	0x36d2	0x7	/local/mnt/workspace/CRMBuilds/AOP.HO.4.0-00571-WAIPIO_E-1_20231026_070056/b/HY11_1/aop_proc/core/bsp/aop/build/aop_settings_autogen.o	#SHT_PROGBITS,SHF_MERGE|SHF_STRINGS,1
	0xab4		
.debug_str	0x36d9	0x11	/local/mnt/workspace/CRMBuilds/AOP.HO.4.0-00571-WAIPIO_E-1_20231026_070056/b/HY11_1/aop_proc/core/bsp/aop/build/aop_settings_autogen.o	#SHT_PROGBITS,SHF_MERGE|SHF_STRINGS,1
	0xabb		
.debug_str	0x36ea	0x12	/local/mnt/workspace/CRMBuilds/AOP.HO.4.0-00571-WAIPIO_E-1_20231026_070056/b/HY11_1/aop_proc/core/bsp/aop/build/aop_settings_autogen.o	#SHT_PROGBITS,SHF_MERGE|SHF_STRINGS,1
	0xacc		

.comment	0x36fc	0x4e # Offset: 0x36fc, Alignment: 0x1
*(.comment) #Rule 20, Internal-LinkerScript (Implicit rule inserted by Linker) [0:0]
.comment	0x36fc	0x1	/local/mnt/workspace/CRMBuilds/AOP.HO.4.0-00571-WAIPIO_E-1_20231026_070056/b/HY11_1/aop_proc/core/settings/pmic/config/fillmore/pm_config_target.o	#SHT_PROGBITS,SHF_MERGE|SHF_STRINGS,1
.comment	0x36fd	0x24	/local/mnt/workspace/CRMBuilds/AOP.HO.4.0-00571-WAIPIO_E-1_20231026_070056/b/HY11_1/aop_proc/core/settings/pmic/config/fillmore/pm_config_target.o	#SHT_PROGBITS,SHF_MERGE|SHF_STRINGS,1
.comment	0x3721	0x29	Linker Version	#SHT_PROGBITS,SHF_MERGE|SHF_STRINGS,1

.note.GNU-stack	0x374a	0x0 # Offset: 0x374a, Alignment: 0x1
*(.note.GNU-stack) #Rule 21, Internal-LinkerScript (Implicit rule inserted by Linker) [0:0]

.debug_line	0x374a	0x4fb # Offset: 0x374a, Alignment: 0x1
*(.debug_line) #Rule 22, Internal-LinkerScript (Implicit rule inserted by Linker) [0:0]
.debug_line	0x374a	0x18d	/local/mnt/workspace/CRMBuilds/AOP.HO.4.0-00571-WAIPIO_E-1_20231026_070056/b/HY11_1/aop_proc/core/settings/pmic/config/fillmore/pm_config_target.o	#SHT_PROGBITS,,1
.debug_line	0x38d7	0x16f	/local/mnt/workspace/CRMBuilds/AOP.HO.4.0-00571-WAIPIO_E-1_20231026_070056/b/HY11_1/aop_proc/core/settings/pmic/config/fillmore/pm_config_dep.o	#SHT_PROGBITS,,1
.debug_line	0x3a46	0xb4	/local/mnt/workspace/CRMBuilds/AOP.HO.4.0-00571-WAIPIO_E-1_20231026_070056/b/HY11_1/aop_proc/core/bsp/aop/src/devcfg_main.o	#SHT_PROGBITS,,1
.debug_line	0x3afa	0x14b	/local/mnt/workspace/CRMBuilds/AOP.HO.4.0-00571-WAIPIO_E-1_20231026_070056/b/HY11_1/aop_proc/core/bsp/aop/build/aop_settings_autogen.o	#SHT_PROGBITS,,1

.debug_frame	0x3c48	0x48 # Offset: 0x3c48, Alignment: 0x4
*(.debug_frame) #Rule 23, Internal-LinkerScript (Implicit rule inserted by Linker) [0:0]
.debug_frame	0x3c48	0x28	/local/mnt/workspace/CRMBuilds/AOP.HO.4.0-00571-WAIPIO_E-1_20231026_070056/b/HY11_1/aop_proc/core/bsp/aop/src/devcfg_main.o	#SHT_PROGBITS,,4
.debug_frame	0x3c70	0x20	/local/mnt/workspace/CRMBuilds/AOP.HO.4.0-00571-WAIPIO_E-1_20231026_070056/b/HY11_1/aop_proc/core/bsp/aop/build/aop_settings_autogen.o	#SHT_PROGBITS,,4

/DISCARD/	0x808a20f6	0x0 # Offset: 0x3c90, LMA: 0x0, Alignment: 0x1, Segments : [ AOPSS_DEVCFG_CODE ]
*(.ARM.extab*) #Rule 13, /local/mnt/workspace/CRMBuilds/AOP.HO.4.0-00571-WAIPIO_E-1_20231026_070056/b/HY11_1/aop_proc/core/bsp/aop/build/AOP_AAAAANAZO_devcfg.scl [8:0]
*(.ARM.exid*) #Rule 14, /local/mnt/workspace/CRMBuilds/AOP.HO.4.0-00571-WAIPIO_E-1_20231026_070056/b/HY11_1/aop_proc/core/bsp/aop/build/AOP_AAAAANAZO_devcfg.scl [11:0]
*(.got) #Rule 15, /local/mnt/workspace/CRMBuilds/AOP.HO.4.0-00571-WAIPIO_E-1_20231026_070056/b/HY11_1/aop_proc/core/bsp/aop/build/AOP_AAAAANAZO_devcfg.scl [1:0]
*(/DISCARD/) #Rule 16, Internal-LinkerScript (Implicit rule inserted by Linker) [0:0]

.shstrtab	0x3c90	0xca # Offset: 0x3c90, Alignment: 0x1

.symtab	0x3d5c	0x1790 # Offset: 0x3d5c, Alignment: 0x4

.strtab	0x54ec	0x8c2 # Offset: 0x54ec, Alignment: 0x1
