# Linker from Snapdragon LLVM ARM Compiler Version 12.0.3
# Linker based on LLVM version: 12.0
# Notable linker command/script options:
# CPU Architecture Version: 
# Target triple environment for the link: gnueabi
# Maximum GP size: 8
# Link type: Static
# ABI Page Size: 0x4
# CommandLine : /pkg/qct/software/llvm/release/arm/12.0.3/bin/../bin/ld.qcld -EL -X --eh-frame-hdr -m armelf_linux_eabi -dynamic-linker /lib/ld-linux.so.3 -o /local/mnt/workspace/CRMBuilds/AOP.HO.4.0-00571-WAIPIO_E-1_20231026_070056/b/HY11_1/aop_proc/core/bsp/aop/build/AOP_AAAAANAZO_devcfg.elf -static -Map /local/mnt/workspace/CRMBuilds/AOP.HO.4.0-00571-WAIPIO_E-1_20231026_070056/b/HY11_1/aop_proc/core/bsp/aop/build/AOP_AAAAANAZO_devcfg.map -T /local/mnt/workspace/CRMBuilds/AOP.HO.4.0-00571-WAIPIO_E-1_20231026_070056/b/HY11_1/aop_proc/core/bsp/aop/build/AOP_AAAAANAZO_devcfg.scl --gc-sections --symdef-file /local/mnt/workspace/CRMBuilds/AOP.HO.4.0-00571-WAIPIO_E-1_20231026_070056/b/HY11_1/aop_proc/core/bsp/aop/build/AOP_AAAAANAZO_devcfg.sym --start-group /local/mnt/workspace/CRMBuilds/AOP.HO.4.0-00571-WAIPIO_E-1_20231026_070056/b/HY11_1/aop_proc/core/settings/pmic/config/clarence/pm_config_target.o /local/mnt/workspace/CRMBuilds/AOP.HO.4.0-00571-WAIPIO_E-1_20231026_070056/b/HY11_1/aop_proc/core/settings/pmic/config/clarence/pm_config_dep.o /local/mnt/workspace/CRMBuilds/AOP.HO.4.0-00571-WAIPIO_E-1_20231026_070056/b/HY11_1/aop_proc/core/bsp/aop/src/devcfg_main.o /local/mnt/workspace/CRMBuilds/AOP.HO.4.0-00571-WAIPIO_E-1_20231026_070056/b/HY11_1/aop_proc/core/bsp/aop/build/aop_settings_autogen.o --end-group --wrap malloc --wrap free --wrap realloc --wrap calloc -L/pkg/qct/software/llvm/release/arm/12.0.3/bin/../armv7m-none-eabi/libc/lib -L/pkg/qct/software/llvm/release/arm/12.0.3/bin/../armv7m-none-eabi/lib --start-group -lunwind -lc++ -lc++abi --end-group -L/pkg/qct/software/llvm/release/arm/12.0.3/lib/clang/12.0.3/lib/baremetal --start-group -lc -lclang_rt.builtins-armv7m --end-group /pkg/qct/software/llvm/release/arm/12.0.3/bin/../armv7m-none-eabi/libc/lib/crt1.o -lm -lc 
# LinkStats Begin
# ObjectFiles : 9
# LinkerScripts : 2
# ArchiveFiles : 7
# GroupTraversals : 9
# SectionsGarbageCollected : 41
# NumLinkerScriptRules : 11
# NumOutputSections : 15
# NumOrphans : 11
# NoRuleMatches : 7
# LinkStats End
Archive member included because of file (symbol)
/pkg/qct/software/llvm/release/arm/12.0.3/bin/../armv7m-none-eabi/libc/lib/libc.a(__libc_start_main.o)
		/pkg/qct/software/llvm/release/arm/12.0.3/bin/../armv7m-none-eabi/libc/lib/crt1.o (__libc_start_main)
/pkg/qct/software/llvm/release/arm/12.0.3/bin/../armv7m-none-eabi/libc/lib/libc.a(exit.o)
		/pkg/qct/software/llvm/release/arm/12.0.3/bin/../armv7m-none-eabi/libc/lib/libc.a(__libc_start_main.o) (exit)
/pkg/qct/software/llvm/release/arm/12.0.3/bin/../armv7m-none-eabi/libc/lib/libc.a(memset_nofp_armv7.o)
		/pkg/qct/software/llvm/release/arm/12.0.3/bin/../armv7m-none-eabi/libc/lib/libc.a(__libc_start_main.o) (memset)
/pkg/qct/software/llvm/release/arm/12.0.3/bin/../armv7m-none-eabi/libc/lib/libc.a(_Exit.o)
		/pkg/qct/software/llvm/release/arm/12.0.3/bin/../armv7m-none-eabi/libc/lib/libc.a(exit.o) (_Exit)

Linker Script and memory map
START GROUP
LOAD /local/mnt/workspace/CRMBuilds/AOP.HO.4.0-00571-WAIPIO_E-1_20231026_070056/b/HY11_1/aop_proc/core/settings/pmic/config/clarence/pm_config_target.o[arm]
LOAD /local/mnt/workspace/CRMBuilds/AOP.HO.4.0-00571-WAIPIO_E-1_20231026_070056/b/HY11_1/aop_proc/core/settings/pmic/config/clarence/pm_config_dep.o[arm]
LOAD /local/mnt/workspace/CRMBuilds/AOP.HO.4.0-00571-WAIPIO_E-1_20231026_070056/b/HY11_1/aop_proc/core/bsp/aop/src/devcfg_main.o[arm]
LOAD /local/mnt/workspace/CRMBuilds/AOP.HO.4.0-00571-WAIPIO_E-1_20231026_070056/b/HY11_1/aop_proc/core/bsp/aop/build/aop_settings_autogen.o[arm]
END GROUP
START GROUP
END GROUP
START GROUP
END GROUP
LOAD /pkg/qct/software/llvm/release/arm/12.0.3/bin/../armv7m-none-eabi/libc/lib/crt1.o[arm]
LOAD /pkg/qct/software/llvm/release/arm/12.0.3/bin/../armv7m-none-eabi/libc/lib/libc.a(__libc_start_main.o)[arm]
LOAD /pkg/qct/software/llvm/release/arm/12.0.3/bin/../armv7m-none-eabi/libc/lib/libc.a(exit.o)[arm]
LOAD /pkg/qct/software/llvm/release/arm/12.0.3/bin/../armv7m-none-eabi/libc/lib/libc.a(memset_nofp_armv7.o)[arm]
LOAD /pkg/qct/software/llvm/release/arm/12.0.3/bin/../armv7m-none-eabi/libc/lib/libc.a(_Exit.o)[arm]

Linker scripts used (including INCLUDE command)
/local/mnt/workspace/CRMBuilds/AOP.HO.4.0-00571-WAIPIO_E-1_20231026_070056/b/HY11_1/aop_proc/core/bsp/aop/build/AOP_AAAAANAZO_devcfg.scl
Linker Plugin Information
Linker Plugin Run Information

# Output Section and Layout 

AOPSS_DEVCFG_DATA_TOP	0x80880000	0xc # Offset: 0x74, LMA: 0x80880000, Alignment: 0x4, Segments : [ AOPSS_DEVCFG_DATA ]
*(aop_devcfg_top_sec) #Rule 1, /local/mnt/workspace/CRMBuilds/AOP.HO.4.0-00571-WAIPIO_E-1_20231026_070056/b/HY11_1/aop_proc/core/bsp/aop/build/AOP_AAAAANAZO_devcfg.scl [1:0]
aop_devcfg_top_sec	0x80880000	0xc	/local/mnt/workspace/CRMBuilds/AOP.HO.4.0-00571-WAIPIO_E-1_20231026_070056/b/HY11_1/aop_proc/core/bsp/aop/build/aop_settings_autogen.o	#SHT_PROGBITS,SHF_ALLOC|SHF_WRITE,4
	0x80880000		aop_devcfg_top
*(AOPSS_DEVCFG_DATA_TOP) #Rule 2, Internal-LinkerScript (Implicit rule inserted by Linker) [0:0]

AOPSS_DEVCFG_DATA_REST	0x8088000c	0x13a4 # Offset: 0x80, LMA: 0x8088000c, Alignment: 0x4, Segments : [ AOPSS_DEVCFG_DATA ]
*(.data .data*) #Rule 3, /local/mnt/workspace/CRMBuilds/AOP.HO.4.0-00571-WAIPIO_E-1_20231026_070056/b/HY11_1/aop_proc/core/bsp/aop/build/AOP_AAAAANAZO_devcfg.scl [17:0]
.data.num_of_target_rsrc	0x8088000c	0x4	/local/mnt/workspace/CRMBuilds/AOP.HO.4.0-00571-WAIPIO_E-1_20231026_070056/b/HY11_1/aop_proc/core/settings/pmic/config/clarence/pm_config_target.o	#SHT_PROGBITS,SHF_ALLOC|SHF_WRITE,4
	0x8088000c		num_of_target_rsrc
.data.num_of_ldo	0x80880010	0x38	/local/mnt/workspace/CRMBuilds/AOP.HO.4.0-00571-WAIPIO_E-1_20231026_070056/b/HY11_1/aop_proc/core/settings/pmic/config/clarence/pm_config_target.o	#SHT_PROGBITS,SHF_ALLOC|SHF_WRITE,4
	0x80880010		num_of_ldo
.data.num_of_smps	0x80880048	0x38	/local/mnt/workspace/CRMBuilds/AOP.HO.4.0-00571-WAIPIO_E-1_20231026_070056/b/HY11_1/aop_proc/core/settings/pmic/config/clarence/pm_config_target.o	#SHT_PROGBITS,SHF_ALLOC|SHF_WRITE,4
	0x80880048		num_of_smps
.data.num_of_pstm_seq	0x80880080	0x38	/local/mnt/workspace/CRMBuilds/AOP.HO.4.0-00571-WAIPIO_E-1_20231026_070056/b/HY11_1/aop_proc/core/settings/pmic/config/clarence/pm_config_target.o	#SHT_PROGBITS,SHF_ALLOC|SHF_WRITE,4
	0x80880080		num_of_pstm_seq
.data.pmic_prop_arr	0x808800b8	0xa0	/local/mnt/workspace/CRMBuilds/AOP.HO.4.0-00571-WAIPIO_E-1_20231026_070056/b/HY11_1/aop_proc/core/bsp/aop/build/aop_settings_autogen.o	#SHT_PROGBITS,SHF_ALLOC|SHF_WRITE,4
	0x808800b8		pmic_prop_arr
.data.ddr_prop_arr	0x80880158	0x8	/local/mnt/workspace/CRMBuilds/AOP.HO.4.0-00571-WAIPIO_E-1_20231026_070056/b/HY11_1/aop_proc/core/bsp/aop/build/aop_settings_autogen.o	#SHT_PROGBITS,SHF_ALLOC|SHF_WRITE,4
	0x80880158		ddr_prop_arr
.data.pdc_prop_arr	0x80880160	0x8	/local/mnt/workspace/CRMBuilds/AOP.HO.4.0-00571-WAIPIO_E-1_20231026_070056/b/HY11_1/aop_proc/core/bsp/aop/build/aop_settings_autogen.o	#SHT_PROGBITS,SHF_ALLOC|SHF_WRITE,4
	0x80880160		pdc_prop_arr
.data.prochot_prop_arr	0x80880168	0x8	/local/mnt/workspace/CRMBuilds/AOP.HO.4.0-00571-WAIPIO_E-1_20231026_070056/b/HY11_1/aop_proc/core/bsp/aop/build/aop_settings_autogen.o	#SHT_PROGBITS,SHF_ALLOC|SHF_WRITE,4
	0x80880168		prochot_prop_arr
.data.devices	0x80880170	0x30	/local/mnt/workspace/CRMBuilds/AOP.HO.4.0-00571-WAIPIO_E-1_20231026_070056/b/HY11_1/aop_proc/core/bsp/aop/build/aop_settings_autogen.o	#SHT_PROGBITS,SHF_ALLOC|SHF_WRITE,4
	0x80880170		devices
*(.bss .bss*) #Rule 4, /local/mnt/workspace/CRMBuilds/AOP.HO.4.0-00571-WAIPIO_E-1_20231026_070056/b/HY11_1/aop_proc/core/bsp/aop/build/AOP_AAAAANAZO_devcfg.scl [7:0]
.bss.num_of_bob	0x808801a0	0x38	/local/mnt/workspace/CRMBuilds/AOP.HO.4.0-00571-WAIPIO_E-1_20231026_070056/b/HY11_1/aop_proc/core/settings/pmic/config/clarence/pm_config_target.o	#SHT_NOBITS,SHF_ALLOC|SHF_WRITE,4
	0x808801a0		num_of_bob
*(pm_ddr_reclaim_pool) #Rule 5, /local/mnt/workspace/CRMBuilds/AOP.HO.4.0-00571-WAIPIO_E-1_20231026_070056/b/HY11_1/aop_proc/core/bsp/aop/build/AOP_AAAAANAZO_devcfg.scl [2:0]
pm_ddr_reclaim_pool	0x808801d8	0x858	/local/mnt/workspace/CRMBuilds/AOP.HO.4.0-00571-WAIPIO_E-1_20231026_070056/b/HY11_1/aop_proc/core/settings/pmic/config/clarence/pm_config_target.o	#SHT_PROGBITS,SHF_ALLOC|SHF_WRITE,4
	0x808801d8		ldo_rail_b
	0x808805c8		ldo_rail_e
	0x808806c4		smps_rail_b
	0x80880808		smps_rail_g
	0x8088082c		clk_info_a
	0x8088092c		target_rsrc_info
	0x808809e0		pstm_a
pm_ddr_reclaim_pool	0x80880a30	0x66c	/local/mnt/workspace/CRMBuilds/AOP.HO.4.0-00571-WAIPIO_E-1_20231026_070056/b/HY11_1/aop_proc/core/settings/pmic/config/clarence/pm_config_dep.o	#SHT_PROGBITS,SHF_ALLOC|SHF_WRITE,4
	0x80880a30		clk_dep_a
	0x80880b40		smps_b
	0x80880b90		ldo_dep_b
	0x80880d60		ldo_dep_e
	0x80880de0		smps7_b_child_dep
	0x80880df4		smps8_b_child_dep
	0x80880e04		smps9_b_child_dep
	0x80880e1c		smps_dep_b
	0x80880ebc		smps_dep_g
	0x80880edc		smps_g
	0x80880eec		ldo_b
	0x80880fd4		ldo_e
	0x80881014		clk_a
*(pm_dram_reclaim_pool) #Rule 6, /local/mnt/workspace/CRMBuilds/AOP.HO.4.0-00571-WAIPIO_E-1_20231026_070056/b/HY11_1/aop_proc/core/bsp/aop/build/AOP_AAAAANAZO_devcfg.scl [2:0]
pm_dram_reclaim_pool	0x8088109c	0x11c	/local/mnt/workspace/CRMBuilds/AOP.HO.4.0-00571-WAIPIO_E-1_20231026_070056/b/HY11_1/aop_proc/core/settings/pmic/config/clarence/pm_config_target.o	#SHT_PROGBITS,SHF_ALLOC|SHF_WRITE,4
	0x8088109c		ldo_rail
	0x808810d4		smps_rail
	0x8088110c		bob_rail
	0x80881144		pstm_info
	0x8088117c		clk_info
	0x808811b4		rpmh_drv_id
pm_dram_reclaim_pool	0x808811b8	0x1f8	/local/mnt/workspace/CRMBuilds/AOP.HO.4.0-00571-WAIPIO_E-1_20231026_070056/b/HY11_1/aop_proc/core/settings/pmic/config/clarence/pm_config_dep.o	#SHT_PROGBITS,SHF_ALLOC|SHF_WRITE,4
	0x808811b8		smps_dep
	0x808811f0		ldo_dep
	0x80881228		bob_dep
	0x80881260		clk_dep
	0x80881298		vs_dep
	0x808812d0		smps_rsrc
	0x80881308		ldo_rsrc
	0x80881340		bob_rsrc
	0x80881378		clk_rsrc
KEEP (*\devcfg_main.o(.data*)) #Rule 7, /local/mnt/workspace/CRMBuilds/AOP.HO.4.0-00571-WAIPIO_E-1_20231026_070056/b/HY11_1/aop_proc/core/bsp/aop/build/AOP_AAAAANAZO_devcfg.scl [0:0]
*(AOPSS_DEVCFG_DATA_REST) #Rule 8, Internal-LinkerScript (Implicit rule inserted by Linker) [0:0]
.(0x80882000) = ALIGN(.(0x808813b0), 0x1000); # . = ALIGN(., 0x1000); /local/mnt/workspace/CRMBuilds/AOP.HO.4.0-00571-WAIPIO_E-1_20231026_070056/b/HY11_1/aop_proc/core/bsp/aop/build/AOP_AAAAANAZO_devcfg.scl

AOPSS_DEVCFG_CODE_ALL	0x80882000	0x22e # Offset: 0x1424, LMA: 0x80882000, Alignment: 0x4, Segments : [ AOPSS_DEVCFG_CODE ]
*(InRoot$$Sections .text .text*) #Rule 9, /local/mnt/workspace/CRMBuilds/AOP.HO.4.0-00571-WAIPIO_E-1_20231026_070056/b/HY11_1/aop_proc/core/bsp/aop/build/AOP_AAAAANAZO_devcfg.scl [21:0]
.text.main	0x80882000	0x10	/local/mnt/workspace/CRMBuilds/AOP.HO.4.0-00571-WAIPIO_E-1_20231026_070056/b/HY11_1/aop_proc/core/bsp/aop/src/devcfg_main.o	#SHT_PROGBITS,SHF_ALLOC|SHF_EXECINSTR,4
	0x80882000		$t.0
	0x80882001		main
	0x8088200c		$d.1
.text.aop_settings_init	0x80882010	0x10	/local/mnt/workspace/CRMBuilds/AOP.HO.4.0-00571-WAIPIO_E-1_20231026_070056/b/HY11_1/aop_proc/core/bsp/aop/build/aop_settings_autogen.o	#SHT_PROGBITS,SHF_ALLOC|SHF_EXECINSTR,4
	0x80882010		$t.0
	0x80882011		aop_settings_init
	0x80882018		$d.1
*(.rodata .rodata*) #Rule 10, /local/mnt/workspace/CRMBuilds/AOP.HO.4.0-00571-WAIPIO_E-1_20231026_070056/b/HY11_1/aop_proc/core/bsp/aop/build/AOP_AAAAANAZO_devcfg.scl [2:0]
.rodata.str1.1	0x80882020	0x8	/local/mnt/workspace/CRMBuilds/AOP.HO.4.0-00571-WAIPIO_E-1_20231026_070056/b/HY11_1/aop_proc/core/settings/pmic/config/clarence/pm_config_target.o	#SHT_PROGBITS,SHF_ALLOC|SHF_MERGE|SHF_STRINGS,1
	0x80882020		.L.str
.rodata.str1.1	0x80882028	0x8	/local/mnt/workspace/CRMBuilds/AOP.HO.4.0-00571-WAIPIO_E-1_20231026_070056/b/HY11_1/aop_proc/core/settings/pmic/config/clarence/pm_config_target.o	#SHT_PROGBITS,SHF_ALLOC|SHF_MERGE|SHF_STRINGS,1
	0x80882028		.L.str.1
.rodata.str1.1	0x80882030	0x8	/local/mnt/workspace/CRMBuilds/AOP.HO.4.0-00571-WAIPIO_E-1_20231026_070056/b/HY11_1/aop_proc/core/settings/pmic/config/clarence/pm_config_target.o	#SHT_PROGBITS,SHF_ALLOC|SHF_MERGE|SHF_STRINGS,1
	0x80882030		.L.str.2
.rodata.str1.1	0x80882038	0x7	/local/mnt/workspace/CRMBuilds/AOP.HO.4.0-00571-WAIPIO_E-1_20231026_070056/b/HY11_1/aop_proc/core/settings/pmic/config/clarence/pm_config_target.o	#SHT_PROGBITS,SHF_ALLOC|SHF_MERGE|SHF_STRINGS,1
	0x80882038		.L.str.3
.rodata.str1.1	0x8088203f	0x8	/local/mnt/workspace/CRMBuilds/AOP.HO.4.0-00571-WAIPIO_E-1_20231026_070056/b/HY11_1/aop_proc/core/settings/pmic/config/clarence/pm_config_target.o	#SHT_PROGBITS,SHF_ALLOC|SHF_MERGE|SHF_STRINGS,1
	0x8088203f		.L.str.4
.rodata.str1.1	0x80882047	0x9	/local/mnt/workspace/CRMBuilds/AOP.HO.4.0-00571-WAIPIO_E-1_20231026_070056/b/HY11_1/aop_proc/core/settings/pmic/config/clarence/pm_config_target.o	#SHT_PROGBITS,SHF_ALLOC|SHF_MERGE|SHF_STRINGS,1
	0x80882047		.L.str.5
.rodata.str1.1	0x80882050	0x8	/local/mnt/workspace/CRMBuilds/AOP.HO.4.0-00571-WAIPIO_E-1_20231026_070056/b/HY11_1/aop_proc/core/settings/pmic/config/clarence/pm_config_target.o	#SHT_PROGBITS,SHF_ALLOC|SHF_MERGE|SHF_STRINGS,1
	0x80882050		.L.str.6
.rodata.str1.1	0x80882058	0x9	/local/mnt/workspace/CRMBuilds/AOP.HO.4.0-00571-WAIPIO_E-1_20231026_070056/b/HY11_1/aop_proc/core/settings/pmic/config/clarence/pm_config_target.o	#SHT_PROGBITS,SHF_ALLOC|SHF_MERGE|SHF_STRINGS,1
	0x80882058		.L.str.7
.rodata.str1.1	0x80882061	0x7	/local/mnt/workspace/CRMBuilds/AOP.HO.4.0-00571-WAIPIO_E-1_20231026_070056/b/HY11_1/aop_proc/core/settings/pmic/config/clarence/pm_config_target.o	#SHT_PROGBITS,SHF_ALLOC|SHF_MERGE|SHF_STRINGS,1
	0x80882061		.L.str.8
.rodata.str1.1	0x80882068	0x8	/local/mnt/workspace/CRMBuilds/AOP.HO.4.0-00571-WAIPIO_E-1_20231026_070056/b/HY11_1/aop_proc/core/settings/pmic/config/clarence/pm_config_target.o	#SHT_PROGBITS,SHF_ALLOC|SHF_MERGE|SHF_STRINGS,1
	0x80882068		.L.str.9
.rodata.str1.1	0x80882070	0x6	/local/mnt/workspace/CRMBuilds/AOP.HO.4.0-00571-WAIPIO_E-1_20231026_070056/b/HY11_1/aop_proc/core/settings/pmic/config/clarence/pm_config_dep.o	#SHT_PROGBITS,SHF_ALLOC|SHF_MERGE|SHF_STRINGS,1
	0x80882070		.L.str
.rodata.str1.1	0x80882076	0x8	/local/mnt/workspace/CRMBuilds/AOP.HO.4.0-00571-WAIPIO_E-1_20231026_070056/b/HY11_1/aop_proc/core/settings/pmic/config/clarence/pm_config_dep.o	#SHT_PROGBITS,SHF_ALLOC|SHF_MERGE|SHF_STRINGS,1
	0x80882076		.L.str.1
.rodata.str1.1	0x8088207e	0x6	/local/mnt/workspace/CRMBuilds/AOP.HO.4.0-00571-WAIPIO_E-1_20231026_070056/b/HY11_1/aop_proc/core/settings/pmic/config/clarence/pm_config_dep.o	#SHT_PROGBITS,SHF_ALLOC|SHF_MERGE|SHF_STRINGS,1
	0x8088207e		.L.str.2
.rodata.str1.1	0x80882084	0x7	/local/mnt/workspace/CRMBuilds/AOP.HO.4.0-00571-WAIPIO_E-1_20231026_070056/b/HY11_1/aop_proc/core/settings/pmic/config/clarence/pm_config_dep.o	#SHT_PROGBITS,SHF_ALLOC|SHF_MERGE|SHF_STRINGS,1
	0x80882084		.L.str.3
.rodata.str1.1	0x8088208b	0x6	/local/mnt/workspace/CRMBuilds/AOP.HO.4.0-00571-WAIPIO_E-1_20231026_070056/b/HY11_1/aop_proc/core/settings/pmic/config/clarence/pm_config_dep.o	#SHT_PROGBITS,SHF_ALLOC|SHF_MERGE|SHF_STRINGS,1
	0x8088208b		.L.str.4
.rodata.str1.1	0x80882091	0x6	/local/mnt/workspace/CRMBuilds/AOP.HO.4.0-00571-WAIPIO_E-1_20231026_070056/b/HY11_1/aop_proc/core/settings/pmic/config/clarence/pm_config_dep.o	#SHT_PROGBITS,SHF_ALLOC|SHF_MERGE|SHF_STRINGS,1
	0x80882091		.L.str.5
.rodata.str1.1	0x80882097	0x6	/local/mnt/workspace/CRMBuilds/AOP.HO.4.0-00571-WAIPIO_E-1_20231026_070056/b/HY11_1/aop_proc/core/settings/pmic/config/clarence/pm_config_dep.o	#SHT_PROGBITS,SHF_ALLOC|SHF_MERGE|SHF_STRINGS,1
	0x80882097		.L.str.6
.rodata.str1.1	0x8088209d	0x7	/local/mnt/workspace/CRMBuilds/AOP.HO.4.0-00571-WAIPIO_E-1_20231026_070056/b/HY11_1/aop_proc/core/settings/pmic/config/clarence/pm_config_dep.o	#SHT_PROGBITS,SHF_ALLOC|SHF_MERGE|SHF_STRINGS,1
	0x8088209d		.L.str.7
.rodata.str1.1	0x808820a4	0x6	/local/mnt/workspace/CRMBuilds/AOP.HO.4.0-00571-WAIPIO_E-1_20231026_070056/b/HY11_1/aop_proc/core/settings/pmic/config/clarence/pm_config_dep.o	#SHT_PROGBITS,SHF_ALLOC|SHF_MERGE|SHF_STRINGS,1
	0x808820a4		.L.str.8
.rodata.str1.1	0x808820aa	0x8	/local/mnt/workspace/CRMBuilds/AOP.HO.4.0-00571-WAIPIO_E-1_20231026_070056/b/HY11_1/aop_proc/core/settings/pmic/config/clarence/pm_config_dep.o	#SHT_PROGBITS,SHF_ALLOC|SHF_MERGE|SHF_STRINGS,1
	0x808820aa		.L.str.9
.rodata.str1.1	0x808820b2	0x6	/local/mnt/workspace/CRMBuilds/AOP.HO.4.0-00571-WAIPIO_E-1_20231026_070056/b/HY11_1/aop_proc/core/settings/pmic/config/clarence/pm_config_dep.o	#SHT_PROGBITS,SHF_ALLOC|SHF_MERGE|SHF_STRINGS,1
	0x808820b2		.L.str.10
.rodata.str1.1	0x808820b8	0x6	/local/mnt/workspace/CRMBuilds/AOP.HO.4.0-00571-WAIPIO_E-1_20231026_070056/b/HY11_1/aop_proc/core/settings/pmic/config/clarence/pm_config_dep.o	#SHT_PROGBITS,SHF_ALLOC|SHF_MERGE|SHF_STRINGS,1
	0x808820b8		.L.str.11
.rodata.str1.1	0x808820be	0x6	/local/mnt/workspace/CRMBuilds/AOP.HO.4.0-00571-WAIPIO_E-1_20231026_070056/b/HY11_1/aop_proc/core/settings/pmic/config/clarence/pm_config_dep.o	#SHT_PROGBITS,SHF_ALLOC|SHF_MERGE|SHF_STRINGS,1
	0x808820be		.L.str.12
.rodata.str1.1	0x808820c4	0x6	/local/mnt/workspace/CRMBuilds/AOP.HO.4.0-00571-WAIPIO_E-1_20231026_070056/b/HY11_1/aop_proc/core/settings/pmic/config/clarence/pm_config_dep.o	#SHT_PROGBITS,SHF_ALLOC|SHF_MERGE|SHF_STRINGS,1
	0x808820c4		.L.str.13
.rodata.str1.1	0x808820ca	0x6	/local/mnt/workspace/CRMBuilds/AOP.HO.4.0-00571-WAIPIO_E-1_20231026_070056/b/HY11_1/aop_proc/core/settings/pmic/config/clarence/pm_config_dep.o	#SHT_PROGBITS,SHF_ALLOC|SHF_MERGE|SHF_STRINGS,1
	0x808820ca		.L.str.14
.rodata.str1.1	0x808820d0	0x6	/local/mnt/workspace/CRMBuilds/AOP.HO.4.0-00571-WAIPIO_E-1_20231026_070056/b/HY11_1/aop_proc/core/settings/pmic/config/clarence/pm_config_dep.o	#SHT_PROGBITS,SHF_ALLOC|SHF_MERGE|SHF_STRINGS,1
	0x808820d0		.L.str.15
.rodata.str1.1	0x808820d6	0x8	/local/mnt/workspace/CRMBuilds/AOP.HO.4.0-00571-WAIPIO_E-1_20231026_070056/b/HY11_1/aop_proc/core/settings/pmic/config/clarence/pm_config_dep.o	#SHT_PROGBITS,SHF_ALLOC|SHF_MERGE|SHF_STRINGS,1
	0x808820d6		.L.str.16
.rodata.str1.1	0x808820de	0x6	/local/mnt/workspace/CRMBuilds/AOP.HO.4.0-00571-WAIPIO_E-1_20231026_070056/b/HY11_1/aop_proc/core/settings/pmic/config/clarence/pm_config_dep.o	#SHT_PROGBITS,SHF_ALLOC|SHF_MERGE|SHF_STRINGS,1
	0x808820de		.L.str.17
.rodata.str1.1	0x808820e4	0x6	/local/mnt/workspace/CRMBuilds/AOP.HO.4.0-00571-WAIPIO_E-1_20231026_070056/b/HY11_1/aop_proc/core/settings/pmic/config/clarence/pm_config_dep.o	#SHT_PROGBITS,SHF_ALLOC|SHF_MERGE|SHF_STRINGS,1
	0x808820e4		.L.str.18
.rodata.str1.1	0x808820ea	0x6	/local/mnt/workspace/CRMBuilds/AOP.HO.4.0-00571-WAIPIO_E-1_20231026_070056/b/HY11_1/aop_proc/core/settings/pmic/config/clarence/pm_config_dep.o	#SHT_PROGBITS,SHF_ALLOC|SHF_MERGE|SHF_STRINGS,1
	0x808820ea		.L.str.19
.rodata.str1.1	0x808820f0	0x6	/local/mnt/workspace/CRMBuilds/AOP.HO.4.0-00571-WAIPIO_E-1_20231026_070056/b/HY11_1/aop_proc/core/settings/pmic/config/clarence/pm_config_dep.o	#SHT_PROGBITS,SHF_ALLOC|SHF_MERGE|SHF_STRINGS,1
	0x808820f0		.L.str.20
.rodata.str1.1	0x808820f6	0x6	/local/mnt/workspace/CRMBuilds/AOP.HO.4.0-00571-WAIPIO_E-1_20231026_070056/b/HY11_1/aop_proc/core/settings/pmic/config/clarence/pm_config_dep.o	#SHT_PROGBITS,SHF_ALLOC|SHF_MERGE|SHF_STRINGS,1
	0x808820f6		.L.str.21
.rodata.str1.1	0x808820fc	0x6	/local/mnt/workspace/CRMBuilds/AOP.HO.4.0-00571-WAIPIO_E-1_20231026_070056/b/HY11_1/aop_proc/core/settings/pmic/config/clarence/pm_config_dep.o	#SHT_PROGBITS,SHF_ALLOC|SHF_MERGE|SHF_STRINGS,1
	0x808820fc		.L.str.22
.rodata.str1.1	0x80882102	0x8	/local/mnt/workspace/CRMBuilds/AOP.HO.4.0-00571-WAIPIO_E-1_20231026_070056/b/HY11_1/aop_proc/core/settings/pmic/config/clarence/pm_config_dep.o	#SHT_PROGBITS,SHF_ALLOC|SHF_MERGE|SHF_STRINGS,1
	0x80882102		.L.str.23
.rodata.str1.1	0x8088210a	0x6	/local/mnt/workspace/CRMBuilds/AOP.HO.4.0-00571-WAIPIO_E-1_20231026_070056/b/HY11_1/aop_proc/core/settings/pmic/config/clarence/pm_config_dep.o	#SHT_PROGBITS,SHF_ALLOC|SHF_MERGE|SHF_STRINGS,1
	0x8088210a		.L.str.24
.rodata.str1.1	0x80882110	0x7	/local/mnt/workspace/CRMBuilds/AOP.HO.4.0-00571-WAIPIO_E-1_20231026_070056/b/HY11_1/aop_proc/core/settings/pmic/config/clarence/pm_config_dep.o	#SHT_PROGBITS,SHF_ALLOC|SHF_MERGE|SHF_STRINGS,1
	0x80882110		.L.str.25
.rodata.str1.1	0x80882117	0x7	/local/mnt/workspace/CRMBuilds/AOP.HO.4.0-00571-WAIPIO_E-1_20231026_070056/b/HY11_1/aop_proc/core/settings/pmic/config/clarence/pm_config_dep.o	#SHT_PROGBITS,SHF_ALLOC|SHF_MERGE|SHF_STRINGS,1
	0x80882117		.L.str.26
.rodata.str1.1	0x8088211e	0x7	/local/mnt/workspace/CRMBuilds/AOP.HO.4.0-00571-WAIPIO_E-1_20231026_070056/b/HY11_1/aop_proc/core/settings/pmic/config/clarence/pm_config_dep.o	#SHT_PROGBITS,SHF_ALLOC|SHF_MERGE|SHF_STRINGS,1
	0x8088211e		.L.str.27
.rodata.str1.1	0x80882125	0x7	/local/mnt/workspace/CRMBuilds/AOP.HO.4.0-00571-WAIPIO_E-1_20231026_070056/b/HY11_1/aop_proc/core/settings/pmic/config/clarence/pm_config_dep.o	#SHT_PROGBITS,SHF_ALLOC|SHF_MERGE|SHF_STRINGS,1
	0x80882125		.L.str.28
.rodata.str1.1	0x8088212c	0x7	/local/mnt/workspace/CRMBuilds/AOP.HO.4.0-00571-WAIPIO_E-1_20231026_070056/b/HY11_1/aop_proc/core/settings/pmic/config/clarence/pm_config_dep.o	#SHT_PROGBITS,SHF_ALLOC|SHF_MERGE|SHF_STRINGS,1
	0x8088212c		.L.str.29
.rodata.str1.1	0x80882133	0x7	/local/mnt/workspace/CRMBuilds/AOP.HO.4.0-00571-WAIPIO_E-1_20231026_070056/b/HY11_1/aop_proc/core/settings/pmic/config/clarence/pm_config_dep.o	#SHT_PROGBITS,SHF_ALLOC|SHF_MERGE|SHF_STRINGS,1
	0x80882133		.L.str.30
.rodata.str1.1	0x8088213a	0x7	/local/mnt/workspace/CRMBuilds/AOP.HO.4.0-00571-WAIPIO_E-1_20231026_070056/b/HY11_1/aop_proc/core/settings/pmic/config/clarence/pm_config_dep.o	#SHT_PROGBITS,SHF_ALLOC|SHF_MERGE|SHF_STRINGS,1
	0x8088213a		.L.str.31
.rodata.str1.1	0x80882141	0x7	/local/mnt/workspace/CRMBuilds/AOP.HO.4.0-00571-WAIPIO_E-1_20231026_070056/b/HY11_1/aop_proc/core/settings/pmic/config/clarence/pm_config_dep.o	#SHT_PROGBITS,SHF_ALLOC|SHF_MERGE|SHF_STRINGS,1
	0x80882141		.L.str.32
.rodata.str1.1	0x80882148	0x7	/local/mnt/workspace/CRMBuilds/AOP.HO.4.0-00571-WAIPIO_E-1_20231026_070056/b/HY11_1/aop_proc/core/settings/pmic/config/clarence/pm_config_dep.o	#SHT_PROGBITS,SHF_ALLOC|SHF_MERGE|SHF_STRINGS,1
	0x80882148		.L.str.33
.rodata.str1.1	0x8088214f	0x7	/local/mnt/workspace/CRMBuilds/AOP.HO.4.0-00571-WAIPIO_E-1_20231026_070056/b/HY11_1/aop_proc/core/settings/pmic/config/clarence/pm_config_dep.o	#SHT_PROGBITS,SHF_ALLOC|SHF_MERGE|SHF_STRINGS,1
	0x8088214f		.L.str.34
.rodata.str1.1	0x80882156	0x7	/local/mnt/workspace/CRMBuilds/AOP.HO.4.0-00571-WAIPIO_E-1_20231026_070056/b/HY11_1/aop_proc/core/settings/pmic/config/clarence/pm_config_dep.o	#SHT_PROGBITS,SHF_ALLOC|SHF_MERGE|SHF_STRINGS,1
	0x80882156		.L.str.35
.rodata.str1.1	0x8088215d	0x7	/local/mnt/workspace/CRMBuilds/AOP.HO.4.0-00571-WAIPIO_E-1_20231026_070056/b/HY11_1/aop_proc/core/settings/pmic/config/clarence/pm_config_dep.o	#SHT_PROGBITS,SHF_ALLOC|SHF_MERGE|SHF_STRINGS,1
	0x8088215d		.L.str.36
.rodata.str1.1	0x80882164	0x7	/local/mnt/workspace/CRMBuilds/AOP.HO.4.0-00571-WAIPIO_E-1_20231026_070056/b/HY11_1/aop_proc/core/settings/pmic/config/clarence/pm_config_dep.o	#SHT_PROGBITS,SHF_ALLOC|SHF_MERGE|SHF_STRINGS,1
	0x80882164		.L.str.37
.rodata.str1.1	0x8088216b	0x7	/local/mnt/workspace/CRMBuilds/AOP.HO.4.0-00571-WAIPIO_E-1_20231026_070056/b/HY11_1/aop_proc/core/settings/pmic/config/clarence/pm_config_dep.o	#SHT_PROGBITS,SHF_ALLOC|SHF_MERGE|SHF_STRINGS,1
	0x8088216b		.L.str.38
.rodata.str1.1	0x80882172	0x7	/local/mnt/workspace/CRMBuilds/AOP.HO.4.0-00571-WAIPIO_E-1_20231026_070056/b/HY11_1/aop_proc/core/settings/pmic/config/clarence/pm_config_dep.o	#SHT_PROGBITS,SHF_ALLOC|SHF_MERGE|SHF_STRINGS,1
	0x80882172		.L.str.39
.rodata.str1.1	0x80882179	0x7	/local/mnt/workspace/CRMBuilds/AOP.HO.4.0-00571-WAIPIO_E-1_20231026_070056/b/HY11_1/aop_proc/core/settings/pmic/config/clarence/pm_config_dep.o	#SHT_PROGBITS,SHF_ALLOC|SHF_MERGE|SHF_STRINGS,1
	0x80882179		.L.str.40
.rodata.str1.1	0x80882180	0x7	/local/mnt/workspace/CRMBuilds/AOP.HO.4.0-00571-WAIPIO_E-1_20231026_070056/b/HY11_1/aop_proc/core/settings/pmic/config/clarence/pm_config_dep.o	#SHT_PROGBITS,SHF_ALLOC|SHF_MERGE|SHF_STRINGS,1
	0x80882180		.L.str.41
.rodata.str1.1	0x80882187	0x7	/local/mnt/workspace/CRMBuilds/AOP.HO.4.0-00571-WAIPIO_E-1_20231026_070056/b/HY11_1/aop_proc/core/settings/pmic/config/clarence/pm_config_dep.o	#SHT_PROGBITS,SHF_ALLOC|SHF_MERGE|SHF_STRINGS,1
	0x80882187		.L.str.42
.rodata.str1.1	0x8088218e	0x7	/local/mnt/workspace/CRMBuilds/AOP.HO.4.0-00571-WAIPIO_E-1_20231026_070056/b/HY11_1/aop_proc/core/settings/pmic/config/clarence/pm_config_dep.o	#SHT_PROGBITS,SHF_ALLOC|SHF_MERGE|SHF_STRINGS,1
	0x8088218e		.L.str.43
.rodata.str1.1	0x80882195	0x7	/local/mnt/workspace/CRMBuilds/AOP.HO.4.0-00571-WAIPIO_E-1_20231026_070056/b/HY11_1/aop_proc/core/settings/pmic/config/clarence/pm_config_dep.o	#SHT_PROGBITS,SHF_ALLOC|SHF_MERGE|SHF_STRINGS,1
	0x80882195		.L.str.44
.rodata.str1.1	0x8088219c	0x6	/local/mnt/workspace/CRMBuilds/AOP.HO.4.0-00571-WAIPIO_E-1_20231026_070056/b/HY11_1/aop_proc/core/settings/pmic/config/clarence/pm_config_dep.o	#SHT_PROGBITS,SHF_ALLOC|SHF_MERGE|SHF_STRINGS,1
	0x8088219c		.L.str.45
.rodata.str1.1	0x808821a2	0x6	/local/mnt/workspace/CRMBuilds/AOP.HO.4.0-00571-WAIPIO_E-1_20231026_070056/b/HY11_1/aop_proc/core/settings/pmic/config/clarence/pm_config_dep.o	#SHT_PROGBITS,SHF_ALLOC|SHF_MERGE|SHF_STRINGS,1
	0x808821a2		.L.str.46
.rodata.str1.1	0x808821a8	0x6	/local/mnt/workspace/CRMBuilds/AOP.HO.4.0-00571-WAIPIO_E-1_20231026_070056/b/HY11_1/aop_proc/core/settings/pmic/config/clarence/pm_config_dep.o	#SHT_PROGBITS,SHF_ALLOC|SHF_MERGE|SHF_STRINGS,1
	0x808821a8		.L.str.47
.rodata.str1.1	0x808821ae	0x6	/local/mnt/workspace/CRMBuilds/AOP.HO.4.0-00571-WAIPIO_E-1_20231026_070056/b/HY11_1/aop_proc/core/settings/pmic/config/clarence/pm_config_dep.o	#SHT_PROGBITS,SHF_ALLOC|SHF_MERGE|SHF_STRINGS,1
	0x808821ae		.L.str.48
.rodata.str1.1	0x808821b4	0x6	/local/mnt/workspace/CRMBuilds/AOP.HO.4.0-00571-WAIPIO_E-1_20231026_070056/b/HY11_1/aop_proc/core/settings/pmic/config/clarence/pm_config_dep.o	#SHT_PROGBITS,SHF_ALLOC|SHF_MERGE|SHF_STRINGS,1
	0x808821b4		.L.str.49
.rodata.str1.1	0x808821ba	0x6	/local/mnt/workspace/CRMBuilds/AOP.HO.4.0-00571-WAIPIO_E-1_20231026_070056/b/HY11_1/aop_proc/core/settings/pmic/config/clarence/pm_config_dep.o	#SHT_PROGBITS,SHF_ALLOC|SHF_MERGE|SHF_STRINGS,1
	0x808821ba		.L.str.50
.rodata.str1.1	0x808821c0	0x6	/local/mnt/workspace/CRMBuilds/AOP.HO.4.0-00571-WAIPIO_E-1_20231026_070056/b/HY11_1/aop_proc/core/settings/pmic/config/clarence/pm_config_dep.o	#SHT_PROGBITS,SHF_ALLOC|SHF_MERGE|SHF_STRINGS,1
	0x808821c0		.L.str.51
.rodata.str1.1	0x808821c6	0x9	/local/mnt/workspace/CRMBuilds/AOP.HO.4.0-00571-WAIPIO_E-1_20231026_070056/b/HY11_1/aop_proc/core/settings/pmic/config/clarence/pm_config_dep.o	#SHT_PROGBITS,SHF_ALLOC|SHF_MERGE|SHF_STRINGS,1
	0x808821c6		.L.str.52
.rodata.str1.1	0x808821cf	0x8	/local/mnt/workspace/CRMBuilds/AOP.HO.4.0-00571-WAIPIO_E-1_20231026_070056/b/HY11_1/aop_proc/core/settings/pmic/config/clarence/pm_config_dep.o	#SHT_PROGBITS,SHF_ALLOC|SHF_MERGE|SHF_STRINGS,1
	0x808821cf		.L.str.53
.rodata.str1.1	0x808821d7	0x8	/local/mnt/workspace/CRMBuilds/AOP.HO.4.0-00571-WAIPIO_E-1_20231026_070056/b/HY11_1/aop_proc/core/settings/pmic/config/clarence/pm_config_dep.o	#SHT_PROGBITS,SHF_ALLOC|SHF_MERGE|SHF_STRINGS,1
	0x808821d7		.L.str.54
.rodata.str1.1	0x808821df	0x8	/local/mnt/workspace/CRMBuilds/AOP.HO.4.0-00571-WAIPIO_E-1_20231026_070056/b/HY11_1/aop_proc/core/settings/pmic/config/clarence/pm_config_dep.o	#SHT_PROGBITS,SHF_ALLOC|SHF_MERGE|SHF_STRINGS,1
	0x808821df		.L.str.55
.rodata.str1.1	0x808821e7	0x8	/local/mnt/workspace/CRMBuilds/AOP.HO.4.0-00571-WAIPIO_E-1_20231026_070056/b/HY11_1/aop_proc/core/settings/pmic/config/clarence/pm_config_dep.o	#SHT_PROGBITS,SHF_ALLOC|SHF_MERGE|SHF_STRINGS,1
	0x808821e7		.L.str.56
.rodata.str1.1	0x808821ef	0x8	/local/mnt/workspace/CRMBuilds/AOP.HO.4.0-00571-WAIPIO_E-1_20231026_070056/b/HY11_1/aop_proc/core/settings/pmic/config/clarence/pm_config_dep.o	#SHT_PROGBITS,SHF_ALLOC|SHF_MERGE|SHF_STRINGS,1
	0x808821ef		.L.str.57
.rodata.str1.1	0x808821f7	0x9	/local/mnt/workspace/CRMBuilds/AOP.HO.4.0-00571-WAIPIO_E-1_20231026_070056/b/HY11_1/aop_proc/core/settings/pmic/config/clarence/pm_config_dep.o	#SHT_PROGBITS,SHF_ALLOC|SHF_MERGE|SHF_STRINGS,1
	0x808821f7		.L.str.58
.rodata.str1.1	0x80882200	0x8	/local/mnt/workspace/CRMBuilds/AOP.HO.4.0-00571-WAIPIO_E-1_20231026_070056/b/HY11_1/aop_proc/core/settings/pmic/config/clarence/pm_config_dep.o	#SHT_PROGBITS,SHF_ALLOC|SHF_MERGE|SHF_STRINGS,1
	0x80882200		.L.str.59
.rodata.str1.1	0x80882208	0x9	/local/mnt/workspace/CRMBuilds/AOP.HO.4.0-00571-WAIPIO_E-1_20231026_070056/b/HY11_1/aop_proc/core/settings/pmic/config/clarence/pm_config_dep.o	#SHT_PROGBITS,SHF_ALLOC|SHF_MERGE|SHF_STRINGS,1
	0x80882208		.L.str.60
.rodata.str1.1	0x80882211	0x9	/local/mnt/workspace/CRMBuilds/AOP.HO.4.0-00571-WAIPIO_E-1_20231026_070056/b/HY11_1/aop_proc/core/settings/pmic/config/clarence/pm_config_dep.o	#SHT_PROGBITS,SHF_ALLOC|SHF_MERGE|SHF_STRINGS,1
	0x80882211		.L.str.61
.rodata.str1.1	0x8088221a	0x9	/local/mnt/workspace/CRMBuilds/AOP.HO.4.0-00571-WAIPIO_E-1_20231026_070056/b/HY11_1/aop_proc/core/settings/pmic/config/clarence/pm_config_dep.o	#SHT_PROGBITS,SHF_ALLOC|SHF_MERGE|SHF_STRINGS,1
	0x8088221a		.L.str.62
.rodata.str1.1	0x80882223	0xb	/local/mnt/workspace/CRMBuilds/AOP.HO.4.0-00571-WAIPIO_E-1_20231026_070056/b/HY11_1/aop_proc/core/settings/pmic/config/clarence/pm_config_dep.o	#SHT_PROGBITS,SHF_ALLOC|SHF_MERGE|SHF_STRINGS,1
	0x80882223		.L.str.63
*(AOPSS_DEVCFG_CODE_ALL) #Rule 11, Internal-LinkerScript (Implicit rule inserted by Linker) [0:0]
__aop_devcfg_size_left(0x1ddd2) = 0x808a0000 - .(0x8088222e); # __aop_devcfg_size_left = 0x808a0000 - .; /local/mnt/workspace/CRMBuilds/AOP.HO.4.0-00571-WAIPIO_E-1_20231026_070056/b/HY11_1/aop_proc/core/bsp/aop/build/AOP_AAAAANAZO_devcfg.scl

AOPSS_DEVCFG_CODE_ZI	0x8088222e	0x1ddd2 # Offset: 0x1652, LMA: 0x8088222e, Alignment: 0x1, Segments : [ AOPSS_DEVCFG_CODE ]
	.(0x808a0000) = .(0x8088222e) + __aop_devcfg_size_left(0x1ddd2); # . = . + __aop_devcfg_size_left; /local/mnt/workspace/CRMBuilds/AOP.HO.4.0-00571-WAIPIO_E-1_20231026_070056/b/HY11_1/aop_proc/core/bsp/aop/build/AOP_AAAAANAZO_devcfg.scl
*(AOPSS_DEVCFG_CODE_ZI) #Rule 12, Internal-LinkerScript (Implicit rule inserted by Linker) [0:0]

.ARM.attributes	0x1652	0x10 # Offset: 0x1652, Alignment: 0x0

.debug_abbrev	0x1662	0x231 # Offset: 0x1662, Alignment: 0x1
*(.debug_abbrev) #Rule 17, Internal-LinkerScript (Implicit rule inserted by Linker) [0:0]
.debug_abbrev	0x1662	0x9e	/local/mnt/workspace/CRMBuilds/AOP.HO.4.0-00571-WAIPIO_E-1_20231026_070056/b/HY11_1/aop_proc/core/settings/pmic/config/clarence/pm_config_target.o	#SHT_PROGBITS,,1
.debug_abbrev	0x1700	0x95	/local/mnt/workspace/CRMBuilds/AOP.HO.4.0-00571-WAIPIO_E-1_20231026_070056/b/HY11_1/aop_proc/core/settings/pmic/config/clarence/pm_config_dep.o	#SHT_PROGBITS,,1
.debug_abbrev	0x1795	0x69	/local/mnt/workspace/CRMBuilds/AOP.HO.4.0-00571-WAIPIO_E-1_20231026_070056/b/HY11_1/aop_proc/core/bsp/aop/src/devcfg_main.o	#SHT_PROGBITS,,1
.debug_abbrev	0x17fe	0x95	/local/mnt/workspace/CRMBuilds/AOP.HO.4.0-00571-WAIPIO_E-1_20231026_070056/b/HY11_1/aop_proc/core/bsp/aop/build/aop_settings_autogen.o	#SHT_PROGBITS,,1

.debug_info	0x1893	0xc48 # Offset: 0x1893, Alignment: 0x1
*(.debug_info) #Rule 18, Internal-LinkerScript (Implicit rule inserted by Linker) [0:0]
.debug_info	0x1893	0x729	/local/mnt/workspace/CRMBuilds/AOP.HO.4.0-00571-WAIPIO_E-1_20231026_070056/b/HY11_1/aop_proc/core/settings/pmic/config/clarence/pm_config_target.o	#SHT_PROGBITS,,1
.debug_info	0x1fbc	0x317	/local/mnt/workspace/CRMBuilds/AOP.HO.4.0-00571-WAIPIO_E-1_20231026_070056/b/HY11_1/aop_proc/core/settings/pmic/config/clarence/pm_config_dep.o	#SHT_PROGBITS,,1
.debug_info	0x22d3	0x76	/local/mnt/workspace/CRMBuilds/AOP.HO.4.0-00571-WAIPIO_E-1_20231026_070056/b/HY11_1/aop_proc/core/bsp/aop/src/devcfg_main.o	#SHT_PROGBITS,,1
.debug_info	0x2349	0x192	/local/mnt/workspace/CRMBuilds/AOP.HO.4.0-00571-WAIPIO_E-1_20231026_070056/b/HY11_1/aop_proc/core/bsp/aop/build/aop_settings_autogen.o	#SHT_PROGBITS,,1

.debug_str	0x24db	0x9fb # Offset: 0x24db, Alignment: 0x1
*(.debug_str) #Rule 19, Internal-LinkerScript (Implicit rule inserted by Linker) [0:0]
.debug_str	0x24db	0x24	/local/mnt/workspace/CRMBuilds/AOP.HO.4.0-00571-WAIPIO_E-1_20231026_070056/b/HY11_1/aop_proc/core/settings/pmic/config/clarence/pm_config_target.o	#SHT_PROGBITS,SHF_MERGE|SHF_STRINGS,1
	0x0		
.debug_str	0x24ff	0x93	/local/mnt/workspace/CRMBuilds/AOP.HO.4.0-00571-WAIPIO_E-1_20231026_070056/b/HY11_1/aop_proc/core/settings/pmic/config/clarence/pm_config_target.o	#SHT_PROGBITS,SHF_MERGE|SHF_STRINGS,1
	0x24		
.debug_str	0x2592	0x63	/local/mnt/workspace/CRMBuilds/AOP.HO.4.0-00571-WAIPIO_E-1_20231026_070056/b/HY11_1/aop_proc/core/settings/pmic/config/clarence/pm_config_target.o	#SHT_PROGBITS,SHF_MERGE|SHF_STRINGS,1
	0xb7		
.debug_str	0x25f5	0xb	/local/mnt/workspace/CRMBuilds/AOP.HO.4.0-00571-WAIPIO_E-1_20231026_070056/b/HY11_1/aop_proc/core/settings/pmic/config/clarence/pm_config_target.o	#SHT_PROGBITS,SHF_MERGE|SHF_STRINGS,1
	0x11a		
.debug_str	0x2600	0xe	/local/mnt/workspace/CRMBuilds/AOP.HO.4.0-00571-WAIPIO_E-1_20231026_070056/b/HY11_1/aop_proc/core/settings/pmic/config/clarence/pm_config_target.o	#SHT_PROGBITS,SHF_MERGE|SHF_STRINGS,1
	0x125		
.debug_str	0x260e	0xd	/local/mnt/workspace/CRMBuilds/AOP.HO.4.0-00571-WAIPIO_E-1_20231026_070056/b/HY11_1/aop_proc/core/settings/pmic/config/clarence/pm_config_target.o	#SHT_PROGBITS,SHF_MERGE|SHF_STRINGS,1
	0x133		
.debug_str	0x261b	0xd	/local/mnt/workspace/CRMBuilds/AOP.HO.4.0-00571-WAIPIO_E-1_20231026_070056/b/HY11_1/aop_proc/core/settings/pmic/config/clarence/pm_config_target.o	#SHT_PROGBITS,SHF_MERGE|SHF_STRINGS,1
	0x140		
.debug_str	0x2628	0x9	/local/mnt/workspace/CRMBuilds/AOP.HO.4.0-00571-WAIPIO_E-1_20231026_070056/b/HY11_1/aop_proc/core/settings/pmic/config/clarence/pm_config_target.o	#SHT_PROGBITS,SHF_MERGE|SHF_STRINGS,1
	0x14d		
.debug_str	0x2631	0x8	/local/mnt/workspace/CRMBuilds/AOP.HO.4.0-00571-WAIPIO_E-1_20231026_070056/b/HY11_1/aop_proc/core/settings/pmic/config/clarence/pm_config_target.o	#SHT_PROGBITS,SHF_MERGE|SHF_STRINGS,1
	0x156		
.debug_str	0x2639	0x9	/local/mnt/workspace/CRMBuilds/AOP.HO.4.0-00571-WAIPIO_E-1_20231026_070056/b/HY11_1/aop_proc/core/settings/pmic/config/clarence/pm_config_target.o	#SHT_PROGBITS,SHF_MERGE|SHF_STRINGS,1
	0x15e		
.debug_str	0x2642	0xb	/local/mnt/workspace/CRMBuilds/AOP.HO.4.0-00571-WAIPIO_E-1_20231026_070056/b/HY11_1/aop_proc/core/settings/pmic/config/clarence/pm_config_target.o	#SHT_PROGBITS,SHF_MERGE|SHF_STRINGS,1
	0x167		
.debug_str	0x264d	0xf	/local/mnt/workspace/CRMBuilds/AOP.HO.4.0-00571-WAIPIO_E-1_20231026_070056/b/HY11_1/aop_proc/core/settings/pmic/config/clarence/pm_config_target.o	#SHT_PROGBITS,SHF_MERGE|SHF_STRINGS,1
	0x172		
.debug_str	0x265c	0x9	/local/mnt/workspace/CRMBuilds/AOP.HO.4.0-00571-WAIPIO_E-1_20231026_070056/b/HY11_1/aop_proc/core/settings/pmic/config/clarence/pm_config_target.o	#SHT_PROGBITS,SHF_MERGE|SHF_STRINGS,1
	0x181		
.debug_str	0x2665	0x7	/local/mnt/workspace/CRMBuilds/AOP.HO.4.0-00571-WAIPIO_E-1_20231026_070056/b/HY11_1/aop_proc/core/settings/pmic/config/clarence/pm_config_target.o	#SHT_PROGBITS,SHF_MERGE|SHF_STRINGS,1
	0x18a		
.debug_str	0x266c	0xb	/local/mnt/workspace/CRMBuilds/AOP.HO.4.0-00571-WAIPIO_E-1_20231026_070056/b/HY11_1/aop_proc/core/settings/pmic/config/clarence/pm_config_target.o	#SHT_PROGBITS,SHF_MERGE|SHF_STRINGS,1
	0x191		
.debug_str	0x2677	0x10	/local/mnt/workspace/CRMBuilds/AOP.HO.4.0-00571-WAIPIO_E-1_20231026_070056/b/HY11_1/aop_proc/core/settings/pmic/config/clarence/pm_config_target.o	#SHT_PROGBITS,SHF_MERGE|SHF_STRINGS,1
	0x19c		
.debug_str	0x2687	0x18	/local/mnt/workspace/CRMBuilds/AOP.HO.4.0-00571-WAIPIO_E-1_20231026_070056/b/HY11_1/aop_proc/core/settings/pmic/config/clarence/pm_config_target.o	#SHT_PROGBITS,SHF_MERGE|SHF_STRINGS,1
	0x1ac		
.debug_str	0x269f	0x10	/local/mnt/workspace/CRMBuilds/AOP.HO.4.0-00571-WAIPIO_E-1_20231026_070056/b/HY11_1/aop_proc/core/settings/pmic/config/clarence/pm_config_target.o	#SHT_PROGBITS,SHF_MERGE|SHF_STRINGS,1
	0x1c4		
.debug_str	0x26af	0x12	/local/mnt/workspace/CRMBuilds/AOP.HO.4.0-00571-WAIPIO_E-1_20231026_070056/b/HY11_1/aop_proc/core/settings/pmic/config/clarence/pm_config_target.o	#SHT_PROGBITS,SHF_MERGE|SHF_STRINGS,1
	0x1d4		
.debug_str	0x26c1	0x17	/local/mnt/workspace/CRMBuilds/AOP.HO.4.0-00571-WAIPIO_E-1_20231026_070056/b/HY11_1/aop_proc/core/settings/pmic/config/clarence/pm_config_target.o	#SHT_PROGBITS,SHF_MERGE|SHF_STRINGS,1
	0x1e6		
.debug_str	0x26d8	0x19	/local/mnt/workspace/CRMBuilds/AOP.HO.4.0-00571-WAIPIO_E-1_20231026_070056/b/HY11_1/aop_proc/core/settings/pmic/config/clarence/pm_config_target.o	#SHT_PROGBITS,SHF_MERGE|SHF_STRINGS,1
	0x1fd		
.debug_str	0x26f1	0x12	/local/mnt/workspace/CRMBuilds/AOP.HO.4.0-00571-WAIPIO_E-1_20231026_070056/b/HY11_1/aop_proc/core/settings/pmic/config/clarence/pm_config_target.o	#SHT_PROGBITS,SHF_MERGE|SHF_STRINGS,1
	0x216		
.debug_str	0x2703	0xe	/local/mnt/workspace/CRMBuilds/AOP.HO.4.0-00571-WAIPIO_E-1_20231026_070056/b/HY11_1/aop_proc/core/settings/pmic/config/clarence/pm_config_target.o	#SHT_PROGBITS,SHF_MERGE|SHF_STRINGS,1
	0x228		
.debug_str	0x2711	0xc	/local/mnt/workspace/CRMBuilds/AOP.HO.4.0-00571-WAIPIO_E-1_20231026_070056/b/HY11_1/aop_proc/core/settings/pmic/config/clarence/pm_config_target.o	#SHT_PROGBITS,SHF_MERGE|SHF_STRINGS,1
	0x236		
.debug_str	0x271d	0xf	/local/mnt/workspace/CRMBuilds/AOP.HO.4.0-00571-WAIPIO_E-1_20231026_070056/b/HY11_1/aop_proc/core/settings/pmic/config/clarence/pm_config_target.o	#SHT_PROGBITS,SHF_MERGE|SHF_STRINGS,1
	0x242		
.debug_str	0x272c	0xe	/local/mnt/workspace/CRMBuilds/AOP.HO.4.0-00571-WAIPIO_E-1_20231026_070056/b/HY11_1/aop_proc/core/settings/pmic/config/clarence/pm_config_target.o	#SHT_PROGBITS,SHF_MERGE|SHF_STRINGS,1
	0x251		
.debug_str	0x273a	0xc	/local/mnt/workspace/CRMBuilds/AOP.HO.4.0-00571-WAIPIO_E-1_20231026_070056/b/HY11_1/aop_proc/core/settings/pmic/config/clarence/pm_config_target.o	#SHT_PROGBITS,SHF_MERGE|SHF_STRINGS,1
	0x25f		
.debug_str	0x2746	0xc	/local/mnt/workspace/CRMBuilds/AOP.HO.4.0-00571-WAIPIO_E-1_20231026_070056/b/HY11_1/aop_proc/core/settings/pmic/config/clarence/pm_config_target.o	#SHT_PROGBITS,SHF_MERGE|SHF_STRINGS,1
	0x26b		
.debug_str	0x2752	0xe	/local/mnt/workspace/CRMBuilds/AOP.HO.4.0-00571-WAIPIO_E-1_20231026_070056/b/HY11_1/aop_proc/core/settings/pmic/config/clarence/pm_config_target.o	#SHT_PROGBITS,SHF_MERGE|SHF_STRINGS,1
	0x277		
.debug_str	0x2760	0x8	/local/mnt/workspace/CRMBuilds/AOP.HO.4.0-00571-WAIPIO_E-1_20231026_070056/b/HY11_1/aop_proc/core/settings/pmic/config/clarence/pm_config_target.o	#SHT_PROGBITS,SHF_MERGE|SHF_STRINGS,1
	0x285		
.debug_str	0x2768	0x6	/local/mnt/workspace/CRMBuilds/AOP.HO.4.0-00571-WAIPIO_E-1_20231026_070056/b/HY11_1/aop_proc/core/settings/pmic/config/clarence/pm_config_target.o	#SHT_PROGBITS,SHF_MERGE|SHF_STRINGS,1
	0x28d		
.debug_str	0x276e	0xe	/local/mnt/workspace/CRMBuilds/AOP.HO.4.0-00571-WAIPIO_E-1_20231026_070056/b/HY11_1/aop_proc/core/settings/pmic/config/clarence/pm_config_target.o	#SHT_PROGBITS,SHF_MERGE|SHF_STRINGS,1
	0x293		
.debug_str	0x277c	0xc	/local/mnt/workspace/CRMBuilds/AOP.HO.4.0-00571-WAIPIO_E-1_20231026_070056/b/HY11_1/aop_proc/core/settings/pmic/config/clarence/pm_config_target.o	#SHT_PROGBITS,SHF_MERGE|SHF_STRINGS,1
	0x2a1		
.debug_str	0x2788	0xb	/local/mnt/workspace/CRMBuilds/AOP.HO.4.0-00571-WAIPIO_E-1_20231026_070056/b/HY11_1/aop_proc/core/settings/pmic/config/clarence/pm_config_target.o	#SHT_PROGBITS,SHF_MERGE|SHF_STRINGS,1
	0x2ad		
.debug_str	0x2793	0x9	/local/mnt/workspace/CRMBuilds/AOP.HO.4.0-00571-WAIPIO_E-1_20231026_070056/b/HY11_1/aop_proc/core/settings/pmic/config/clarence/pm_config_target.o	#SHT_PROGBITS,SHF_MERGE|SHF_STRINGS,1
	0x2b8		
.debug_str	0x279c	0x7	/local/mnt/workspace/CRMBuilds/AOP.HO.4.0-00571-WAIPIO_E-1_20231026_070056/b/HY11_1/aop_proc/core/settings/pmic/config/clarence/pm_config_target.o	#SHT_PROGBITS,SHF_MERGE|SHF_STRINGS,1
	0x2c1		
.debug_str	0x27a3	0x9	/local/mnt/workspace/CRMBuilds/AOP.HO.4.0-00571-WAIPIO_E-1_20231026_070056/b/HY11_1/aop_proc/core/settings/pmic/config/clarence/pm_config_target.o	#SHT_PROGBITS,SHF_MERGE|SHF_STRINGS,1
	0x2c8		
.debug_str	0x27ac	0x1b	/local/mnt/workspace/CRMBuilds/AOP.HO.4.0-00571-WAIPIO_E-1_20231026_070056/b/HY11_1/aop_proc/core/settings/pmic/config/clarence/pm_config_target.o	#SHT_PROGBITS,SHF_MERGE|SHF_STRINGS,1
	0x2d1		
.debug_str	0x27c7	0x14	/local/mnt/workspace/CRMBuilds/AOP.HO.4.0-00571-WAIPIO_E-1_20231026_070056/b/HY11_1/aop_proc/core/settings/pmic/config/clarence/pm_config_target.o	#SHT_PROGBITS,SHF_MERGE|SHF_STRINGS,1
	0x2ec		
.debug_str	0x27db	0xb	/local/mnt/workspace/CRMBuilds/AOP.HO.4.0-00571-WAIPIO_E-1_20231026_070056/b/HY11_1/aop_proc/core/settings/pmic/config/clarence/pm_config_target.o	#SHT_PROGBITS,SHF_MERGE|SHF_STRINGS,1
	0x300		
.debug_str	0x27e6	0xc	/local/mnt/workspace/CRMBuilds/AOP.HO.4.0-00571-WAIPIO_E-1_20231026_070056/b/HY11_1/aop_proc/core/settings/pmic/config/clarence/pm_config_target.o	#SHT_PROGBITS,SHF_MERGE|SHF_STRINGS,1
	0x30b		
.debug_str	0x27f2	0xc	/local/mnt/workspace/CRMBuilds/AOP.HO.4.0-00571-WAIPIO_E-1_20231026_070056/b/HY11_1/aop_proc/core/settings/pmic/config/clarence/pm_config_target.o	#SHT_PROGBITS,SHF_MERGE|SHF_STRINGS,1
	0x317		
.debug_str	0x27fe	0xb	/local/mnt/workspace/CRMBuilds/AOP.HO.4.0-00571-WAIPIO_E-1_20231026_070056/b/HY11_1/aop_proc/core/settings/pmic/config/clarence/pm_config_target.o	#SHT_PROGBITS,SHF_MERGE|SHF_STRINGS,1
	0x323		
.debug_str	0x2809	0xb	/local/mnt/workspace/CRMBuilds/AOP.HO.4.0-00571-WAIPIO_E-1_20231026_070056/b/HY11_1/aop_proc/core/settings/pmic/config/clarence/pm_config_target.o	#SHT_PROGBITS,SHF_MERGE|SHF_STRINGS,1
	0x32e		
.debug_str	0x2814	0xe	/local/mnt/workspace/CRMBuilds/AOP.HO.4.0-00571-WAIPIO_E-1_20231026_070056/b/HY11_1/aop_proc/core/settings/pmic/config/clarence/pm_config_target.o	#SHT_PROGBITS,SHF_MERGE|SHF_STRINGS,1
	0x339		
.debug_str	0x2822	0xd	/local/mnt/workspace/CRMBuilds/AOP.HO.4.0-00571-WAIPIO_E-1_20231026_070056/b/HY11_1/aop_proc/core/settings/pmic/config/clarence/pm_config_target.o	#SHT_PROGBITS,SHF_MERGE|SHF_STRINGS,1
	0x347		
.debug_str	0x282f	0xa	/local/mnt/workspace/CRMBuilds/AOP.HO.4.0-00571-WAIPIO_E-1_20231026_070056/b/HY11_1/aop_proc/core/settings/pmic/config/clarence/pm_config_target.o	#SHT_PROGBITS,SHF_MERGE|SHF_STRINGS,1
	0x354		
.debug_str	0x2839	0x15	/local/mnt/workspace/CRMBuilds/AOP.HO.4.0-00571-WAIPIO_E-1_20231026_070056/b/HY11_1/aop_proc/core/settings/pmic/config/clarence/pm_config_target.o	#SHT_PROGBITS,SHF_MERGE|SHF_STRINGS,1
	0x35e		
.debug_str	0x284e	0x11	/local/mnt/workspace/CRMBuilds/AOP.HO.4.0-00571-WAIPIO_E-1_20231026_070056/b/HY11_1/aop_proc/core/settings/pmic/config/clarence/pm_config_target.o	#SHT_PROGBITS,SHF_MERGE|SHF_STRINGS,1
	0x373		
.debug_str	0x285f	0x5	/local/mnt/workspace/CRMBuilds/AOP.HO.4.0-00571-WAIPIO_E-1_20231026_070056/b/HY11_1/aop_proc/core/settings/pmic/config/clarence/pm_config_target.o	#SHT_PROGBITS,SHF_MERGE|SHF_STRINGS,1
	0x384		
.debug_str	0x2864	0x5	/local/mnt/workspace/CRMBuilds/AOP.HO.4.0-00571-WAIPIO_E-1_20231026_070056/b/HY11_1/aop_proc/core/settings/pmic/config/clarence/pm_config_target.o	#SHT_PROGBITS,SHF_MERGE|SHF_STRINGS,1
	0x389		
.debug_str	0x2869	0xa	/local/mnt/workspace/CRMBuilds/AOP.HO.4.0-00571-WAIPIO_E-1_20231026_070056/b/HY11_1/aop_proc/core/settings/pmic/config/clarence/pm_config_target.o	#SHT_PROGBITS,SHF_MERGE|SHF_STRINGS,1
	0x38e		
.debug_str	0x2873	0xb	/local/mnt/workspace/CRMBuilds/AOP.HO.4.0-00571-WAIPIO_E-1_20231026_070056/b/HY11_1/aop_proc/core/settings/pmic/config/clarence/pm_config_target.o	#SHT_PROGBITS,SHF_MERGE|SHF_STRINGS,1
	0x398		
.debug_str	0x287e	0x13	/local/mnt/workspace/CRMBuilds/AOP.HO.4.0-00571-WAIPIO_E-1_20231026_070056/b/HY11_1/aop_proc/core/settings/pmic/config/clarence/pm_config_target.o	#SHT_PROGBITS,SHF_MERGE|SHF_STRINGS,1
	0x3a3		
.debug_str	0x2891	0x13	/local/mnt/workspace/CRMBuilds/AOP.HO.4.0-00571-WAIPIO_E-1_20231026_070056/b/HY11_1/aop_proc/core/settings/pmic/config/clarence/pm_config_target.o	#SHT_PROGBITS,SHF_MERGE|SHF_STRINGS,1
	0x3b6		
.debug_str	0x28a4	0x12	/local/mnt/workspace/CRMBuilds/AOP.HO.4.0-00571-WAIPIO_E-1_20231026_070056/b/HY11_1/aop_proc/core/settings/pmic/config/clarence/pm_config_target.o	#SHT_PROGBITS,SHF_MERGE|SHF_STRINGS,1
	0x3c9		
.debug_str	0x28b6	0x12	/local/mnt/workspace/CRMBuilds/AOP.HO.4.0-00571-WAIPIO_E-1_20231026_070056/b/HY11_1/aop_proc/core/settings/pmic/config/clarence/pm_config_target.o	#SHT_PROGBITS,SHF_MERGE|SHF_STRINGS,1
	0x3db		
.debug_str	0x28c8	0x11	/local/mnt/workspace/CRMBuilds/AOP.HO.4.0-00571-WAIPIO_E-1_20231026_070056/b/HY11_1/aop_proc/core/settings/pmic/config/clarence/pm_config_target.o	#SHT_PROGBITS,SHF_MERGE|SHF_STRINGS,1
	0x3ed		
.debug_str	0x28d9	0x12	/local/mnt/workspace/CRMBuilds/AOP.HO.4.0-00571-WAIPIO_E-1_20231026_070056/b/HY11_1/aop_proc/core/settings/pmic/config/clarence/pm_config_target.o	#SHT_PROGBITS,SHF_MERGE|SHF_STRINGS,1
	0x3fe		
.debug_str	0x28eb	0x19	/local/mnt/workspace/CRMBuilds/AOP.HO.4.0-00571-WAIPIO_E-1_20231026_070056/b/HY11_1/aop_proc/core/settings/pmic/config/clarence/pm_config_target.o	#SHT_PROGBITS,SHF_MERGE|SHF_STRINGS,1
	0x410		
.debug_str	0x2904	0x13	/local/mnt/workspace/CRMBuilds/AOP.HO.4.0-00571-WAIPIO_E-1_20231026_070056/b/HY11_1/aop_proc/core/settings/pmic/config/clarence/pm_config_target.o	#SHT_PROGBITS,SHF_MERGE|SHF_STRINGS,1
	0x429		
.debug_str	0x2917	0x12	/local/mnt/workspace/CRMBuilds/AOP.HO.4.0-00571-WAIPIO_E-1_20231026_070056/b/HY11_1/aop_proc/core/settings/pmic/config/clarence/pm_config_target.o	#SHT_PROGBITS,SHF_MERGE|SHF_STRINGS,1
	0x43c		
.debug_str	0x2929	0x13	/local/mnt/workspace/CRMBuilds/AOP.HO.4.0-00571-WAIPIO_E-1_20231026_070056/b/HY11_1/aop_proc/core/settings/pmic/config/clarence/pm_config_target.o	#SHT_PROGBITS,SHF_MERGE|SHF_STRINGS,1
	0x44e		
.debug_str	0x293c	0x13	/local/mnt/workspace/CRMBuilds/AOP.HO.4.0-00571-WAIPIO_E-1_20231026_070056/b/HY11_1/aop_proc/core/settings/pmic/config/clarence/pm_config_target.o	#SHT_PROGBITS,SHF_MERGE|SHF_STRINGS,1
	0x461		
.debug_str	0x294f	0x11	/local/mnt/workspace/CRMBuilds/AOP.HO.4.0-00571-WAIPIO_E-1_20231026_070056/b/HY11_1/aop_proc/core/settings/pmic/config/clarence/pm_config_target.o	#SHT_PROGBITS,SHF_MERGE|SHF_STRINGS,1
	0x474		
.debug_str	0x2960	0x13	/local/mnt/workspace/CRMBuilds/AOP.HO.4.0-00571-WAIPIO_E-1_20231026_070056/b/HY11_1/aop_proc/core/settings/pmic/config/clarence/pm_config_target.o	#SHT_PROGBITS,SHF_MERGE|SHF_STRINGS,1
	0x485		
.debug_str	0x2973	0x13	/local/mnt/workspace/CRMBuilds/AOP.HO.4.0-00571-WAIPIO_E-1_20231026_070056/b/HY11_1/aop_proc/core/settings/pmic/config/clarence/pm_config_target.o	#SHT_PROGBITS,SHF_MERGE|SHF_STRINGS,1
	0x498		
.debug_str	0x2986	0x16	/local/mnt/workspace/CRMBuilds/AOP.HO.4.0-00571-WAIPIO_E-1_20231026_070056/b/HY11_1/aop_proc/core/settings/pmic/config/clarence/pm_config_target.o	#SHT_PROGBITS,SHF_MERGE|SHF_STRINGS,1
	0x4ab		
.debug_str	0x299c	0x13	/local/mnt/workspace/CRMBuilds/AOP.HO.4.0-00571-WAIPIO_E-1_20231026_070056/b/HY11_1/aop_proc/core/settings/pmic/config/clarence/pm_config_target.o	#SHT_PROGBITS,SHF_MERGE|SHF_STRINGS,1
	0x4c1		
.debug_str	0x29af	0x9	/local/mnt/workspace/CRMBuilds/AOP.HO.4.0-00571-WAIPIO_E-1_20231026_070056/b/HY11_1/aop_proc/core/settings/pmic/config/clarence/pm_config_target.o	#SHT_PROGBITS,SHF_MERGE|SHF_STRINGS,1
	0x4d4		
.debug_str	0x29b8	0x7	/local/mnt/workspace/CRMBuilds/AOP.HO.4.0-00571-WAIPIO_E-1_20231026_070056/b/HY11_1/aop_proc/core/settings/pmic/config/clarence/pm_config_target.o	#SHT_PROGBITS,SHF_MERGE|SHF_STRINGS,1
	0x4dd		
.debug_str	0x29bf	0x8	/local/mnt/workspace/CRMBuilds/AOP.HO.4.0-00571-WAIPIO_E-1_20231026_070056/b/HY11_1/aop_proc/core/settings/pmic/config/clarence/pm_config_target.o	#SHT_PROGBITS,SHF_MERGE|SHF_STRINGS,1
	0x4e4		
.debug_str	0x29c7	0x9	/local/mnt/workspace/CRMBuilds/AOP.HO.4.0-00571-WAIPIO_E-1_20231026_070056/b/HY11_1/aop_proc/core/settings/pmic/config/clarence/pm_config_target.o	#SHT_PROGBITS,SHF_MERGE|SHF_STRINGS,1
	0x4ec		
.debug_str	0x29d0	0xe	/local/mnt/workspace/CRMBuilds/AOP.HO.4.0-00571-WAIPIO_E-1_20231026_070056/b/HY11_1/aop_proc/core/settings/pmic/config/clarence/pm_config_target.o	#SHT_PROGBITS,SHF_MERGE|SHF_STRINGS,1
	0x4f5		
.debug_str	0x29de	0xc	/local/mnt/workspace/CRMBuilds/AOP.HO.4.0-00571-WAIPIO_E-1_20231026_070056/b/HY11_1/aop_proc/core/settings/pmic/config/clarence/pm_config_target.o	#SHT_PROGBITS,SHF_MERGE|SHF_STRINGS,1
	0x503		
.debug_str	0x29ea	0xc	/local/mnt/workspace/CRMBuilds/AOP.HO.4.0-00571-WAIPIO_E-1_20231026_070056/b/HY11_1/aop_proc/core/settings/pmic/config/clarence/pm_config_target.o	#SHT_PROGBITS,SHF_MERGE|SHF_STRINGS,1
	0x50f		
.debug_str	0x29f6	0xe	/local/mnt/workspace/CRMBuilds/AOP.HO.4.0-00571-WAIPIO_E-1_20231026_070056/b/HY11_1/aop_proc/core/settings/pmic/config/clarence/pm_config_target.o	#SHT_PROGBITS,SHF_MERGE|SHF_STRINGS,1
	0x51b		
.debug_str	0x2a04	0x16	/local/mnt/workspace/CRMBuilds/AOP.HO.4.0-00571-WAIPIO_E-1_20231026_070056/b/HY11_1/aop_proc/core/settings/pmic/config/clarence/pm_config_target.o	#SHT_PROGBITS,SHF_MERGE|SHF_STRINGS,1
	0x529		
.debug_str	0x2a1a	0x1d	/local/mnt/workspace/CRMBuilds/AOP.HO.4.0-00571-WAIPIO_E-1_20231026_070056/b/HY11_1/aop_proc/core/settings/pmic/config/clarence/pm_config_target.o	#SHT_PROGBITS,SHF_MERGE|SHF_STRINGS,1
	0x53f		
.debug_str	0x2a37	0x7	/local/mnt/workspace/CRMBuilds/AOP.HO.4.0-00571-WAIPIO_E-1_20231026_070056/b/HY11_1/aop_proc/core/settings/pmic/config/clarence/pm_config_target.o	#SHT_PROGBITS,SHF_MERGE|SHF_STRINGS,1
	0x55c		
.debug_str	0x2a3e	0x9	/local/mnt/workspace/CRMBuilds/AOP.HO.4.0-00571-WAIPIO_E-1_20231026_070056/b/HY11_1/aop_proc/core/settings/pmic/config/clarence/pm_config_target.o	#SHT_PROGBITS,SHF_MERGE|SHF_STRINGS,1
	0x563		
.debug_str	0x2a47	0x7	/local/mnt/workspace/CRMBuilds/AOP.HO.4.0-00571-WAIPIO_E-1_20231026_070056/b/HY11_1/aop_proc/core/settings/pmic/config/clarence/pm_config_target.o	#SHT_PROGBITS,SHF_MERGE|SHF_STRINGS,1
	0x56c		
.debug_str	0x2a4e	0x8	/local/mnt/workspace/CRMBuilds/AOP.HO.4.0-00571-WAIPIO_E-1_20231026_070056/b/HY11_1/aop_proc/core/settings/pmic/config/clarence/pm_config_target.o	#SHT_PROGBITS,SHF_MERGE|SHF_STRINGS,1
	0x573		
.debug_str	0x2a56	0xd	/local/mnt/workspace/CRMBuilds/AOP.HO.4.0-00571-WAIPIO_E-1_20231026_070056/b/HY11_1/aop_proc/core/settings/pmic/config/clarence/pm_config_target.o	#SHT_PROGBITS,SHF_MERGE|SHF_STRINGS,1
	0x57b		
.debug_str	0x2a63	0xb	/local/mnt/workspace/CRMBuilds/AOP.HO.4.0-00571-WAIPIO_E-1_20231026_070056/b/HY11_1/aop_proc/core/settings/pmic/config/clarence/pm_config_target.o	#SHT_PROGBITS,SHF_MERGE|SHF_STRINGS,1
	0x588		
.debug_str	0x2a6e	0x1b	/local/mnt/workspace/CRMBuilds/AOP.HO.4.0-00571-WAIPIO_E-1_20231026_070056/b/HY11_1/aop_proc/core/settings/pmic/config/clarence/pm_config_target.o	#SHT_PROGBITS,SHF_MERGE|SHF_STRINGS,1
	0x593		
.debug_str	0x2a89	0x13	/local/mnt/workspace/CRMBuilds/AOP.HO.4.0-00571-WAIPIO_E-1_20231026_070056/b/HY11_1/aop_proc/core/settings/pmic/config/clarence/pm_config_target.o	#SHT_PROGBITS,SHF_MERGE|SHF_STRINGS,1
	0x5ae		
.debug_str	0x2a9c	0xb	/local/mnt/workspace/CRMBuilds/AOP.HO.4.0-00571-WAIPIO_E-1_20231026_070056/b/HY11_1/aop_proc/core/settings/pmic/config/clarence/pm_config_target.o	#SHT_PROGBITS,SHF_MERGE|SHF_STRINGS,1
	0x5c1		
.debug_str	0x2aa7	0xc	/local/mnt/workspace/CRMBuilds/AOP.HO.4.0-00571-WAIPIO_E-1_20231026_070056/b/HY11_1/aop_proc/core/settings/pmic/config/clarence/pm_config_target.o	#SHT_PROGBITS,SHF_MERGE|SHF_STRINGS,1
	0x5cc		
.debug_str	0x2ab3	0xb	/local/mnt/workspace/CRMBuilds/AOP.HO.4.0-00571-WAIPIO_E-1_20231026_070056/b/HY11_1/aop_proc/core/settings/pmic/config/clarence/pm_config_target.o	#SHT_PROGBITS,SHF_MERGE|SHF_STRINGS,1
	0x5d8		
.debug_str	0x2abe	0x10	/local/mnt/workspace/CRMBuilds/AOP.HO.4.0-00571-WAIPIO_E-1_20231026_070056/b/HY11_1/aop_proc/core/settings/pmic/config/clarence/pm_config_target.o	#SHT_PROGBITS,SHF_MERGE|SHF_STRINGS,1
	0x5e3		
.debug_str	0x2ace	0x9	/local/mnt/workspace/CRMBuilds/AOP.HO.4.0-00571-WAIPIO_E-1_20231026_070056/b/HY11_1/aop_proc/core/settings/pmic/config/clarence/pm_config_target.o	#SHT_PROGBITS,SHF_MERGE|SHF_STRINGS,1
	0x5f3		
.debug_str	0x2ad7	0xa	/local/mnt/workspace/CRMBuilds/AOP.HO.4.0-00571-WAIPIO_E-1_20231026_070056/b/HY11_1/aop_proc/core/settings/pmic/config/clarence/pm_config_target.o	#SHT_PROGBITS,SHF_MERGE|SHF_STRINGS,1
	0x5fc		
.debug_str	0x2ae1	0x9	/local/mnt/workspace/CRMBuilds/AOP.HO.4.0-00571-WAIPIO_E-1_20231026_070056/b/HY11_1/aop_proc/core/settings/pmic/config/clarence/pm_config_target.o	#SHT_PROGBITS,SHF_MERGE|SHF_STRINGS,1
	0x606		
.debug_str	0x2aea	0xa	/local/mnt/workspace/CRMBuilds/AOP.HO.4.0-00571-WAIPIO_E-1_20231026_070056/b/HY11_1/aop_proc/core/settings/pmic/config/clarence/pm_config_target.o	#SHT_PROGBITS,SHF_MERGE|SHF_STRINGS,1
	0x60f		
.debug_str	0x2af4	0x9	/local/mnt/workspace/CRMBuilds/AOP.HO.4.0-00571-WAIPIO_E-1_20231026_070056/b/HY11_1/aop_proc/core/settings/pmic/config/clarence/pm_config_target.o	#SHT_PROGBITS,SHF_MERGE|SHF_STRINGS,1
	0x619		
.debug_str	0x2afd	0xc	/local/mnt/workspace/CRMBuilds/AOP.HO.4.0-00571-WAIPIO_E-1_20231026_070056/b/HY11_1/aop_proc/core/settings/pmic/config/clarence/pm_config_target.o	#SHT_PROGBITS,SHF_MERGE|SHF_STRINGS,1
	0x622		
.debug_str	0x2b09	0x90	/local/mnt/workspace/CRMBuilds/AOP.HO.4.0-00571-WAIPIO_E-1_20231026_070056/b/HY11_1/aop_proc/core/settings/pmic/config/clarence/pm_config_dep.o	#SHT_PROGBITS,SHF_MERGE|SHF_STRINGS,1
	0x62e		
.debug_str	0x2b99	0xa	/local/mnt/workspace/CRMBuilds/AOP.HO.4.0-00571-WAIPIO_E-1_20231026_070056/b/HY11_1/aop_proc/core/settings/pmic/config/clarence/pm_config_dep.o	#SHT_PROGBITS,SHF_MERGE|SHF_STRINGS,1
	0x6be		
.debug_str	0x2ba3	0x7	/local/mnt/workspace/CRMBuilds/AOP.HO.4.0-00571-WAIPIO_E-1_20231026_070056/b/HY11_1/aop_proc/core/settings/pmic/config/clarence/pm_config_dep.o	#SHT_PROGBITS,SHF_MERGE|SHF_STRINGS,1
	0x6c8		
.debug_str	0x2baa	0xb	/local/mnt/workspace/CRMBuilds/AOP.HO.4.0-00571-WAIPIO_E-1_20231026_070056/b/HY11_1/aop_proc/core/settings/pmic/config/clarence/pm_config_dep.o	#SHT_PROGBITS,SHF_MERGE|SHF_STRINGS,1
	0x6cf		
.debug_str	0x2bb5	0x10	/local/mnt/workspace/CRMBuilds/AOP.HO.4.0-00571-WAIPIO_E-1_20231026_070056/b/HY11_1/aop_proc/core/settings/pmic/config/clarence/pm_config_dep.o	#SHT_PROGBITS,SHF_MERGE|SHF_STRINGS,1
	0x6da		
.debug_str	0x2bc5	0x9	/local/mnt/workspace/CRMBuilds/AOP.HO.4.0-00571-WAIPIO_E-1_20231026_070056/b/HY11_1/aop_proc/core/settings/pmic/config/clarence/pm_config_dep.o	#SHT_PROGBITS,SHF_MERGE|SHF_STRINGS,1
	0x6ea		
.debug_str	0x2bce	0xf	/local/mnt/workspace/CRMBuilds/AOP.HO.4.0-00571-WAIPIO_E-1_20231026_070056/b/HY11_1/aop_proc/core/settings/pmic/config/clarence/pm_config_dep.o	#SHT_PROGBITS,SHF_MERGE|SHF_STRINGS,1
	0x6f3		
.debug_str	0x2bdd	0xe	/local/mnt/workspace/CRMBuilds/AOP.HO.4.0-00571-WAIPIO_E-1_20231026_070056/b/HY11_1/aop_proc/core/settings/pmic/config/clarence/pm_config_dep.o	#SHT_PROGBITS,SHF_MERGE|SHF_STRINGS,1
	0x702		
.debug_str	0x2beb	0x20	/local/mnt/workspace/CRMBuilds/AOP.HO.4.0-00571-WAIPIO_E-1_20231026_070056/b/HY11_1/aop_proc/core/settings/pmic/config/clarence/pm_config_dep.o	#SHT_PROGBITS,SHF_MERGE|SHF_STRINGS,1
	0x710		
.debug_str	0x2c0b	0xa	/local/mnt/workspace/CRMBuilds/AOP.HO.4.0-00571-WAIPIO_E-1_20231026_070056/b/HY11_1/aop_proc/core/settings/pmic/config/clarence/pm_config_dep.o	#SHT_PROGBITS,SHF_MERGE|SHF_STRINGS,1
	0x730		
.debug_str	0x2c15	0xa	/local/mnt/workspace/CRMBuilds/AOP.HO.4.0-00571-WAIPIO_E-1_20231026_070056/b/HY11_1/aop_proc/core/settings/pmic/config/clarence/pm_config_dep.o	#SHT_PROGBITS,SHF_MERGE|SHF_STRINGS,1
	0x73a		
.debug_str	0x2c1f	0xb	/local/mnt/workspace/CRMBuilds/AOP.HO.4.0-00571-WAIPIO_E-1_20231026_070056/b/HY11_1/aop_proc/core/settings/pmic/config/clarence/pm_config_dep.o	#SHT_PROGBITS,SHF_MERGE|SHF_STRINGS,1
	0x744		
.debug_str	0x2c2a	0xb	/local/mnt/workspace/CRMBuilds/AOP.HO.4.0-00571-WAIPIO_E-1_20231026_070056/b/HY11_1/aop_proc/core/settings/pmic/config/clarence/pm_config_dep.o	#SHT_PROGBITS,SHF_MERGE|SHF_STRINGS,1
	0x74f		
.debug_str	0x2c35	0x9	/local/mnt/workspace/CRMBuilds/AOP.HO.4.0-00571-WAIPIO_E-1_20231026_070056/b/HY11_1/aop_proc/core/settings/pmic/config/clarence/pm_config_dep.o	#SHT_PROGBITS,SHF_MERGE|SHF_STRINGS,1
	0x75a		
.debug_str	0x2c3e	0x8	/local/mnt/workspace/CRMBuilds/AOP.HO.4.0-00571-WAIPIO_E-1_20231026_070056/b/HY11_1/aop_proc/core/settings/pmic/config/clarence/pm_config_dep.o	#SHT_PROGBITS,SHF_MERGE|SHF_STRINGS,1
	0x763		
.debug_str	0x2c46	0x8	/local/mnt/workspace/CRMBuilds/AOP.HO.4.0-00571-WAIPIO_E-1_20231026_070056/b/HY11_1/aop_proc/core/settings/pmic/config/clarence/pm_config_dep.o	#SHT_PROGBITS,SHF_MERGE|SHF_STRINGS,1
	0x76b		
.debug_str	0x2c4e	0x8	/local/mnt/workspace/CRMBuilds/AOP.HO.4.0-00571-WAIPIO_E-1_20231026_070056/b/HY11_1/aop_proc/core/settings/pmic/config/clarence/pm_config_dep.o	#SHT_PROGBITS,SHF_MERGE|SHF_STRINGS,1
	0x773		
.debug_str	0x2c56	0x7	/local/mnt/workspace/CRMBuilds/AOP.HO.4.0-00571-WAIPIO_E-1_20231026_070056/b/HY11_1/aop_proc/core/settings/pmic/config/clarence/pm_config_dep.o	#SHT_PROGBITS,SHF_MERGE|SHF_STRINGS,1
	0x77b		
.debug_str	0x2c5d	0xa	/local/mnt/workspace/CRMBuilds/AOP.HO.4.0-00571-WAIPIO_E-1_20231026_070056/b/HY11_1/aop_proc/core/settings/pmic/config/clarence/pm_config_dep.o	#SHT_PROGBITS,SHF_MERGE|SHF_STRINGS,1
	0x782		
.debug_str	0x2c67	0x9	/local/mnt/workspace/CRMBuilds/AOP.HO.4.0-00571-WAIPIO_E-1_20231026_070056/b/HY11_1/aop_proc/core/settings/pmic/config/clarence/pm_config_dep.o	#SHT_PROGBITS,SHF_MERGE|SHF_STRINGS,1
	0x78c		
.debug_str	0x2c70	0x9	/local/mnt/workspace/CRMBuilds/AOP.HO.4.0-00571-WAIPIO_E-1_20231026_070056/b/HY11_1/aop_proc/core/settings/pmic/config/clarence/pm_config_dep.o	#SHT_PROGBITS,SHF_MERGE|SHF_STRINGS,1
	0x795		
.debug_str	0x2c79	0x9	/local/mnt/workspace/CRMBuilds/AOP.HO.4.0-00571-WAIPIO_E-1_20231026_070056/b/HY11_1/aop_proc/core/settings/pmic/config/clarence/pm_config_dep.o	#SHT_PROGBITS,SHF_MERGE|SHF_STRINGS,1
	0x79e		
.debug_str	0x2c82	0x7	/local/mnt/workspace/CRMBuilds/AOP.HO.4.0-00571-WAIPIO_E-1_20231026_070056/b/HY11_1/aop_proc/core/settings/pmic/config/clarence/pm_config_dep.o	#SHT_PROGBITS,SHF_MERGE|SHF_STRINGS,1
	0x7a7		
.debug_str	0x2c89	0x12	/local/mnt/workspace/CRMBuilds/AOP.HO.4.0-00571-WAIPIO_E-1_20231026_070056/b/HY11_1/aop_proc/core/settings/pmic/config/clarence/pm_config_dep.o	#SHT_PROGBITS,SHF_MERGE|SHF_STRINGS,1
	0x7ae		
.debug_str	0x2c9b	0x12	/local/mnt/workspace/CRMBuilds/AOP.HO.4.0-00571-WAIPIO_E-1_20231026_070056/b/HY11_1/aop_proc/core/settings/pmic/config/clarence/pm_config_dep.o	#SHT_PROGBITS,SHF_MERGE|SHF_STRINGS,1
	0x7c0		
.debug_str	0x2cad	0x12	/local/mnt/workspace/CRMBuilds/AOP.HO.4.0-00571-WAIPIO_E-1_20231026_070056/b/HY11_1/aop_proc/core/settings/pmic/config/clarence/pm_config_dep.o	#SHT_PROGBITS,SHF_MERGE|SHF_STRINGS,1
	0x7d2		
.debug_str	0x2cbf	0x7	/local/mnt/workspace/CRMBuilds/AOP.HO.4.0-00571-WAIPIO_E-1_20231026_070056/b/HY11_1/aop_proc/core/settings/pmic/config/clarence/pm_config_dep.o	#SHT_PROGBITS,SHF_MERGE|SHF_STRINGS,1
	0x7e4		
.debug_str	0x2cc6	0x6	/local/mnt/workspace/CRMBuilds/AOP.HO.4.0-00571-WAIPIO_E-1_20231026_070056/b/HY11_1/aop_proc/core/settings/pmic/config/clarence/pm_config_dep.o	#SHT_PROGBITS,SHF_MERGE|SHF_STRINGS,1
	0x7eb		
.debug_str	0x2ccc	0x6	/local/mnt/workspace/CRMBuilds/AOP.HO.4.0-00571-WAIPIO_E-1_20231026_070056/b/HY11_1/aop_proc/core/settings/pmic/config/clarence/pm_config_dep.o	#SHT_PROGBITS,SHF_MERGE|SHF_STRINGS,1
	0x7f1		
.debug_str	0x2cd2	0x6	/local/mnt/workspace/CRMBuilds/AOP.HO.4.0-00571-WAIPIO_E-1_20231026_070056/b/HY11_1/aop_proc/core/settings/pmic/config/clarence/pm_config_dep.o	#SHT_PROGBITS,SHF_MERGE|SHF_STRINGS,1
	0x7f7		
.debug_str	0x2cd8	0x7c	/local/mnt/workspace/CRMBuilds/AOP.HO.4.0-00571-WAIPIO_E-1_20231026_070056/b/HY11_1/aop_proc/core/bsp/aop/src/devcfg_main.o	#SHT_PROGBITS,SHF_MERGE|SHF_STRINGS,1
	0x7fd		
.debug_str	0x2d54	0xf	/local/mnt/workspace/CRMBuilds/AOP.HO.4.0-00571-WAIPIO_E-1_20231026_070056/b/HY11_1/aop_proc/core/bsp/aop/src/devcfg_main.o	#SHT_PROGBITS,SHF_MERGE|SHF_STRINGS,1
	0x879		
.debug_str	0x2d63	0x5	/local/mnt/workspace/CRMBuilds/AOP.HO.4.0-00571-WAIPIO_E-1_20231026_070056/b/HY11_1/aop_proc/core/bsp/aop/src/devcfg_main.o	#SHT_PROGBITS,SHF_MERGE|SHF_STRINGS,1
	0x888		
.debug_str	0x2d68	0x4	/local/mnt/workspace/CRMBuilds/AOP.HO.4.0-00571-WAIPIO_E-1_20231026_070056/b/HY11_1/aop_proc/core/bsp/aop/src/devcfg_main.o	#SHT_PROGBITS,SHF_MERGE|SHF_STRINGS,1
	0x88d		
.debug_str	0x2d6c	0x87	/local/mnt/workspace/CRMBuilds/AOP.HO.4.0-00571-WAIPIO_E-1_20231026_070056/b/HY11_1/aop_proc/core/bsp/aop/build/aop_settings_autogen.o	#SHT_PROGBITS,SHF_MERGE|SHF_STRINGS,1
	0x891		
.debug_str	0x2df3	0xe	/local/mnt/workspace/CRMBuilds/AOP.HO.4.0-00571-WAIPIO_E-1_20231026_070056/b/HY11_1/aop_proc/core/bsp/aop/build/aop_settings_autogen.o	#SHT_PROGBITS,SHF_MERGE|SHF_STRINGS,1
	0x918		
.debug_str	0x2e01	0x8	/local/mnt/workspace/CRMBuilds/AOP.HO.4.0-00571-WAIPIO_E-1_20231026_070056/b/HY11_1/aop_proc/core/bsp/aop/build/aop_settings_autogen.o	#SHT_PROGBITS,SHF_MERGE|SHF_STRINGS,1
	0x926		
.debug_str	0x2e09	0x9	/local/mnt/workspace/CRMBuilds/AOP.HO.4.0-00571-WAIPIO_E-1_20231026_070056/b/HY11_1/aop_proc/core/bsp/aop/build/aop_settings_autogen.o	#SHT_PROGBITS,SHF_MERGE|SHF_STRINGS,1
	0x92e		
.debug_str	0x2e12	0x10	/local/mnt/workspace/CRMBuilds/AOP.HO.4.0-00571-WAIPIO_E-1_20231026_070056/b/HY11_1/aop_proc/core/bsp/aop/build/aop_settings_autogen.o	#SHT_PROGBITS,SHF_MERGE|SHF_STRINGS,1
	0x937		
.debug_str	0x2e22	0xd	/local/mnt/workspace/CRMBuilds/AOP.HO.4.0-00571-WAIPIO_E-1_20231026_070056/b/HY11_1/aop_proc/core/bsp/aop/build/aop_settings_autogen.o	#SHT_PROGBITS,SHF_MERGE|SHF_STRINGS,1
	0x947		
.debug_str	0x2e2f	0xd	/local/mnt/workspace/CRMBuilds/AOP.HO.4.0-00571-WAIPIO_E-1_20231026_070056/b/HY11_1/aop_proc/core/bsp/aop/build/aop_settings_autogen.o	#SHT_PROGBITS,SHF_MERGE|SHF_STRINGS,1
	0x954		
.debug_str	0x2e3c	0x11	/local/mnt/workspace/CRMBuilds/AOP.HO.4.0-00571-WAIPIO_E-1_20231026_070056/b/HY11_1/aop_proc/core/bsp/aop/build/aop_settings_autogen.o	#SHT_PROGBITS,SHF_MERGE|SHF_STRINGS,1
	0x961		
.debug_str	0x2e4d	0x8	/local/mnt/workspace/CRMBuilds/AOP.HO.4.0-00571-WAIPIO_E-1_20231026_070056/b/HY11_1/aop_proc/core/bsp/aop/build/aop_settings_autogen.o	#SHT_PROGBITS,SHF_MERGE|SHF_STRINGS,1
	0x972		
.debug_str	0x2e55	0xa	/local/mnt/workspace/CRMBuilds/AOP.HO.4.0-00571-WAIPIO_E-1_20231026_070056/b/HY11_1/aop_proc/core/bsp/aop/build/aop_settings_autogen.o	#SHT_PROGBITS,SHF_MERGE|SHF_STRINGS,1
	0x97a		
.debug_str	0x2e5f	0x15	/local/mnt/workspace/CRMBuilds/AOP.HO.4.0-00571-WAIPIO_E-1_20231026_070056/b/HY11_1/aop_proc/core/bsp/aop/build/aop_settings_autogen.o	#SHT_PROGBITS,SHF_MERGE|SHF_STRINGS,1
	0x984		
.debug_str	0x2e74	0x6	/local/mnt/workspace/CRMBuilds/AOP.HO.4.0-00571-WAIPIO_E-1_20231026_070056/b/HY11_1/aop_proc/core/bsp/aop/build/aop_settings_autogen.o	#SHT_PROGBITS,SHF_MERGE|SHF_STRINGS,1
	0x999		
.debug_str	0x2e7a	0xe	/local/mnt/workspace/CRMBuilds/AOP.HO.4.0-00571-WAIPIO_E-1_20231026_070056/b/HY11_1/aop_proc/core/bsp/aop/build/aop_settings_autogen.o	#SHT_PROGBITS,SHF_MERGE|SHF_STRINGS,1
	0x99f		
.debug_str	0x2e88	0xf	/local/mnt/workspace/CRMBuilds/AOP.HO.4.0-00571-WAIPIO_E-1_20231026_070056/b/HY11_1/aop_proc/core/bsp/aop/build/aop_settings_autogen.o	#SHT_PROGBITS,SHF_MERGE|SHF_STRINGS,1
	0x9ad		
.debug_str	0x2e97	0x9	/local/mnt/workspace/CRMBuilds/AOP.HO.4.0-00571-WAIPIO_E-1_20231026_070056/b/HY11_1/aop_proc/core/bsp/aop/build/aop_settings_autogen.o	#SHT_PROGBITS,SHF_MERGE|SHF_STRINGS,1
	0x9bc		
.debug_str	0x2ea0	0xc	/local/mnt/workspace/CRMBuilds/AOP.HO.4.0-00571-WAIPIO_E-1_20231026_070056/b/HY11_1/aop_proc/core/bsp/aop/build/aop_settings_autogen.o	#SHT_PROGBITS,SHF_MERGE|SHF_STRINGS,1
	0x9c5		
.debug_str	0x2eac	0x7	/local/mnt/workspace/CRMBuilds/AOP.HO.4.0-00571-WAIPIO_E-1_20231026_070056/b/HY11_1/aop_proc/core/bsp/aop/build/aop_settings_autogen.o	#SHT_PROGBITS,SHF_MERGE|SHF_STRINGS,1
	0x9d1		
.debug_str	0x2eb3	0x11	/local/mnt/workspace/CRMBuilds/AOP.HO.4.0-00571-WAIPIO_E-1_20231026_070056/b/HY11_1/aop_proc/core/bsp/aop/build/aop_settings_autogen.o	#SHT_PROGBITS,SHF_MERGE|SHF_STRINGS,1
	0x9d8		
.debug_str	0x2ec4	0x12	/local/mnt/workspace/CRMBuilds/AOP.HO.4.0-00571-WAIPIO_E-1_20231026_070056/b/HY11_1/aop_proc/core/bsp/aop/build/aop_settings_autogen.o	#SHT_PROGBITS,SHF_MERGE|SHF_STRINGS,1
	0x9e9		

.comment	0x2ed6	0x4e # Offset: 0x2ed6, Alignment: 0x1
*(.comment) #Rule 20, Internal-LinkerScript (Implicit rule inserted by Linker) [0:0]
.comment	0x2ed6	0x1	/local/mnt/workspace/CRMBuilds/AOP.HO.4.0-00571-WAIPIO_E-1_20231026_070056/b/HY11_1/aop_proc/core/settings/pmic/config/clarence/pm_config_target.o	#SHT_PROGBITS,SHF_MERGE|SHF_STRINGS,1
.comment	0x2ed7	0x24	/local/mnt/workspace/CRMBuilds/AOP.HO.4.0-00571-WAIPIO_E-1_20231026_070056/b/HY11_1/aop_proc/core/settings/pmic/config/clarence/pm_config_target.o	#SHT_PROGBITS,SHF_MERGE|SHF_STRINGS,1
.comment	0x2efb	0x29	Linker Version	#SHT_PROGBITS,SHF_MERGE|SHF_STRINGS,1

.note.GNU-stack	0x2f24	0x0 # Offset: 0x2f24, Alignment: 0x1
*(.note.GNU-stack) #Rule 21, Internal-LinkerScript (Implicit rule inserted by Linker) [0:0]

.debug_line	0x2f24	0x4fb # Offset: 0x2f24, Alignment: 0x1
*(.debug_line) #Rule 22, Internal-LinkerScript (Implicit rule inserted by Linker) [0:0]
.debug_line	0x2f24	0x18d	/local/mnt/workspace/CRMBuilds/AOP.HO.4.0-00571-WAIPIO_E-1_20231026_070056/b/HY11_1/aop_proc/core/settings/pmic/config/clarence/pm_config_target.o	#SHT_PROGBITS,,1
.debug_line	0x30b1	0x16f	/local/mnt/workspace/CRMBuilds/AOP.HO.4.0-00571-WAIPIO_E-1_20231026_070056/b/HY11_1/aop_proc/core/settings/pmic/config/clarence/pm_config_dep.o	#SHT_PROGBITS,,1
.debug_line	0x3220	0xb4	/local/mnt/workspace/CRMBuilds/AOP.HO.4.0-00571-WAIPIO_E-1_20231026_070056/b/HY11_1/aop_proc/core/bsp/aop/src/devcfg_main.o	#SHT_PROGBITS,,1
.debug_line	0x32d4	0x14b	/local/mnt/workspace/CRMBuilds/AOP.HO.4.0-00571-WAIPIO_E-1_20231026_070056/b/HY11_1/aop_proc/core/bsp/aop/build/aop_settings_autogen.o	#SHT_PROGBITS,,1

.debug_frame	0x3420	0x48 # Offset: 0x3420, Alignment: 0x4
*(.debug_frame) #Rule 23, Internal-LinkerScript (Implicit rule inserted by Linker) [0:0]
.debug_frame	0x3420	0x28	/local/mnt/workspace/CRMBuilds/AOP.HO.4.0-00571-WAIPIO_E-1_20231026_070056/b/HY11_1/aop_proc/core/bsp/aop/src/devcfg_main.o	#SHT_PROGBITS,,4
.debug_frame	0x3448	0x20	/local/mnt/workspace/CRMBuilds/AOP.HO.4.0-00571-WAIPIO_E-1_20231026_070056/b/HY11_1/aop_proc/core/bsp/aop/build/aop_settings_autogen.o	#SHT_PROGBITS,,4

/DISCARD/	0x808a1e15	0x0 # Offset: 0x3468, LMA: 0x0, Alignment: 0x1, Segments : [ AOPSS_DEVCFG_CODE ]
*(.ARM.extab*) #Rule 13, /local/mnt/workspace/CRMBuilds/AOP.HO.4.0-00571-WAIPIO_E-1_20231026_070056/b/HY11_1/aop_proc/core/bsp/aop/build/AOP_AAAAANAZO_devcfg.scl [8:0]
*(.ARM.exid*) #Rule 14, /local/mnt/workspace/CRMBuilds/AOP.HO.4.0-00571-WAIPIO_E-1_20231026_070056/b/HY11_1/aop_proc/core/bsp/aop/build/AOP_AAAAANAZO_devcfg.scl [11:0]
*(.got) #Rule 15, /local/mnt/workspace/CRMBuilds/AOP.HO.4.0-00571-WAIPIO_E-1_20231026_070056/b/HY11_1/aop_proc/core/bsp/aop/build/AOP_AAAAANAZO_devcfg.scl [1:0]
*(/DISCARD/) #Rule 16, Internal-LinkerScript (Implicit rule inserted by Linker) [0:0]

.shstrtab	0x3468	0xca # Offset: 0x3468, Alignment: 0x1

.symtab	0x3534	0x13d0 # Offset: 0x3534, Alignment: 0x4

.strtab	0x4904	0x712 # Offset: 0x4904, Alignment: 0x1
