# Linker from Snapdragon LLVM ARM Compiler Version 14.0.0
# Linker based on LLVM version: 14.0
# Notable linker command/script options:
# CPU Architecture Version: 
# Target triple environment for the link: gnueabi
# Maximum GP size: 8
# Link type: Static
# ABI Page Size: 0x4
# CommandLine : /pkg/qct/software/llvm/release/arm/14.0.0/bin/../bin/ld.qcld -EL -X --eh-frame-hdr -m armelf_linux_eabi -dynamic-linker /lib/ld-linux.so.3 -o /local/mnt/workspace/CRMBuilds/AOP.HO.5.0-00285-KAILUA_E-1_20221205_024556/b/HY11_1/aop_proc/core/bsp/aop/build/AOP_AAAAANAZO_devcfg.elf -static -Map /local/mnt/workspace/CRMBuilds/AOP.HO.5.0-00285-KAILUA_E-1_20221205_024556/b/HY11_1/aop_proc/core/bsp/aop/build/AOP_AAAAANAZO_devcfg.map -T /local/mnt/workspace/CRMBuilds/AOP.HO.5.0-00285-KAILUA_E-1_20221205_024556/b/HY11_1/aop_proc/core/bsp/aop/build/AOP_AAAAANAZO_devcfg.scl --gc-sections --symdef-file /local/mnt/workspace/CRMBuilds/AOP.HO.5.0-00285-KAILUA_E-1_20221205_024556/b/HY11_1/aop_proc/core/bsp/aop/build/AOP_AAAAANAZO_devcfg.sym --start-group /local/mnt/workspace/CRMBuilds/AOP.HO.5.0-00285-KAILUA_E-1_20221205_024556/b/HY11_1/aop_proc/core/settings/pmic/config/kailua/pm_config_target.o /local/mnt/workspace/CRMBuilds/AOP.HO.5.0-00285-KAILUA_E-1_20221205_024556/b/HY11_1/aop_proc/core/settings/pmic/config/kailua/pm_config_dep.o /local/mnt/workspace/CRMBuilds/AOP.HO.5.0-00285-KAILUA_E-1_20221205_024556/b/HY11_1/aop_proc/core/bsp/aop/src/devcfg_main.o /local/mnt/workspace/CRMBuilds/AOP.HO.5.0-00285-KAILUA_E-1_20221205_024556/b/HY11_1/aop_proc/core/bsp/aop/build/aop_settings_autogen.o --end-group --wrap malloc --wrap free --wrap realloc --wrap calloc -L/pkg/qct/software/llvm/release/arm/14.0.0/bin/../armv7m-none-eabi/libc/lib -L/pkg/qct/software/llvm/release/arm/14.0.0/bin/../armv7m-none-eabi/lib --start-group -lunwind -lc++ -lc++abi --end-group -L/afs/localcell/cm/gv2.6/sysname/pkg.@sys/qct/software/llvm/release/arm/14.0.0/lib/clang/14.0.0/lib/baremetal --start-group -lc -lclang_rt.builtins-armv7m --end-group /pkg/qct/software/llvm/release/arm/14.0.0/bin/../armv7m-none-eabi/libc/lib/crt1.o -lm -lc 
# LinkStats Begin
# ObjectFiles : 9
# LinkerScripts : 2
# ThreadCount : 32
# ArchiveFiles : 7
# GroupTraversals : 9
# SectionsGarbageCollected : 31
# NumLinkerScriptRules : 11
# NumOutputSections : 15
# NumOrphans : 11
# NoRuleMatches : 8
# LinkStats End
Archive member included because of file (symbol)
/pkg/qct/software/llvm/release/arm/14.0.0/bin/../armv7m-none-eabi/libc/lib/libc.a(__libc_start_main.o)
		/pkg/qct/software/llvm/release/arm/14.0.0/bin/../armv7m-none-eabi/libc/lib/crt1.o (__libc_start_main)
/pkg/qct/software/llvm/release/arm/14.0.0/bin/../armv7m-none-eabi/libc/lib/libc.a(exit.o)
		/pkg/qct/software/llvm/release/arm/14.0.0/bin/../armv7m-none-eabi/libc/lib/libc.a(__libc_start_main.o) (exit)
/pkg/qct/software/llvm/release/arm/14.0.0/bin/../armv7m-none-eabi/libc/lib/libc.a(memset_nofp_armv7.o)
		/pkg/qct/software/llvm/release/arm/14.0.0/bin/../armv7m-none-eabi/libc/lib/libc.a(__libc_start_main.o) (memset)
/pkg/qct/software/llvm/release/arm/14.0.0/bin/../armv7m-none-eabi/libc/lib/libc.a(_Exit.o)
		/pkg/qct/software/llvm/release/arm/14.0.0/bin/../armv7m-none-eabi/libc/lib/libc.a(exit.o) (_Exit)

Linker Script and memory map
START GROUP
LOAD /local/mnt/workspace/CRMBuilds/AOP.HO.5.0-00285-KAILUA_E-1_20221205_024556/b/HY11_1/aop_proc/core/settings/pmic/config/kailua/pm_config_target.o[arm]
LOAD /local/mnt/workspace/CRMBuilds/AOP.HO.5.0-00285-KAILUA_E-1_20221205_024556/b/HY11_1/aop_proc/core/settings/pmic/config/kailua/pm_config_dep.o[arm]
LOAD /local/mnt/workspace/CRMBuilds/AOP.HO.5.0-00285-KAILUA_E-1_20221205_024556/b/HY11_1/aop_proc/core/bsp/aop/src/devcfg_main.o[arm]
LOAD /local/mnt/workspace/CRMBuilds/AOP.HO.5.0-00285-KAILUA_E-1_20221205_024556/b/HY11_1/aop_proc/core/bsp/aop/build/aop_settings_autogen.o[arm]
END GROUP
START GROUP
END GROUP
START GROUP
END GROUP
LOAD /pkg/qct/software/llvm/release/arm/14.0.0/bin/../armv7m-none-eabi/libc/lib/crt1.o[arm]
LOAD /pkg/qct/software/llvm/release/arm/14.0.0/bin/../armv7m-none-eabi/libc/lib/libc.a(__libc_start_main.o)[arm]
LOAD /pkg/qct/software/llvm/release/arm/14.0.0/bin/../armv7m-none-eabi/libc/lib/libc.a(exit.o)[arm]
LOAD /pkg/qct/software/llvm/release/arm/14.0.0/bin/../armv7m-none-eabi/libc/lib/libc.a(memset_nofp_armv7.o)[arm]
LOAD /pkg/qct/software/llvm/release/arm/14.0.0/bin/../armv7m-none-eabi/libc/lib/libc.a(_Exit.o)[arm]

Build Statistics

Linker scripts used (including INCLUDE command)
/local/mnt/workspace/CRMBuilds/AOP.HO.5.0-00285-KAILUA_E-1_20221205_024556/b/HY11_1/aop_proc/core/bsp/aop/build/AOP_AAAAANAZO_devcfg.scl
Linker Plugin Information
Linker Plugin Run Information

# Output Section and Layout 

AOPSS_DEVCFG_DATA_TOP	0x81c80000	0xc # Offset: 0x74, LMA: 0x81c80000, Alignment: 0x4, Segments : [ AOPSS_DEVCFG_DATA ]
*(aop_devcfg_top_sec) #Rule 1, /local/mnt/workspace/CRMBuilds/AOP.HO.5.0-00285-KAILUA_E-1_20221205_024556/b/HY11_1/aop_proc/core/bsp/aop/build/AOP_AAAAANAZO_devcfg.scl [1:0]
aop_devcfg_top_sec	0x81c80000	0xc	/local/mnt/workspace/CRMBuilds/AOP.HO.5.0-00285-KAILUA_E-1_20221205_024556/b/HY11_1/aop_proc/core/bsp/aop/build/aop_settings_autogen.o	#SHT_PROGBITS,SHF_ALLOC|SHF_WRITE,4
	0x81c80000		aop_devcfg_top
*(AOPSS_DEVCFG_DATA_TOP) #Rule 2, Internal-LinkerScript (Implicit rule inserted by Linker) [0:0]

AOPSS_DEVCFG_DATA_REST	0x81c8000c	0x2260 # Offset: 0x80, LMA: 0x81c8000c, Alignment: 0x4, Segments : [ AOPSS_DEVCFG_DATA ]
*(.data .data*) #Rule 3, /local/mnt/workspace/CRMBuilds/AOP.HO.5.0-00285-KAILUA_E-1_20221205_024556/b/HY11_1/aop_proc/core/bsp/aop/build/AOP_AAAAANAZO_devcfg.scl [12:0]
.data.num_of_target_rsrc	0x81c8000c	0x4	/local/mnt/workspace/CRMBuilds/AOP.HO.5.0-00285-KAILUA_E-1_20221205_024556/b/HY11_1/aop_proc/core/settings/pmic/config/kailua/pm_config_target.o	#SHT_PROGBITS,SHF_ALLOC|SHF_WRITE,4
	0x81c8000c		num_of_target_rsrc
.data.num_of_ldo	0x81c80010	0x38	/local/mnt/workspace/CRMBuilds/AOP.HO.5.0-00285-KAILUA_E-1_20221205_024556/b/HY11_1/aop_proc/core/settings/pmic/config/kailua/pm_config_target.o	#SHT_PROGBITS,SHF_ALLOC|SHF_WRITE,4
	0x81c80010		num_of_ldo
.data.num_of_smps	0x81c80048	0x28	/local/mnt/workspace/CRMBuilds/AOP.HO.5.0-00285-KAILUA_E-1_20221205_024556/b/HY11_1/aop_proc/core/settings/pmic/config/kailua/pm_config_target.o	#SHT_PROGBITS,SHF_ALLOC|SHF_WRITE,4
	0x81c80048		num_of_smps
.data.num_of_bob	0x81c80070	0x34	/local/mnt/workspace/CRMBuilds/AOP.HO.5.0-00285-KAILUA_E-1_20221205_024556/b/HY11_1/aop_proc/core/settings/pmic/config/kailua/pm_config_target.o	#SHT_PROGBITS,SHF_ALLOC|SHF_WRITE,4
	0x81c80070		num_of_bob
.data.num_of_pstm_seq	0x81c800a4	0x38	/local/mnt/workspace/CRMBuilds/AOP.HO.5.0-00285-KAILUA_E-1_20221205_024556/b/HY11_1/aop_proc/core/settings/pmic/config/kailua/pm_config_target.o	#SHT_PROGBITS,SHF_ALLOC|SHF_WRITE,4
	0x81c800a4		num_of_pstm_seq
.data.pmic_prop_arr	0x81c800dc	0xb8	/local/mnt/workspace/CRMBuilds/AOP.HO.5.0-00285-KAILUA_E-1_20221205_024556/b/HY11_1/aop_proc/core/bsp/aop/build/aop_settings_autogen.o	#SHT_PROGBITS,SHF_ALLOC|SHF_WRITE,4
	0x81c800dc		pmic_prop_arr
.data.ddr_prop_arr	0x81c80194	0x8	/local/mnt/workspace/CRMBuilds/AOP.HO.5.0-00285-KAILUA_E-1_20221205_024556/b/HY11_1/aop_proc/core/bsp/aop/build/aop_settings_autogen.o	#SHT_PROGBITS,SHF_ALLOC|SHF_WRITE,4
	0x81c80194		ddr_prop_arr
.data.pdc_prop_arr	0x81c8019c	0x10	/local/mnt/workspace/CRMBuilds/AOP.HO.5.0-00285-KAILUA_E-1_20221205_024556/b/HY11_1/aop_proc/core/bsp/aop/build/aop_settings_autogen.o	#SHT_PROGBITS,SHF_ALLOC|SHF_WRITE,4
	0x81c8019c		pdc_prop_arr
.data.devices	0x81c801ac	0x24	/local/mnt/workspace/CRMBuilds/AOP.HO.5.0-00285-KAILUA_E-1_20221205_024556/b/HY11_1/aop_proc/core/bsp/aop/build/aop_settings_autogen.o	#SHT_PROGBITS,SHF_ALLOC|SHF_WRITE,4
	0x81c801ac		devices
*(.bss .bss*) #Rule 4, /local/mnt/workspace/CRMBuilds/AOP.HO.5.0-00285-KAILUA_E-1_20221205_024556/b/HY11_1/aop_proc/core/bsp/aop/build/AOP_AAAAANAZO_devcfg.scl [1:0]
KEEP (*\devcfg_main.o(.data*)) #Rule 5, /local/mnt/workspace/CRMBuilds/AOP.HO.5.0-00285-KAILUA_E-1_20221205_024556/b/HY11_1/aop_proc/core/bsp/aop/build/AOP_AAAAANAZO_devcfg.scl [0:0]
*(pm_ddr_reclaim_pool) #Rule 6, /local/mnt/workspace/CRMBuilds/AOP.HO.5.0-00285-KAILUA_E-1_20221205_024556/b/HY11_1/aop_proc/core/bsp/aop/build/AOP_AAAAANAZO_devcfg.scl [2:0]
pm_ddr_reclaim_pool	0x81c801d0	0xfac	/local/mnt/workspace/CRMBuilds/AOP.HO.5.0-00285-KAILUA_E-1_20221205_024556/b/HY11_1/aop_proc/core/settings/pmic/config/kailua/pm_config_target.o	#SHT_PROGBITS,SHF_ALLOC|SHF_WRITE,4
	0x81c801d0		ldo_rail_b
	0x81c80434		ldo_rail_c
	0x81c804a0		ldo_rail_d
	0x81c8050c		ldo_rail_e
	0x81c80578		ldo_rail_f
	0x81c805e4		ldo_rail_g
	0x81c80650		ldo_rail_k
	0x81c8074c		ldo_rail_l
	0x81c80848		ldo_rail_m
	0x81c80944		ldo_rail_n
	0x81c80a40		smps_rail_c
	0x81c80b18		smps_rail_d
	0x81c80c38		smps_rail_e
	0x81c80d10		smps_rail_f
	0x81c80e30		smps_rail_g
	0x81c80f08		bob_rail_b
	0x81c80f50		clk_info_a
	0x81c81050		target_rsrc_info
	0x81c8114c		pstm_a
pm_ddr_reclaim_pool	0x81c8117c	0xce8	/local/mnt/workspace/CRMBuilds/AOP.HO.5.0-00285-KAILUA_E-1_20221205_024556/b/HY11_1/aop_proc/core/settings/pmic/config/kailua/pm_config_dep.o	#SHT_PROGBITS,SHF_ALLOC|SHF_WRITE,4
	0x81c8117c		smps_dep_c
	0x81c811ec		smps_dep_d
	0x81c8127c		smps4_e_child_dep
	0x81c81298		smps_dep_e
	0x81c81308		smps_dep_f
	0x81c81398		smps1_g_child_dep
	0x81c813ac		smps2_g_child_dep
	0x81c813bc		smps3_g_child_dep
	0x81c813c0		smps4_g_child_dep
	0x81c813e4		smps6_g_child_dep
	0x81c81408		smps_dep_g
	0x81c81478		bob1_b_child_dep
	0x81c814a8		bob2_b_child_dep
	0x81c814bc		bob_dep_b
	0x81c814ec		smps_g
	0x81c81524		bob_b
	0x81c8153c		ldo_dep_b
	0x81c8165c		smps_e
	0x81c81694		ldo_dep_c
	0x81c816d4		ldo_dep_d
	0x81c81714		ldo_dep_e
	0x81c81754		ldo_dep_f
	0x81c81794		ldo_dep_g
	0x81c817d4		ldo_dep_k
	0x81c81854		ldo_dep_l
	0x81c818d4		ldo_dep_m
	0x81c81954		ldo_dep_n
	0x81c819d4		clk_dep_a
	0x81c81ae4		smps_c
	0x81c81b1c		smps_d
	0x81c81b64		smps_f
	0x81c81bac		ldo_b
	0x81c81c3c		ldo_c
	0x81c81c5c		ldo_d
	0x81c81c7c		ldo_e
	0x81c81c9c		ldo_f
	0x81c81cbc		ldo_g
	0x81c81cdc		ldo_k
	0x81c81d1c		ldo_l
	0x81c81d5c		ldo_m
	0x81c81d9c		ldo_n
	0x81c81ddc		clk_a
*(pm_dram_reclaim_pool) #Rule 7, /local/mnt/workspace/CRMBuilds/AOP.HO.5.0-00285-KAILUA_E-1_20221205_024556/b/HY11_1/aop_proc/core/bsp/aop/build/AOP_AAAAANAZO_devcfg.scl [2:0]
pm_dram_reclaim_pool	0x81c81e64	0x2b8	/local/mnt/workspace/CRMBuilds/AOP.HO.5.0-00285-KAILUA_E-1_20221205_024556/b/HY11_1/aop_proc/core/settings/pmic/config/kailua/pm_config_target.o	#SHT_PROGBITS,SHF_ALLOC|SHF_WRITE,4
	0x81c81e64		ldo_rail
	0x81c81e9c		smps_rail
	0x81c81ecc		clk_info
	0x81c81ef8		bob_rail
	0x81c81f24		pstm_info
	0x81c81f50		rpmh_drv_id
	0x81c81f54		pm_periph_bitmap
	0x81c82114		kailua_v1p1_wa
	0x81c82118		max_voltage_wa
pm_dram_reclaim_pool	0x81c8211c	0x150	/local/mnt/workspace/CRMBuilds/AOP.HO.5.0-00285-KAILUA_E-1_20221205_024556/b/HY11_1/aop_proc/core/settings/pmic/config/kailua/pm_config_dep.o	#SHT_PROGBITS,SHF_ALLOC|SHF_WRITE,4
	0x81c8211c		smps_dep
	0x81c8213c		ldo_dep
	0x81c82174		bob_dep
	0x81c82194		vs_dep
	0x81c821b4		clk_dep
	0x81c821d4		smps_rsrc
	0x81c821f4		ldo_rsrc
	0x81c8222c		bob_rsrc
	0x81c8224c		clk_rsrc
*(AOPSS_DEVCFG_DATA_REST) #Rule 8, Internal-LinkerScript (Implicit rule inserted by Linker) [0:0]
.(0x81c83000) = ALIGN(.(0x81c8226c), 0x1000); # . = ALIGN(., 0x1000); /local/mnt/workspace/CRMBuilds/AOP.HO.5.0-00285-KAILUA_E-1_20221205_024556/b/HY11_1/aop_proc/core/bsp/aop/build/AOP_AAAAANAZO_devcfg.scl

AOPSS_DEVCFG_CODE_ALL	0x81c83000	0x379 # Offset: 0x22e0, LMA: 0x81c83000, Alignment: 0x4, Segments : [ AOPSS_DEVCFG_CODE ]
*(InRoot$$Sections .text .text*) #Rule 9, /local/mnt/workspace/CRMBuilds/AOP.HO.5.0-00285-KAILUA_E-1_20221205_024556/b/HY11_1/aop_proc/core/bsp/aop/build/AOP_AAAAANAZO_devcfg.scl [21:0]
.text.main	0x81c83000	0x10	/local/mnt/workspace/CRMBuilds/AOP.HO.5.0-00285-KAILUA_E-1_20221205_024556/b/HY11_1/aop_proc/core/bsp/aop/src/devcfg_main.o	#SHT_PROGBITS,SHF_ALLOC|SHF_EXECINSTR,4
	0x81c83000		$t.0
	0x81c83001		main
	0x81c8300c		$d.1
.text.aop_settings_init	0x81c83010	0x10	/local/mnt/workspace/CRMBuilds/AOP.HO.5.0-00285-KAILUA_E-1_20221205_024556/b/HY11_1/aop_proc/core/bsp/aop/build/aop_settings_autogen.o	#SHT_PROGBITS,SHF_ALLOC|SHF_EXECINSTR,4
	0x81c83010		$t.0
	0x81c83011		aop_settings_init
	0x81c83018		$d.1
*(.rodata .rodata*) #Rule 10, /local/mnt/workspace/CRMBuilds/AOP.HO.5.0-00285-KAILUA_E-1_20221205_024556/b/HY11_1/aop_proc/core/bsp/aop/build/AOP_AAAAANAZO_devcfg.scl [2:0]
.rodata.str1.1	0x81c83020	0x8	/local/mnt/workspace/CRMBuilds/AOP.HO.5.0-00285-KAILUA_E-1_20221205_024556/b/HY11_1/aop_proc/core/settings/pmic/config/kailua/pm_config_target.o	#SHT_PROGBITS,SHF_ALLOC|SHF_MERGE|SHF_STRINGS,1
.rodata.str1.1	0x81c83028	0x8	/local/mnt/workspace/CRMBuilds/AOP.HO.5.0-00285-KAILUA_E-1_20221205_024556/b/HY11_1/aop_proc/core/settings/pmic/config/kailua/pm_config_target.o	#SHT_PROGBITS,SHF_ALLOC|SHF_MERGE|SHF_STRINGS,1
.rodata.str1.1	0x81c83030	0x8	/local/mnt/workspace/CRMBuilds/AOP.HO.5.0-00285-KAILUA_E-1_20221205_024556/b/HY11_1/aop_proc/core/settings/pmic/config/kailua/pm_config_target.o	#SHT_PROGBITS,SHF_ALLOC|SHF_MERGE|SHF_STRINGS,1
.rodata.str1.1	0x81c83038	0x9	/local/mnt/workspace/CRMBuilds/AOP.HO.5.0-00285-KAILUA_E-1_20221205_024556/b/HY11_1/aop_proc/core/settings/pmic/config/kailua/pm_config_target.o	#SHT_PROGBITS,SHF_ALLOC|SHF_MERGE|SHF_STRINGS,1
.rodata.str1.1	0x81c83041	0x9	/local/mnt/workspace/CRMBuilds/AOP.HO.5.0-00285-KAILUA_E-1_20221205_024556/b/HY11_1/aop_proc/core/settings/pmic/config/kailua/pm_config_target.o	#SHT_PROGBITS,SHF_ALLOC|SHF_MERGE|SHF_STRINGS,1
.rodata.str1.1	0x81c8304a	0x9	/local/mnt/workspace/CRMBuilds/AOP.HO.5.0-00285-KAILUA_E-1_20221205_024556/b/HY11_1/aop_proc/core/settings/pmic/config/kailua/pm_config_target.o	#SHT_PROGBITS,SHF_ALLOC|SHF_MERGE|SHF_STRINGS,1
.rodata.str1.1	0x81c83053	0x9	/local/mnt/workspace/CRMBuilds/AOP.HO.5.0-00285-KAILUA_E-1_20221205_024556/b/HY11_1/aop_proc/core/settings/pmic/config/kailua/pm_config_target.o	#SHT_PROGBITS,SHF_ALLOC|SHF_MERGE|SHF_STRINGS,1
.rodata.str1.1	0x81c8305c	0x9	/local/mnt/workspace/CRMBuilds/AOP.HO.5.0-00285-KAILUA_E-1_20221205_024556/b/HY11_1/aop_proc/core/settings/pmic/config/kailua/pm_config_target.o	#SHT_PROGBITS,SHF_ALLOC|SHF_MERGE|SHF_STRINGS,1
.rodata.str1.1	0x81c83065	0x8	/local/mnt/workspace/CRMBuilds/AOP.HO.5.0-00285-KAILUA_E-1_20221205_024556/b/HY11_1/aop_proc/core/settings/pmic/config/kailua/pm_config_target.o	#SHT_PROGBITS,SHF_ALLOC|SHF_MERGE|SHF_STRINGS,1
.rodata.str1.1	0x81c8306d	0x9	/local/mnt/workspace/CRMBuilds/AOP.HO.5.0-00285-KAILUA_E-1_20221205_024556/b/HY11_1/aop_proc/core/settings/pmic/config/kailua/pm_config_target.o	#SHT_PROGBITS,SHF_ALLOC|SHF_MERGE|SHF_STRINGS,1
.rodata.str1.1	0x81c83076	0x6	/local/mnt/workspace/CRMBuilds/AOP.HO.5.0-00285-KAILUA_E-1_20221205_024556/b/HY11_1/aop_proc/core/settings/pmic/config/kailua/pm_config_dep.o	#SHT_PROGBITS,SHF_ALLOC|SHF_MERGE|SHF_STRINGS,1
.rodata.str1.1	0x81c8307c	0x6	/local/mnt/workspace/CRMBuilds/AOP.HO.5.0-00285-KAILUA_E-1_20221205_024556/b/HY11_1/aop_proc/core/settings/pmic/config/kailua/pm_config_dep.o	#SHT_PROGBITS,SHF_ALLOC|SHF_MERGE|SHF_STRINGS,1
.rodata.str1.1	0x81c83082	0x6	/local/mnt/workspace/CRMBuilds/AOP.HO.5.0-00285-KAILUA_E-1_20221205_024556/b/HY11_1/aop_proc/core/settings/pmic/config/kailua/pm_config_dep.o	#SHT_PROGBITS,SHF_ALLOC|SHF_MERGE|SHF_STRINGS,1
.rodata.str1.1	0x81c83088	0x6	/local/mnt/workspace/CRMBuilds/AOP.HO.5.0-00285-KAILUA_E-1_20221205_024556/b/HY11_1/aop_proc/core/settings/pmic/config/kailua/pm_config_dep.o	#SHT_PROGBITS,SHF_ALLOC|SHF_MERGE|SHF_STRINGS,1
.rodata.str1.1	0x81c8308e	0x6	/local/mnt/workspace/CRMBuilds/AOP.HO.5.0-00285-KAILUA_E-1_20221205_024556/b/HY11_1/aop_proc/core/settings/pmic/config/kailua/pm_config_dep.o	#SHT_PROGBITS,SHF_ALLOC|SHF_MERGE|SHF_STRINGS,1
.rodata.str1.1	0x81c83094	0x6	/local/mnt/workspace/CRMBuilds/AOP.HO.5.0-00285-KAILUA_E-1_20221205_024556/b/HY11_1/aop_proc/core/settings/pmic/config/kailua/pm_config_dep.o	#SHT_PROGBITS,SHF_ALLOC|SHF_MERGE|SHF_STRINGS,1
.rodata.str1.1	0x81c8309a	0x6	/local/mnt/workspace/CRMBuilds/AOP.HO.5.0-00285-KAILUA_E-1_20221205_024556/b/HY11_1/aop_proc/core/settings/pmic/config/kailua/pm_config_dep.o	#SHT_PROGBITS,SHF_ALLOC|SHF_MERGE|SHF_STRINGS,1
.rodata.str1.1	0x81c830a0	0x6	/local/mnt/workspace/CRMBuilds/AOP.HO.5.0-00285-KAILUA_E-1_20221205_024556/b/HY11_1/aop_proc/core/settings/pmic/config/kailua/pm_config_dep.o	#SHT_PROGBITS,SHF_ALLOC|SHF_MERGE|SHF_STRINGS,1
.rodata.str1.1	0x81c830a6	0x6	/local/mnt/workspace/CRMBuilds/AOP.HO.5.0-00285-KAILUA_E-1_20221205_024556/b/HY11_1/aop_proc/core/settings/pmic/config/kailua/pm_config_dep.o	#SHT_PROGBITS,SHF_ALLOC|SHF_MERGE|SHF_STRINGS,1
.rodata.str1.1	0x81c830ac	0x9	/local/mnt/workspace/CRMBuilds/AOP.HO.5.0-00285-KAILUA_E-1_20221205_024556/b/HY11_1/aop_proc/core/settings/pmic/config/kailua/pm_config_dep.o	#SHT_PROGBITS,SHF_ALLOC|SHF_MERGE|SHF_STRINGS,1
.rodata.str1.1	0x81c830b5	0x6	/local/mnt/workspace/CRMBuilds/AOP.HO.5.0-00285-KAILUA_E-1_20221205_024556/b/HY11_1/aop_proc/core/settings/pmic/config/kailua/pm_config_dep.o	#SHT_PROGBITS,SHF_ALLOC|SHF_MERGE|SHF_STRINGS,1
.rodata.str1.1	0x81c830bb	0x6	/local/mnt/workspace/CRMBuilds/AOP.HO.5.0-00285-KAILUA_E-1_20221205_024556/b/HY11_1/aop_proc/core/settings/pmic/config/kailua/pm_config_dep.o	#SHT_PROGBITS,SHF_ALLOC|SHF_MERGE|SHF_STRINGS,1
.rodata.str1.1	0x81c830c1	0x7	/local/mnt/workspace/CRMBuilds/AOP.HO.5.0-00285-KAILUA_E-1_20221205_024556/b/HY11_1/aop_proc/core/settings/pmic/config/kailua/pm_config_dep.o	#SHT_PROGBITS,SHF_ALLOC|SHF_MERGE|SHF_STRINGS,1
.rodata.str1.1	0x81c830c8	0x6	/local/mnt/workspace/CRMBuilds/AOP.HO.5.0-00285-KAILUA_E-1_20221205_024556/b/HY11_1/aop_proc/core/settings/pmic/config/kailua/pm_config_dep.o	#SHT_PROGBITS,SHF_ALLOC|SHF_MERGE|SHF_STRINGS,1
.rodata.str1.1	0x81c830ce	0x6	/local/mnt/workspace/CRMBuilds/AOP.HO.5.0-00285-KAILUA_E-1_20221205_024556/b/HY11_1/aop_proc/core/settings/pmic/config/kailua/pm_config_dep.o	#SHT_PROGBITS,SHF_ALLOC|SHF_MERGE|SHF_STRINGS,1
.rodata.str1.1	0x81c830d4	0x6	/local/mnt/workspace/CRMBuilds/AOP.HO.5.0-00285-KAILUA_E-1_20221205_024556/b/HY11_1/aop_proc/core/settings/pmic/config/kailua/pm_config_dep.o	#SHT_PROGBITS,SHF_ALLOC|SHF_MERGE|SHF_STRINGS,1
.rodata.str1.1	0x81c830da	0x7	/local/mnt/workspace/CRMBuilds/AOP.HO.5.0-00285-KAILUA_E-1_20221205_024556/b/HY11_1/aop_proc/core/settings/pmic/config/kailua/pm_config_dep.o	#SHT_PROGBITS,SHF_ALLOC|SHF_MERGE|SHF_STRINGS,1
.rodata.str1.1	0x81c830e1	0x6	/local/mnt/workspace/CRMBuilds/AOP.HO.5.0-00285-KAILUA_E-1_20221205_024556/b/HY11_1/aop_proc/core/settings/pmic/config/kailua/pm_config_dep.o	#SHT_PROGBITS,SHF_ALLOC|SHF_MERGE|SHF_STRINGS,1
.rodata.str1.1	0x81c830e7	0x6	/local/mnt/workspace/CRMBuilds/AOP.HO.5.0-00285-KAILUA_E-1_20221205_024556/b/HY11_1/aop_proc/core/settings/pmic/config/kailua/pm_config_dep.o	#SHT_PROGBITS,SHF_ALLOC|SHF_MERGE|SHF_STRINGS,1
.rodata.str1.1	0x81c830ed	0x6	/local/mnt/workspace/CRMBuilds/AOP.HO.5.0-00285-KAILUA_E-1_20221205_024556/b/HY11_1/aop_proc/core/settings/pmic/config/kailua/pm_config_dep.o	#SHT_PROGBITS,SHF_ALLOC|SHF_MERGE|SHF_STRINGS,1
.rodata.str1.1	0x81c830f3	0x6	/local/mnt/workspace/CRMBuilds/AOP.HO.5.0-00285-KAILUA_E-1_20221205_024556/b/HY11_1/aop_proc/core/settings/pmic/config/kailua/pm_config_dep.o	#SHT_PROGBITS,SHF_ALLOC|SHF_MERGE|SHF_STRINGS,1
.rodata.str1.1	0x81c830f9	0x6	/local/mnt/workspace/CRMBuilds/AOP.HO.5.0-00285-KAILUA_E-1_20221205_024556/b/HY11_1/aop_proc/core/settings/pmic/config/kailua/pm_config_dep.o	#SHT_PROGBITS,SHF_ALLOC|SHF_MERGE|SHF_STRINGS,1
.rodata.str1.1	0x81c830ff	0x6	/local/mnt/workspace/CRMBuilds/AOP.HO.5.0-00285-KAILUA_E-1_20221205_024556/b/HY11_1/aop_proc/core/settings/pmic/config/kailua/pm_config_dep.o	#SHT_PROGBITS,SHF_ALLOC|SHF_MERGE|SHF_STRINGS,1
.rodata.str1.1	0x81c83105	0x6	/local/mnt/workspace/CRMBuilds/AOP.HO.5.0-00285-KAILUA_E-1_20221205_024556/b/HY11_1/aop_proc/core/settings/pmic/config/kailua/pm_config_dep.o	#SHT_PROGBITS,SHF_ALLOC|SHF_MERGE|SHF_STRINGS,1
.rodata.str1.1	0x81c8310b	0x6	/local/mnt/workspace/CRMBuilds/AOP.HO.5.0-00285-KAILUA_E-1_20221205_024556/b/HY11_1/aop_proc/core/settings/pmic/config/kailua/pm_config_dep.o	#SHT_PROGBITS,SHF_ALLOC|SHF_MERGE|SHF_STRINGS,1
.rodata.str1.1	0x81c83111	0x6	/local/mnt/workspace/CRMBuilds/AOP.HO.5.0-00285-KAILUA_E-1_20221205_024556/b/HY11_1/aop_proc/core/settings/pmic/config/kailua/pm_config_dep.o	#SHT_PROGBITS,SHF_ALLOC|SHF_MERGE|SHF_STRINGS,1
.rodata.str1.1	0x81c83117	0x6	/local/mnt/workspace/CRMBuilds/AOP.HO.5.0-00285-KAILUA_E-1_20221205_024556/b/HY11_1/aop_proc/core/settings/pmic/config/kailua/pm_config_dep.o	#SHT_PROGBITS,SHF_ALLOC|SHF_MERGE|SHF_STRINGS,1
.rodata.str1.1	0x81c8311d	0x8	/local/mnt/workspace/CRMBuilds/AOP.HO.5.0-00285-KAILUA_E-1_20221205_024556/b/HY11_1/aop_proc/core/settings/pmic/config/kailua/pm_config_dep.o	#SHT_PROGBITS,SHF_ALLOC|SHF_MERGE|SHF_STRINGS,1
.rodata.str1.1	0x81c83125	0x6	/local/mnt/workspace/CRMBuilds/AOP.HO.5.0-00285-KAILUA_E-1_20221205_024556/b/HY11_1/aop_proc/core/settings/pmic/config/kailua/pm_config_dep.o	#SHT_PROGBITS,SHF_ALLOC|SHF_MERGE|SHF_STRINGS,1
.rodata.str1.1	0x81c8312b	0x8	/local/mnt/workspace/CRMBuilds/AOP.HO.5.0-00285-KAILUA_E-1_20221205_024556/b/HY11_1/aop_proc/core/settings/pmic/config/kailua/pm_config_dep.o	#SHT_PROGBITS,SHF_ALLOC|SHF_MERGE|SHF_STRINGS,1
.rodata.str1.1	0x81c83133	0x6	/local/mnt/workspace/CRMBuilds/AOP.HO.5.0-00285-KAILUA_E-1_20221205_024556/b/HY11_1/aop_proc/core/settings/pmic/config/kailua/pm_config_dep.o	#SHT_PROGBITS,SHF_ALLOC|SHF_MERGE|SHF_STRINGS,1
.rodata.str1.1	0x81c83139	0x6	/local/mnt/workspace/CRMBuilds/AOP.HO.5.0-00285-KAILUA_E-1_20221205_024556/b/HY11_1/aop_proc/core/settings/pmic/config/kailua/pm_config_dep.o	#SHT_PROGBITS,SHF_ALLOC|SHF_MERGE|SHF_STRINGS,1
.rodata.str1.1	0x81c8313f	0x6	/local/mnt/workspace/CRMBuilds/AOP.HO.5.0-00285-KAILUA_E-1_20221205_024556/b/HY11_1/aop_proc/core/settings/pmic/config/kailua/pm_config_dep.o	#SHT_PROGBITS,SHF_ALLOC|SHF_MERGE|SHF_STRINGS,1
.rodata.str1.1	0x81c83145	0x6	/local/mnt/workspace/CRMBuilds/AOP.HO.5.0-00285-KAILUA_E-1_20221205_024556/b/HY11_1/aop_proc/core/settings/pmic/config/kailua/pm_config_dep.o	#SHT_PROGBITS,SHF_ALLOC|SHF_MERGE|SHF_STRINGS,1
.rodata.str1.1	0x81c8314b	0x8	/local/mnt/workspace/CRMBuilds/AOP.HO.5.0-00285-KAILUA_E-1_20221205_024556/b/HY11_1/aop_proc/core/settings/pmic/config/kailua/pm_config_dep.o	#SHT_PROGBITS,SHF_ALLOC|SHF_MERGE|SHF_STRINGS,1
.rodata.str1.1	0x81c83153	0x6	/local/mnt/workspace/CRMBuilds/AOP.HO.5.0-00285-KAILUA_E-1_20221205_024556/b/HY11_1/aop_proc/core/settings/pmic/config/kailua/pm_config_dep.o	#SHT_PROGBITS,SHF_ALLOC|SHF_MERGE|SHF_STRINGS,1
.rodata.str1.1	0x81c83159	0x6	/local/mnt/workspace/CRMBuilds/AOP.HO.5.0-00285-KAILUA_E-1_20221205_024556/b/HY11_1/aop_proc/core/settings/pmic/config/kailua/pm_config_dep.o	#SHT_PROGBITS,SHF_ALLOC|SHF_MERGE|SHF_STRINGS,1
.rodata.str1.1	0x81c8315f	0x8	/local/mnt/workspace/CRMBuilds/AOP.HO.5.0-00285-KAILUA_E-1_20221205_024556/b/HY11_1/aop_proc/core/settings/pmic/config/kailua/pm_config_dep.o	#SHT_PROGBITS,SHF_ALLOC|SHF_MERGE|SHF_STRINGS,1
.rodata.str1.1	0x81c83167	0x6	/local/mnt/workspace/CRMBuilds/AOP.HO.5.0-00285-KAILUA_E-1_20221205_024556/b/HY11_1/aop_proc/core/settings/pmic/config/kailua/pm_config_dep.o	#SHT_PROGBITS,SHF_ALLOC|SHF_MERGE|SHF_STRINGS,1
.rodata.str1.1	0x81c8316d	0x6	/local/mnt/workspace/CRMBuilds/AOP.HO.5.0-00285-KAILUA_E-1_20221205_024556/b/HY11_1/aop_proc/core/settings/pmic/config/kailua/pm_config_dep.o	#SHT_PROGBITS,SHF_ALLOC|SHF_MERGE|SHF_STRINGS,1
.rodata.str1.1	0x81c83173	0x8	/local/mnt/workspace/CRMBuilds/AOP.HO.5.0-00285-KAILUA_E-1_20221205_024556/b/HY11_1/aop_proc/core/settings/pmic/config/kailua/pm_config_dep.o	#SHT_PROGBITS,SHF_ALLOC|SHF_MERGE|SHF_STRINGS,1
.rodata.str1.1	0x81c8317b	0x6	/local/mnt/workspace/CRMBuilds/AOP.HO.5.0-00285-KAILUA_E-1_20221205_024556/b/HY11_1/aop_proc/core/settings/pmic/config/kailua/pm_config_dep.o	#SHT_PROGBITS,SHF_ALLOC|SHF_MERGE|SHF_STRINGS,1
.rodata.str1.1	0x81c83181	0x6	/local/mnt/workspace/CRMBuilds/AOP.HO.5.0-00285-KAILUA_E-1_20221205_024556/b/HY11_1/aop_proc/core/settings/pmic/config/kailua/pm_config_dep.o	#SHT_PROGBITS,SHF_ALLOC|SHF_MERGE|SHF_STRINGS,1
.rodata.str1.1	0x81c83187	0x8	/local/mnt/workspace/CRMBuilds/AOP.HO.5.0-00285-KAILUA_E-1_20221205_024556/b/HY11_1/aop_proc/core/settings/pmic/config/kailua/pm_config_dep.o	#SHT_PROGBITS,SHF_ALLOC|SHF_MERGE|SHF_STRINGS,1
.rodata.str1.1	0x81c8318f	0x6	/local/mnt/workspace/CRMBuilds/AOP.HO.5.0-00285-KAILUA_E-1_20221205_024556/b/HY11_1/aop_proc/core/settings/pmic/config/kailua/pm_config_dep.o	#SHT_PROGBITS,SHF_ALLOC|SHF_MERGE|SHF_STRINGS,1
.rodata.str1.1	0x81c83195	0x6	/local/mnt/workspace/CRMBuilds/AOP.HO.5.0-00285-KAILUA_E-1_20221205_024556/b/HY11_1/aop_proc/core/settings/pmic/config/kailua/pm_config_dep.o	#SHT_PROGBITS,SHF_ALLOC|SHF_MERGE|SHF_STRINGS,1
.rodata.str1.1	0x81c8319b	0x6	/local/mnt/workspace/CRMBuilds/AOP.HO.5.0-00285-KAILUA_E-1_20221205_024556/b/HY11_1/aop_proc/core/settings/pmic/config/kailua/pm_config_dep.o	#SHT_PROGBITS,SHF_ALLOC|SHF_MERGE|SHF_STRINGS,1
.rodata.str1.1	0x81c831a1	0x6	/local/mnt/workspace/CRMBuilds/AOP.HO.5.0-00285-KAILUA_E-1_20221205_024556/b/HY11_1/aop_proc/core/settings/pmic/config/kailua/pm_config_dep.o	#SHT_PROGBITS,SHF_ALLOC|SHF_MERGE|SHF_STRINGS,1
.rodata.str1.1	0x81c831a7	0x6	/local/mnt/workspace/CRMBuilds/AOP.HO.5.0-00285-KAILUA_E-1_20221205_024556/b/HY11_1/aop_proc/core/settings/pmic/config/kailua/pm_config_dep.o	#SHT_PROGBITS,SHF_ALLOC|SHF_MERGE|SHF_STRINGS,1
.rodata.str1.1	0x81c831ad	0x6	/local/mnt/workspace/CRMBuilds/AOP.HO.5.0-00285-KAILUA_E-1_20221205_024556/b/HY11_1/aop_proc/core/settings/pmic/config/kailua/pm_config_dep.o	#SHT_PROGBITS,SHF_ALLOC|SHF_MERGE|SHF_STRINGS,1
.rodata.str1.1	0x81c831b3	0x6	/local/mnt/workspace/CRMBuilds/AOP.HO.5.0-00285-KAILUA_E-1_20221205_024556/b/HY11_1/aop_proc/core/settings/pmic/config/kailua/pm_config_dep.o	#SHT_PROGBITS,SHF_ALLOC|SHF_MERGE|SHF_STRINGS,1
.rodata.str1.1	0x81c831b9	0x6	/local/mnt/workspace/CRMBuilds/AOP.HO.5.0-00285-KAILUA_E-1_20221205_024556/b/HY11_1/aop_proc/core/settings/pmic/config/kailua/pm_config_dep.o	#SHT_PROGBITS,SHF_ALLOC|SHF_MERGE|SHF_STRINGS,1
.rodata.str1.1	0x81c831bf	0x6	/local/mnt/workspace/CRMBuilds/AOP.HO.5.0-00285-KAILUA_E-1_20221205_024556/b/HY11_1/aop_proc/core/settings/pmic/config/kailua/pm_config_dep.o	#SHT_PROGBITS,SHF_ALLOC|SHF_MERGE|SHF_STRINGS,1
.rodata.str1.1	0x81c831c5	0x6	/local/mnt/workspace/CRMBuilds/AOP.HO.5.0-00285-KAILUA_E-1_20221205_024556/b/HY11_1/aop_proc/core/settings/pmic/config/kailua/pm_config_dep.o	#SHT_PROGBITS,SHF_ALLOC|SHF_MERGE|SHF_STRINGS,1
.rodata.str1.1	0x81c831cb	0x7	/local/mnt/workspace/CRMBuilds/AOP.HO.5.0-00285-KAILUA_E-1_20221205_024556/b/HY11_1/aop_proc/core/settings/pmic/config/kailua/pm_config_dep.o	#SHT_PROGBITS,SHF_ALLOC|SHF_MERGE|SHF_STRINGS,1
.rodata.str1.1	0x81c831d2	0x7	/local/mnt/workspace/CRMBuilds/AOP.HO.5.0-00285-KAILUA_E-1_20221205_024556/b/HY11_1/aop_proc/core/settings/pmic/config/kailua/pm_config_dep.o	#SHT_PROGBITS,SHF_ALLOC|SHF_MERGE|SHF_STRINGS,1
.rodata.str1.1	0x81c831d9	0x7	/local/mnt/workspace/CRMBuilds/AOP.HO.5.0-00285-KAILUA_E-1_20221205_024556/b/HY11_1/aop_proc/core/settings/pmic/config/kailua/pm_config_dep.o	#SHT_PROGBITS,SHF_ALLOC|SHF_MERGE|SHF_STRINGS,1
.rodata.str1.1	0x81c831e0	0x7	/local/mnt/workspace/CRMBuilds/AOP.HO.5.0-00285-KAILUA_E-1_20221205_024556/b/HY11_1/aop_proc/core/settings/pmic/config/kailua/pm_config_dep.o	#SHT_PROGBITS,SHF_ALLOC|SHF_MERGE|SHF_STRINGS,1
.rodata.str1.1	0x81c831e7	0x7	/local/mnt/workspace/CRMBuilds/AOP.HO.5.0-00285-KAILUA_E-1_20221205_024556/b/HY11_1/aop_proc/core/settings/pmic/config/kailua/pm_config_dep.o	#SHT_PROGBITS,SHF_ALLOC|SHF_MERGE|SHF_STRINGS,1
.rodata.str1.1	0x81c831ee	0x7	/local/mnt/workspace/CRMBuilds/AOP.HO.5.0-00285-KAILUA_E-1_20221205_024556/b/HY11_1/aop_proc/core/settings/pmic/config/kailua/pm_config_dep.o	#SHT_PROGBITS,SHF_ALLOC|SHF_MERGE|SHF_STRINGS,1
.rodata.str1.1	0x81c831f5	0x7	/local/mnt/workspace/CRMBuilds/AOP.HO.5.0-00285-KAILUA_E-1_20221205_024556/b/HY11_1/aop_proc/core/settings/pmic/config/kailua/pm_config_dep.o	#SHT_PROGBITS,SHF_ALLOC|SHF_MERGE|SHF_STRINGS,1
.rodata.str1.1	0x81c831fc	0x7	/local/mnt/workspace/CRMBuilds/AOP.HO.5.0-00285-KAILUA_E-1_20221205_024556/b/HY11_1/aop_proc/core/settings/pmic/config/kailua/pm_config_dep.o	#SHT_PROGBITS,SHF_ALLOC|SHF_MERGE|SHF_STRINGS,1
.rodata.str1.1	0x81c83203	0x7	/local/mnt/workspace/CRMBuilds/AOP.HO.5.0-00285-KAILUA_E-1_20221205_024556/b/HY11_1/aop_proc/core/settings/pmic/config/kailua/pm_config_dep.o	#SHT_PROGBITS,SHF_ALLOC|SHF_MERGE|SHF_STRINGS,1
.rodata.str1.1	0x81c8320a	0x6	/local/mnt/workspace/CRMBuilds/AOP.HO.5.0-00285-KAILUA_E-1_20221205_024556/b/HY11_1/aop_proc/core/settings/pmic/config/kailua/pm_config_dep.o	#SHT_PROGBITS,SHF_ALLOC|SHF_MERGE|SHF_STRINGS,1
.rodata.str1.1	0x81c83210	0x6	/local/mnt/workspace/CRMBuilds/AOP.HO.5.0-00285-KAILUA_E-1_20221205_024556/b/HY11_1/aop_proc/core/settings/pmic/config/kailua/pm_config_dep.o	#SHT_PROGBITS,SHF_ALLOC|SHF_MERGE|SHF_STRINGS,1
.rodata.str1.1	0x81c83216	0x6	/local/mnt/workspace/CRMBuilds/AOP.HO.5.0-00285-KAILUA_E-1_20221205_024556/b/HY11_1/aop_proc/core/settings/pmic/config/kailua/pm_config_dep.o	#SHT_PROGBITS,SHF_ALLOC|SHF_MERGE|SHF_STRINGS,1
.rodata.str1.1	0x81c8321c	0x6	/local/mnt/workspace/CRMBuilds/AOP.HO.5.0-00285-KAILUA_E-1_20221205_024556/b/HY11_1/aop_proc/core/settings/pmic/config/kailua/pm_config_dep.o	#SHT_PROGBITS,SHF_ALLOC|SHF_MERGE|SHF_STRINGS,1
.rodata.str1.1	0x81c83222	0x6	/local/mnt/workspace/CRMBuilds/AOP.HO.5.0-00285-KAILUA_E-1_20221205_024556/b/HY11_1/aop_proc/core/settings/pmic/config/kailua/pm_config_dep.o	#SHT_PROGBITS,SHF_ALLOC|SHF_MERGE|SHF_STRINGS,1
.rodata.str1.1	0x81c83228	0x8	/local/mnt/workspace/CRMBuilds/AOP.HO.5.0-00285-KAILUA_E-1_20221205_024556/b/HY11_1/aop_proc/core/settings/pmic/config/kailua/pm_config_dep.o	#SHT_PROGBITS,SHF_ALLOC|SHF_MERGE|SHF_STRINGS,1
.rodata.str1.1	0x81c83230	0x6	/local/mnt/workspace/CRMBuilds/AOP.HO.5.0-00285-KAILUA_E-1_20221205_024556/b/HY11_1/aop_proc/core/settings/pmic/config/kailua/pm_config_dep.o	#SHT_PROGBITS,SHF_ALLOC|SHF_MERGE|SHF_STRINGS,1
.rodata.str1.1	0x81c83236	0x6	/local/mnt/workspace/CRMBuilds/AOP.HO.5.0-00285-KAILUA_E-1_20221205_024556/b/HY11_1/aop_proc/core/settings/pmic/config/kailua/pm_config_dep.o	#SHT_PROGBITS,SHF_ALLOC|SHF_MERGE|SHF_STRINGS,1
.rodata.str1.1	0x81c8323c	0x6	/local/mnt/workspace/CRMBuilds/AOP.HO.5.0-00285-KAILUA_E-1_20221205_024556/b/HY11_1/aop_proc/core/settings/pmic/config/kailua/pm_config_dep.o	#SHT_PROGBITS,SHF_ALLOC|SHF_MERGE|SHF_STRINGS,1
.rodata.str1.1	0x81c83242	0x6	/local/mnt/workspace/CRMBuilds/AOP.HO.5.0-00285-KAILUA_E-1_20221205_024556/b/HY11_1/aop_proc/core/settings/pmic/config/kailua/pm_config_dep.o	#SHT_PROGBITS,SHF_ALLOC|SHF_MERGE|SHF_STRINGS,1
.rodata.str1.1	0x81c83248	0x6	/local/mnt/workspace/CRMBuilds/AOP.HO.5.0-00285-KAILUA_E-1_20221205_024556/b/HY11_1/aop_proc/core/settings/pmic/config/kailua/pm_config_dep.o	#SHT_PROGBITS,SHF_ALLOC|SHF_MERGE|SHF_STRINGS,1
.rodata.str1.1	0x81c8324e	0x6	/local/mnt/workspace/CRMBuilds/AOP.HO.5.0-00285-KAILUA_E-1_20221205_024556/b/HY11_1/aop_proc/core/settings/pmic/config/kailua/pm_config_dep.o	#SHT_PROGBITS,SHF_ALLOC|SHF_MERGE|SHF_STRINGS,1
.rodata.str1.1	0x81c83254	0x6	/local/mnt/workspace/CRMBuilds/AOP.HO.5.0-00285-KAILUA_E-1_20221205_024556/b/HY11_1/aop_proc/core/settings/pmic/config/kailua/pm_config_dep.o	#SHT_PROGBITS,SHF_ALLOC|SHF_MERGE|SHF_STRINGS,1
.rodata.str1.1	0x81c8325a	0x6	/local/mnt/workspace/CRMBuilds/AOP.HO.5.0-00285-KAILUA_E-1_20221205_024556/b/HY11_1/aop_proc/core/settings/pmic/config/kailua/pm_config_dep.o	#SHT_PROGBITS,SHF_ALLOC|SHF_MERGE|SHF_STRINGS,1
.rodata.str1.1	0x81c83260	0x6	/local/mnt/workspace/CRMBuilds/AOP.HO.5.0-00285-KAILUA_E-1_20221205_024556/b/HY11_1/aop_proc/core/settings/pmic/config/kailua/pm_config_dep.o	#SHT_PROGBITS,SHF_ALLOC|SHF_MERGE|SHF_STRINGS,1
.rodata.str1.1	0x81c83266	0x6	/local/mnt/workspace/CRMBuilds/AOP.HO.5.0-00285-KAILUA_E-1_20221205_024556/b/HY11_1/aop_proc/core/settings/pmic/config/kailua/pm_config_dep.o	#SHT_PROGBITS,SHF_ALLOC|SHF_MERGE|SHF_STRINGS,1
.rodata.str1.1	0x81c8326c	0x6	/local/mnt/workspace/CRMBuilds/AOP.HO.5.0-00285-KAILUA_E-1_20221205_024556/b/HY11_1/aop_proc/core/settings/pmic/config/kailua/pm_config_dep.o	#SHT_PROGBITS,SHF_ALLOC|SHF_MERGE|SHF_STRINGS,1
.rodata.str1.1	0x81c83272	0x6	/local/mnt/workspace/CRMBuilds/AOP.HO.5.0-00285-KAILUA_E-1_20221205_024556/b/HY11_1/aop_proc/core/settings/pmic/config/kailua/pm_config_dep.o	#SHT_PROGBITS,SHF_ALLOC|SHF_MERGE|SHF_STRINGS,1
.rodata.str1.1	0x81c83278	0x6	/local/mnt/workspace/CRMBuilds/AOP.HO.5.0-00285-KAILUA_E-1_20221205_024556/b/HY11_1/aop_proc/core/settings/pmic/config/kailua/pm_config_dep.o	#SHT_PROGBITS,SHF_ALLOC|SHF_MERGE|SHF_STRINGS,1
.rodata.str1.1	0x81c8327e	0x6	/local/mnt/workspace/CRMBuilds/AOP.HO.5.0-00285-KAILUA_E-1_20221205_024556/b/HY11_1/aop_proc/core/settings/pmic/config/kailua/pm_config_dep.o	#SHT_PROGBITS,SHF_ALLOC|SHF_MERGE|SHF_STRINGS,1
.rodata.str1.1	0x81c83284	0x6	/local/mnt/workspace/CRMBuilds/AOP.HO.5.0-00285-KAILUA_E-1_20221205_024556/b/HY11_1/aop_proc/core/settings/pmic/config/kailua/pm_config_dep.o	#SHT_PROGBITS,SHF_ALLOC|SHF_MERGE|SHF_STRINGS,1
.rodata.str1.1	0x81c8328a	0x6	/local/mnt/workspace/CRMBuilds/AOP.HO.5.0-00285-KAILUA_E-1_20221205_024556/b/HY11_1/aop_proc/core/settings/pmic/config/kailua/pm_config_dep.o	#SHT_PROGBITS,SHF_ALLOC|SHF_MERGE|SHF_STRINGS,1
.rodata.str1.1	0x81c83290	0x6	/local/mnt/workspace/CRMBuilds/AOP.HO.5.0-00285-KAILUA_E-1_20221205_024556/b/HY11_1/aop_proc/core/settings/pmic/config/kailua/pm_config_dep.o	#SHT_PROGBITS,SHF_ALLOC|SHF_MERGE|SHF_STRINGS,1
.rodata.str1.1	0x81c83296	0x6	/local/mnt/workspace/CRMBuilds/AOP.HO.5.0-00285-KAILUA_E-1_20221205_024556/b/HY11_1/aop_proc/core/settings/pmic/config/kailua/pm_config_dep.o	#SHT_PROGBITS,SHF_ALLOC|SHF_MERGE|SHF_STRINGS,1
.rodata.str1.1	0x81c8329c	0x6	/local/mnt/workspace/CRMBuilds/AOP.HO.5.0-00285-KAILUA_E-1_20221205_024556/b/HY11_1/aop_proc/core/settings/pmic/config/kailua/pm_config_dep.o	#SHT_PROGBITS,SHF_ALLOC|SHF_MERGE|SHF_STRINGS,1
.rodata.str1.1	0x81c832a2	0x6	/local/mnt/workspace/CRMBuilds/AOP.HO.5.0-00285-KAILUA_E-1_20221205_024556/b/HY11_1/aop_proc/core/settings/pmic/config/kailua/pm_config_dep.o	#SHT_PROGBITS,SHF_ALLOC|SHF_MERGE|SHF_STRINGS,1
.rodata.str1.1	0x81c832a8	0x6	/local/mnt/workspace/CRMBuilds/AOP.HO.5.0-00285-KAILUA_E-1_20221205_024556/b/HY11_1/aop_proc/core/settings/pmic/config/kailua/pm_config_dep.o	#SHT_PROGBITS,SHF_ALLOC|SHF_MERGE|SHF_STRINGS,1
.rodata.str1.1	0x81c832ae	0x6	/local/mnt/workspace/CRMBuilds/AOP.HO.5.0-00285-KAILUA_E-1_20221205_024556/b/HY11_1/aop_proc/core/settings/pmic/config/kailua/pm_config_dep.o	#SHT_PROGBITS,SHF_ALLOC|SHF_MERGE|SHF_STRINGS,1
.rodata.str1.1	0x81c832b4	0x6	/local/mnt/workspace/CRMBuilds/AOP.HO.5.0-00285-KAILUA_E-1_20221205_024556/b/HY11_1/aop_proc/core/settings/pmic/config/kailua/pm_config_dep.o	#SHT_PROGBITS,SHF_ALLOC|SHF_MERGE|SHF_STRINGS,1
.rodata.str1.1	0x81c832ba	0x6	/local/mnt/workspace/CRMBuilds/AOP.HO.5.0-00285-KAILUA_E-1_20221205_024556/b/HY11_1/aop_proc/core/settings/pmic/config/kailua/pm_config_dep.o	#SHT_PROGBITS,SHF_ALLOC|SHF_MERGE|SHF_STRINGS,1
.rodata.str1.1	0x81c832c0	0x6	/local/mnt/workspace/CRMBuilds/AOP.HO.5.0-00285-KAILUA_E-1_20221205_024556/b/HY11_1/aop_proc/core/settings/pmic/config/kailua/pm_config_dep.o	#SHT_PROGBITS,SHF_ALLOC|SHF_MERGE|SHF_STRINGS,1
.rodata.str1.1	0x81c832c6	0x6	/local/mnt/workspace/CRMBuilds/AOP.HO.5.0-00285-KAILUA_E-1_20221205_024556/b/HY11_1/aop_proc/core/settings/pmic/config/kailua/pm_config_dep.o	#SHT_PROGBITS,SHF_ALLOC|SHF_MERGE|SHF_STRINGS,1
.rodata.str1.1	0x81c832cc	0x6	/local/mnt/workspace/CRMBuilds/AOP.HO.5.0-00285-KAILUA_E-1_20221205_024556/b/HY11_1/aop_proc/core/settings/pmic/config/kailua/pm_config_dep.o	#SHT_PROGBITS,SHF_ALLOC|SHF_MERGE|SHF_STRINGS,1
.rodata.str1.1	0x81c832d2	0x6	/local/mnt/workspace/CRMBuilds/AOP.HO.5.0-00285-KAILUA_E-1_20221205_024556/b/HY11_1/aop_proc/core/settings/pmic/config/kailua/pm_config_dep.o	#SHT_PROGBITS,SHF_ALLOC|SHF_MERGE|SHF_STRINGS,1
.rodata.str1.1	0x81c832d8	0x6	/local/mnt/workspace/CRMBuilds/AOP.HO.5.0-00285-KAILUA_E-1_20221205_024556/b/HY11_1/aop_proc/core/settings/pmic/config/kailua/pm_config_dep.o	#SHT_PROGBITS,SHF_ALLOC|SHF_MERGE|SHF_STRINGS,1
.rodata.str1.1	0x81c832de	0x6	/local/mnt/workspace/CRMBuilds/AOP.HO.5.0-00285-KAILUA_E-1_20221205_024556/b/HY11_1/aop_proc/core/settings/pmic/config/kailua/pm_config_dep.o	#SHT_PROGBITS,SHF_ALLOC|SHF_MERGE|SHF_STRINGS,1
.rodata.str1.1	0x81c832e4	0x6	/local/mnt/workspace/CRMBuilds/AOP.HO.5.0-00285-KAILUA_E-1_20221205_024556/b/HY11_1/aop_proc/core/settings/pmic/config/kailua/pm_config_dep.o	#SHT_PROGBITS,SHF_ALLOC|SHF_MERGE|SHF_STRINGS,1
.rodata.str1.1	0x81c832ea	0x6	/local/mnt/workspace/CRMBuilds/AOP.HO.5.0-00285-KAILUA_E-1_20221205_024556/b/HY11_1/aop_proc/core/settings/pmic/config/kailua/pm_config_dep.o	#SHT_PROGBITS,SHF_ALLOC|SHF_MERGE|SHF_STRINGS,1
.rodata.str1.1	0x81c832f0	0x6	/local/mnt/workspace/CRMBuilds/AOP.HO.5.0-00285-KAILUA_E-1_20221205_024556/b/HY11_1/aop_proc/core/settings/pmic/config/kailua/pm_config_dep.o	#SHT_PROGBITS,SHF_ALLOC|SHF_MERGE|SHF_STRINGS,1
.rodata.str1.1	0x81c832f6	0x6	/local/mnt/workspace/CRMBuilds/AOP.HO.5.0-00285-KAILUA_E-1_20221205_024556/b/HY11_1/aop_proc/core/settings/pmic/config/kailua/pm_config_dep.o	#SHT_PROGBITS,SHF_ALLOC|SHF_MERGE|SHF_STRINGS,1
.rodata.str1.1	0x81c832fc	0x6	/local/mnt/workspace/CRMBuilds/AOP.HO.5.0-00285-KAILUA_E-1_20221205_024556/b/HY11_1/aop_proc/core/settings/pmic/config/kailua/pm_config_dep.o	#SHT_PROGBITS,SHF_ALLOC|SHF_MERGE|SHF_STRINGS,1
.rodata.str1.1	0x81c83302	0x6	/local/mnt/workspace/CRMBuilds/AOP.HO.5.0-00285-KAILUA_E-1_20221205_024556/b/HY11_1/aop_proc/core/settings/pmic/config/kailua/pm_config_dep.o	#SHT_PROGBITS,SHF_ALLOC|SHF_MERGE|SHF_STRINGS,1
.rodata.str1.1	0x81c83308	0x6	/local/mnt/workspace/CRMBuilds/AOP.HO.5.0-00285-KAILUA_E-1_20221205_024556/b/HY11_1/aop_proc/core/settings/pmic/config/kailua/pm_config_dep.o	#SHT_PROGBITS,SHF_ALLOC|SHF_MERGE|SHF_STRINGS,1
.rodata.str1.1	0x81c8330e	0x6	/local/mnt/workspace/CRMBuilds/AOP.HO.5.0-00285-KAILUA_E-1_20221205_024556/b/HY11_1/aop_proc/core/settings/pmic/config/kailua/pm_config_dep.o	#SHT_PROGBITS,SHF_ALLOC|SHF_MERGE|SHF_STRINGS,1
.rodata.str1.1	0x81c83314	0x6	/local/mnt/workspace/CRMBuilds/AOP.HO.5.0-00285-KAILUA_E-1_20221205_024556/b/HY11_1/aop_proc/core/settings/pmic/config/kailua/pm_config_dep.o	#SHT_PROGBITS,SHF_ALLOC|SHF_MERGE|SHF_STRINGS,1
.rodata.str1.1	0x81c8331a	0x8	/local/mnt/workspace/CRMBuilds/AOP.HO.5.0-00285-KAILUA_E-1_20221205_024556/b/HY11_1/aop_proc/core/settings/pmic/config/kailua/pm_config_dep.o	#SHT_PROGBITS,SHF_ALLOC|SHF_MERGE|SHF_STRINGS,1
.rodata.str1.1	0x81c83322	0x6	/local/mnt/workspace/CRMBuilds/AOP.HO.5.0-00285-KAILUA_E-1_20221205_024556/b/HY11_1/aop_proc/core/settings/pmic/config/kailua/pm_config_dep.o	#SHT_PROGBITS,SHF_ALLOC|SHF_MERGE|SHF_STRINGS,1
.rodata.str1.1	0x81c83328	0x8	/local/mnt/workspace/CRMBuilds/AOP.HO.5.0-00285-KAILUA_E-1_20221205_024556/b/HY11_1/aop_proc/core/settings/pmic/config/kailua/pm_config_dep.o	#SHT_PROGBITS,SHF_ALLOC|SHF_MERGE|SHF_STRINGS,1
.rodata.str1.1	0x81c83330	0x6	/local/mnt/workspace/CRMBuilds/AOP.HO.5.0-00285-KAILUA_E-1_20221205_024556/b/HY11_1/aop_proc/core/settings/pmic/config/kailua/pm_config_dep.o	#SHT_PROGBITS,SHF_ALLOC|SHF_MERGE|SHF_STRINGS,1
.rodata.str1.1	0x81c83336	0x8	/local/mnt/workspace/CRMBuilds/AOP.HO.5.0-00285-KAILUA_E-1_20221205_024556/b/HY11_1/aop_proc/core/settings/pmic/config/kailua/pm_config_dep.o	#SHT_PROGBITS,SHF_ALLOC|SHF_MERGE|SHF_STRINGS,1
.rodata.str1.1	0x81c8333e	0x6	/local/mnt/workspace/CRMBuilds/AOP.HO.5.0-00285-KAILUA_E-1_20221205_024556/b/HY11_1/aop_proc/core/settings/pmic/config/kailua/pm_config_dep.o	#SHT_PROGBITS,SHF_ALLOC|SHF_MERGE|SHF_STRINGS,1
.rodata.str1.1	0x81c83344	0x8	/local/mnt/workspace/CRMBuilds/AOP.HO.5.0-00285-KAILUA_E-1_20221205_024556/b/HY11_1/aop_proc/core/settings/pmic/config/kailua/pm_config_dep.o	#SHT_PROGBITS,SHF_ALLOC|SHF_MERGE|SHF_STRINGS,1
.rodata.str1.1	0x81c8334c	0x6	/local/mnt/workspace/CRMBuilds/AOP.HO.5.0-00285-KAILUA_E-1_20221205_024556/b/HY11_1/aop_proc/core/settings/pmic/config/kailua/pm_config_dep.o	#SHT_PROGBITS,SHF_ALLOC|SHF_MERGE|SHF_STRINGS,1
.rodata.str1.1	0x81c83352	0x6	/local/mnt/workspace/CRMBuilds/AOP.HO.5.0-00285-KAILUA_E-1_20221205_024556/b/HY11_1/aop_proc/core/settings/pmic/config/kailua/pm_config_dep.o	#SHT_PROGBITS,SHF_ALLOC|SHF_MERGE|SHF_STRINGS,1
.rodata.str1.1	0x81c83358	0x8	/local/mnt/workspace/CRMBuilds/AOP.HO.5.0-00285-KAILUA_E-1_20221205_024556/b/HY11_1/aop_proc/core/settings/pmic/config/kailua/pm_config_dep.o	#SHT_PROGBITS,SHF_ALLOC|SHF_MERGE|SHF_STRINGS,1
.rodata.str1.1	0x81c83360	0x6	/local/mnt/workspace/CRMBuilds/AOP.HO.5.0-00285-KAILUA_E-1_20221205_024556/b/HY11_1/aop_proc/core/settings/pmic/config/kailua/pm_config_dep.o	#SHT_PROGBITS,SHF_ALLOC|SHF_MERGE|SHF_STRINGS,1
.rodata.str1.1	0x81c83366	0x6	/local/mnt/workspace/CRMBuilds/AOP.HO.5.0-00285-KAILUA_E-1_20221205_024556/b/HY11_1/aop_proc/core/settings/pmic/config/kailua/pm_config_dep.o	#SHT_PROGBITS,SHF_ALLOC|SHF_MERGE|SHF_STRINGS,1
.rodata.str1.1	0x81c8336c	0x6	/local/mnt/workspace/CRMBuilds/AOP.HO.5.0-00285-KAILUA_E-1_20221205_024556/b/HY11_1/aop_proc/core/settings/pmic/config/kailua/pm_config_dep.o	#SHT_PROGBITS,SHF_ALLOC|SHF_MERGE|SHF_STRINGS,1
.rodata.str1.1	0x81c83372	0x7	/local/mnt/workspace/CRMBuilds/AOP.HO.5.0-00285-KAILUA_E-1_20221205_024556/b/HY11_1/aop_proc/core/settings/pmic/config/kailua/pm_config_dep.o	#SHT_PROGBITS,SHF_ALLOC|SHF_MERGE|SHF_STRINGS,1
*(AOPSS_DEVCFG_CODE_ALL) #Rule 11, Internal-LinkerScript (Implicit rule inserted by Linker) [0:0]
__aop_devcfg_size_left(0x1cc87) = 0x81ca0000 - .(0x81c83379); # __aop_devcfg_size_left = 0x81ca0000 - .; /local/mnt/workspace/CRMBuilds/AOP.HO.5.0-00285-KAILUA_E-1_20221205_024556/b/HY11_1/aop_proc/core/bsp/aop/build/AOP_AAAAANAZO_devcfg.scl

AOPSS_DEVCFG_CODE_ZI	0x81c83379	0x1cc87 # Offset: 0x2659, LMA: 0x81c83379, Alignment: 0x1, Segments : [ AOPSS_DEVCFG_CODE ]
PADDING	0x81c83379	0x1cc87	0x0
	.(0x81ca0000) = .(0x81c83379) + __aop_devcfg_size_left(0x1cc87); # . = . + __aop_devcfg_size_left; /local/mnt/workspace/CRMBuilds/AOP.HO.5.0-00285-KAILUA_E-1_20221205_024556/b/HY11_1/aop_proc/core/bsp/aop/build/AOP_AAAAANAZO_devcfg.scl
*(AOPSS_DEVCFG_CODE_ZI) #Rule 12, Internal-LinkerScript (Implicit rule inserted by Linker) [0:0]
ASSERT(.(0x81ca0000) <= 0x81ca0000, "Overflow past AOP_DEVCFG_END"); # ASSERT(. <= 0x81ca0000, "Overflow past AOP_DEVCFG_END"); /local/mnt/workspace/CRMBuilds/AOP.HO.5.0-00285-KAILUA_E-1_20221205_024556/b/HY11_1/aop_proc/core/bsp/aop/build/AOP_AAAAANAZO_devcfg.scl

.debug_abbrev	0x2659	0x240 # Offset: 0x2659, Alignment: 0x1
*(.debug_abbrev) #Rule 17, Internal-LinkerScript (Implicit rule inserted by Linker) [0:0]
.debug_abbrev	0x2659	0xaf	/local/mnt/workspace/CRMBuilds/AOP.HO.5.0-00285-KAILUA_E-1_20221205_024556/b/HY11_1/aop_proc/core/settings/pmic/config/kailua/pm_config_target.o	#SHT_PROGBITS,,1
.debug_abbrev	0x2708	0x93	/local/mnt/workspace/CRMBuilds/AOP.HO.5.0-00285-KAILUA_E-1_20221205_024556/b/HY11_1/aop_proc/core/settings/pmic/config/kailua/pm_config_dep.o	#SHT_PROGBITS,,1
.debug_abbrev	0x279b	0x69	/local/mnt/workspace/CRMBuilds/AOP.HO.5.0-00285-KAILUA_E-1_20221205_024556/b/HY11_1/aop_proc/core/bsp/aop/src/devcfg_main.o	#SHT_PROGBITS,,1
.debug_abbrev	0x2804	0x95	/local/mnt/workspace/CRMBuilds/AOP.HO.5.0-00285-KAILUA_E-1_20221205_024556/b/HY11_1/aop_proc/core/bsp/aop/build/aop_settings_autogen.o	#SHT_PROGBITS,,1

.debug_info	0x2899	0x1033 # Offset: 0x2899, Alignment: 0x1
*(.debug_info) #Rule 18, Internal-LinkerScript (Implicit rule inserted by Linker) [0:0]
.debug_info	0x2899	0x8a0	/local/mnt/workspace/CRMBuilds/AOP.HO.5.0-00285-KAILUA_E-1_20221205_024556/b/HY11_1/aop_proc/core/settings/pmic/config/kailua/pm_config_target.o	#SHT_PROGBITS,,1
.debug_info	0x3139	0x591	/local/mnt/workspace/CRMBuilds/AOP.HO.5.0-00285-KAILUA_E-1_20221205_024556/b/HY11_1/aop_proc/core/settings/pmic/config/kailua/pm_config_dep.o	#SHT_PROGBITS,,1
.debug_info	0x36ca	0x76	/local/mnt/workspace/CRMBuilds/AOP.HO.5.0-00285-KAILUA_E-1_20221205_024556/b/HY11_1/aop_proc/core/bsp/aop/src/devcfg_main.o	#SHT_PROGBITS,,1
.debug_info	0x3740	0x18c	/local/mnt/workspace/CRMBuilds/AOP.HO.5.0-00285-KAILUA_E-1_20221205_024556/b/HY11_1/aop_proc/core/bsp/aop/build/aop_settings_autogen.o	#SHT_PROGBITS,,1

.debug_str	0x38cc	0xbba # Offset: 0x38cc, Alignment: 0x1
*(.debug_str) #Rule 19, Internal-LinkerScript (Implicit rule inserted by Linker) [0:0]
.debug_str	0x38cc	0x24	/local/mnt/workspace/CRMBuilds/AOP.HO.5.0-00285-KAILUA_E-1_20221205_024556/b/HY11_1/aop_proc/core/settings/pmic/config/kailua/pm_config_target.o	#SHT_PROGBITS,SHF_MERGE|SHF_STRINGS,1
.debug_str	0x38f0	0x91	/local/mnt/workspace/CRMBuilds/AOP.HO.5.0-00285-KAILUA_E-1_20221205_024556/b/HY11_1/aop_proc/core/settings/pmic/config/kailua/pm_config_target.o	#SHT_PROGBITS,SHF_MERGE|SHF_STRINGS,1
.debug_str	0x3981	0x63	/local/mnt/workspace/CRMBuilds/AOP.HO.5.0-00285-KAILUA_E-1_20221205_024556/b/HY11_1/aop_proc/core/settings/pmic/config/kailua/pm_config_target.o	#SHT_PROGBITS,SHF_MERGE|SHF_STRINGS,1
.debug_str	0x39e4	0xb	/local/mnt/workspace/CRMBuilds/AOP.HO.5.0-00285-KAILUA_E-1_20221205_024556/b/HY11_1/aop_proc/core/settings/pmic/config/kailua/pm_config_target.o	#SHT_PROGBITS,SHF_MERGE|SHF_STRINGS,1
.debug_str	0x39ef	0xe	/local/mnt/workspace/CRMBuilds/AOP.HO.5.0-00285-KAILUA_E-1_20221205_024556/b/HY11_1/aop_proc/core/settings/pmic/config/kailua/pm_config_target.o	#SHT_PROGBITS,SHF_MERGE|SHF_STRINGS,1
.debug_str	0x39fd	0xd	/local/mnt/workspace/CRMBuilds/AOP.HO.5.0-00285-KAILUA_E-1_20221205_024556/b/HY11_1/aop_proc/core/settings/pmic/config/kailua/pm_config_target.o	#SHT_PROGBITS,SHF_MERGE|SHF_STRINGS,1
.debug_str	0x3a0a	0xd	/local/mnt/workspace/CRMBuilds/AOP.HO.5.0-00285-KAILUA_E-1_20221205_024556/b/HY11_1/aop_proc/core/settings/pmic/config/kailua/pm_config_target.o	#SHT_PROGBITS,SHF_MERGE|SHF_STRINGS,1
.debug_str	0x3a17	0x9	/local/mnt/workspace/CRMBuilds/AOP.HO.5.0-00285-KAILUA_E-1_20221205_024556/b/HY11_1/aop_proc/core/settings/pmic/config/kailua/pm_config_target.o	#SHT_PROGBITS,SHF_MERGE|SHF_STRINGS,1
.debug_str	0x3a20	0x8	/local/mnt/workspace/CRMBuilds/AOP.HO.5.0-00285-KAILUA_E-1_20221205_024556/b/HY11_1/aop_proc/core/settings/pmic/config/kailua/pm_config_target.o	#SHT_PROGBITS,SHF_MERGE|SHF_STRINGS,1
.debug_str	0x3a28	0x9	/local/mnt/workspace/CRMBuilds/AOP.HO.5.0-00285-KAILUA_E-1_20221205_024556/b/HY11_1/aop_proc/core/settings/pmic/config/kailua/pm_config_target.o	#SHT_PROGBITS,SHF_MERGE|SHF_STRINGS,1
.debug_str	0x3a31	0xb	/local/mnt/workspace/CRMBuilds/AOP.HO.5.0-00285-KAILUA_E-1_20221205_024556/b/HY11_1/aop_proc/core/settings/pmic/config/kailua/pm_config_target.o	#SHT_PROGBITS,SHF_MERGE|SHF_STRINGS,1
.debug_str	0x3a3c	0xf	/local/mnt/workspace/CRMBuilds/AOP.HO.5.0-00285-KAILUA_E-1_20221205_024556/b/HY11_1/aop_proc/core/settings/pmic/config/kailua/pm_config_target.o	#SHT_PROGBITS,SHF_MERGE|SHF_STRINGS,1
.debug_str	0x3a4b	0x9	/local/mnt/workspace/CRMBuilds/AOP.HO.5.0-00285-KAILUA_E-1_20221205_024556/b/HY11_1/aop_proc/core/settings/pmic/config/kailua/pm_config_target.o	#SHT_PROGBITS,SHF_MERGE|SHF_STRINGS,1
.debug_str	0x3a54	0x7	/local/mnt/workspace/CRMBuilds/AOP.HO.5.0-00285-KAILUA_E-1_20221205_024556/b/HY11_1/aop_proc/core/settings/pmic/config/kailua/pm_config_target.o	#SHT_PROGBITS,SHF_MERGE|SHF_STRINGS,1
.debug_str	0x3a5b	0xb	/local/mnt/workspace/CRMBuilds/AOP.HO.5.0-00285-KAILUA_E-1_20221205_024556/b/HY11_1/aop_proc/core/settings/pmic/config/kailua/pm_config_target.o	#SHT_PROGBITS,SHF_MERGE|SHF_STRINGS,1
.debug_str	0x3a66	0x10	/local/mnt/workspace/CRMBuilds/AOP.HO.5.0-00285-KAILUA_E-1_20221205_024556/b/HY11_1/aop_proc/core/settings/pmic/config/kailua/pm_config_target.o	#SHT_PROGBITS,SHF_MERGE|SHF_STRINGS,1
.debug_str	0x3a76	0x18	/local/mnt/workspace/CRMBuilds/AOP.HO.5.0-00285-KAILUA_E-1_20221205_024556/b/HY11_1/aop_proc/core/settings/pmic/config/kailua/pm_config_target.o	#SHT_PROGBITS,SHF_MERGE|SHF_STRINGS,1
.debug_str	0x3a8e	0x10	/local/mnt/workspace/CRMBuilds/AOP.HO.5.0-00285-KAILUA_E-1_20221205_024556/b/HY11_1/aop_proc/core/settings/pmic/config/kailua/pm_config_target.o	#SHT_PROGBITS,SHF_MERGE|SHF_STRINGS,1
.debug_str	0x3a9e	0x12	/local/mnt/workspace/CRMBuilds/AOP.HO.5.0-00285-KAILUA_E-1_20221205_024556/b/HY11_1/aop_proc/core/settings/pmic/config/kailua/pm_config_target.o	#SHT_PROGBITS,SHF_MERGE|SHF_STRINGS,1
.debug_str	0x3ab0	0x17	/local/mnt/workspace/CRMBuilds/AOP.HO.5.0-00285-KAILUA_E-1_20221205_024556/b/HY11_1/aop_proc/core/settings/pmic/config/kailua/pm_config_target.o	#SHT_PROGBITS,SHF_MERGE|SHF_STRINGS,1
.debug_str	0x3ac7	0x19	/local/mnt/workspace/CRMBuilds/AOP.HO.5.0-00285-KAILUA_E-1_20221205_024556/b/HY11_1/aop_proc/core/settings/pmic/config/kailua/pm_config_target.o	#SHT_PROGBITS,SHF_MERGE|SHF_STRINGS,1
.debug_str	0x3ae0	0x12	/local/mnt/workspace/CRMBuilds/AOP.HO.5.0-00285-KAILUA_E-1_20221205_024556/b/HY11_1/aop_proc/core/settings/pmic/config/kailua/pm_config_target.o	#SHT_PROGBITS,SHF_MERGE|SHF_STRINGS,1
.debug_str	0x3af2	0xe	/local/mnt/workspace/CRMBuilds/AOP.HO.5.0-00285-KAILUA_E-1_20221205_024556/b/HY11_1/aop_proc/core/settings/pmic/config/kailua/pm_config_target.o	#SHT_PROGBITS,SHF_MERGE|SHF_STRINGS,1
.debug_str	0x3b00	0xc	/local/mnt/workspace/CRMBuilds/AOP.HO.5.0-00285-KAILUA_E-1_20221205_024556/b/HY11_1/aop_proc/core/settings/pmic/config/kailua/pm_config_target.o	#SHT_PROGBITS,SHF_MERGE|SHF_STRINGS,1
.debug_str	0x3b0c	0xf	/local/mnt/workspace/CRMBuilds/AOP.HO.5.0-00285-KAILUA_E-1_20221205_024556/b/HY11_1/aop_proc/core/settings/pmic/config/kailua/pm_config_target.o	#SHT_PROGBITS,SHF_MERGE|SHF_STRINGS,1
.debug_str	0x3b1b	0xe	/local/mnt/workspace/CRMBuilds/AOP.HO.5.0-00285-KAILUA_E-1_20221205_024556/b/HY11_1/aop_proc/core/settings/pmic/config/kailua/pm_config_target.o	#SHT_PROGBITS,SHF_MERGE|SHF_STRINGS,1
.debug_str	0x3b29	0xc	/local/mnt/workspace/CRMBuilds/AOP.HO.5.0-00285-KAILUA_E-1_20221205_024556/b/HY11_1/aop_proc/core/settings/pmic/config/kailua/pm_config_target.o	#SHT_PROGBITS,SHF_MERGE|SHF_STRINGS,1
.debug_str	0x3b35	0xc	/local/mnt/workspace/CRMBuilds/AOP.HO.5.0-00285-KAILUA_E-1_20221205_024556/b/HY11_1/aop_proc/core/settings/pmic/config/kailua/pm_config_target.o	#SHT_PROGBITS,SHF_MERGE|SHF_STRINGS,1
.debug_str	0x3b41	0xe	/local/mnt/workspace/CRMBuilds/AOP.HO.5.0-00285-KAILUA_E-1_20221205_024556/b/HY11_1/aop_proc/core/settings/pmic/config/kailua/pm_config_target.o	#SHT_PROGBITS,SHF_MERGE|SHF_STRINGS,1
.debug_str	0x3b4f	0x8	/local/mnt/workspace/CRMBuilds/AOP.HO.5.0-00285-KAILUA_E-1_20221205_024556/b/HY11_1/aop_proc/core/settings/pmic/config/kailua/pm_config_target.o	#SHT_PROGBITS,SHF_MERGE|SHF_STRINGS,1
.debug_str	0x3b57	0x6	/local/mnt/workspace/CRMBuilds/AOP.HO.5.0-00285-KAILUA_E-1_20221205_024556/b/HY11_1/aop_proc/core/settings/pmic/config/kailua/pm_config_target.o	#SHT_PROGBITS,SHF_MERGE|SHF_STRINGS,1
.debug_str	0x3b5d	0xe	/local/mnt/workspace/CRMBuilds/AOP.HO.5.0-00285-KAILUA_E-1_20221205_024556/b/HY11_1/aop_proc/core/settings/pmic/config/kailua/pm_config_target.o	#SHT_PROGBITS,SHF_MERGE|SHF_STRINGS,1
.debug_str	0x3b6b	0xc	/local/mnt/workspace/CRMBuilds/AOP.HO.5.0-00285-KAILUA_E-1_20221205_024556/b/HY11_1/aop_proc/core/settings/pmic/config/kailua/pm_config_target.o	#SHT_PROGBITS,SHF_MERGE|SHF_STRINGS,1
.debug_str	0x3b77	0xb	/local/mnt/workspace/CRMBuilds/AOP.HO.5.0-00285-KAILUA_E-1_20221205_024556/b/HY11_1/aop_proc/core/settings/pmic/config/kailua/pm_config_target.o	#SHT_PROGBITS,SHF_MERGE|SHF_STRINGS,1
.debug_str	0x3b82	0x9	/local/mnt/workspace/CRMBuilds/AOP.HO.5.0-00285-KAILUA_E-1_20221205_024556/b/HY11_1/aop_proc/core/settings/pmic/config/kailua/pm_config_target.o	#SHT_PROGBITS,SHF_MERGE|SHF_STRINGS,1
.debug_str	0x3b8b	0x7	/local/mnt/workspace/CRMBuilds/AOP.HO.5.0-00285-KAILUA_E-1_20221205_024556/b/HY11_1/aop_proc/core/settings/pmic/config/kailua/pm_config_target.o	#SHT_PROGBITS,SHF_MERGE|SHF_STRINGS,1
.debug_str	0x3b92	0x9	/local/mnt/workspace/CRMBuilds/AOP.HO.5.0-00285-KAILUA_E-1_20221205_024556/b/HY11_1/aop_proc/core/settings/pmic/config/kailua/pm_config_target.o	#SHT_PROGBITS,SHF_MERGE|SHF_STRINGS,1
.debug_str	0x3b9b	0x1b	/local/mnt/workspace/CRMBuilds/AOP.HO.5.0-00285-KAILUA_E-1_20221205_024556/b/HY11_1/aop_proc/core/settings/pmic/config/kailua/pm_config_target.o	#SHT_PROGBITS,SHF_MERGE|SHF_STRINGS,1
.debug_str	0x3bb6	0x14	/local/mnt/workspace/CRMBuilds/AOP.HO.5.0-00285-KAILUA_E-1_20221205_024556/b/HY11_1/aop_proc/core/settings/pmic/config/kailua/pm_config_target.o	#SHT_PROGBITS,SHF_MERGE|SHF_STRINGS,1
.debug_str	0x3bca	0xb	/local/mnt/workspace/CRMBuilds/AOP.HO.5.0-00285-KAILUA_E-1_20221205_024556/b/HY11_1/aop_proc/core/settings/pmic/config/kailua/pm_config_target.o	#SHT_PROGBITS,SHF_MERGE|SHF_STRINGS,1
.debug_str	0x3bd5	0xb	/local/mnt/workspace/CRMBuilds/AOP.HO.5.0-00285-KAILUA_E-1_20221205_024556/b/HY11_1/aop_proc/core/settings/pmic/config/kailua/pm_config_target.o	#SHT_PROGBITS,SHF_MERGE|SHF_STRINGS,1
.debug_str	0x3be0	0xb	/local/mnt/workspace/CRMBuilds/AOP.HO.5.0-00285-KAILUA_E-1_20221205_024556/b/HY11_1/aop_proc/core/settings/pmic/config/kailua/pm_config_target.o	#SHT_PROGBITS,SHF_MERGE|SHF_STRINGS,1
.debug_str	0x3beb	0xb	/local/mnt/workspace/CRMBuilds/AOP.HO.5.0-00285-KAILUA_E-1_20221205_024556/b/HY11_1/aop_proc/core/settings/pmic/config/kailua/pm_config_target.o	#SHT_PROGBITS,SHF_MERGE|SHF_STRINGS,1
.debug_str	0x3bf6	0xb	/local/mnt/workspace/CRMBuilds/AOP.HO.5.0-00285-KAILUA_E-1_20221205_024556/b/HY11_1/aop_proc/core/settings/pmic/config/kailua/pm_config_target.o	#SHT_PROGBITS,SHF_MERGE|SHF_STRINGS,1
.debug_str	0x3c01	0xb	/local/mnt/workspace/CRMBuilds/AOP.HO.5.0-00285-KAILUA_E-1_20221205_024556/b/HY11_1/aop_proc/core/settings/pmic/config/kailua/pm_config_target.o	#SHT_PROGBITS,SHF_MERGE|SHF_STRINGS,1
.debug_str	0x3c0c	0xb	/local/mnt/workspace/CRMBuilds/AOP.HO.5.0-00285-KAILUA_E-1_20221205_024556/b/HY11_1/aop_proc/core/settings/pmic/config/kailua/pm_config_target.o	#SHT_PROGBITS,SHF_MERGE|SHF_STRINGS,1
.debug_str	0x3c17	0xb	/local/mnt/workspace/CRMBuilds/AOP.HO.5.0-00285-KAILUA_E-1_20221205_024556/b/HY11_1/aop_proc/core/settings/pmic/config/kailua/pm_config_target.o	#SHT_PROGBITS,SHF_MERGE|SHF_STRINGS,1
.debug_str	0x3c22	0xb	/local/mnt/workspace/CRMBuilds/AOP.HO.5.0-00285-KAILUA_E-1_20221205_024556/b/HY11_1/aop_proc/core/settings/pmic/config/kailua/pm_config_target.o	#SHT_PROGBITS,SHF_MERGE|SHF_STRINGS,1
.debug_str	0x3c2d	0xc	/local/mnt/workspace/CRMBuilds/AOP.HO.5.0-00285-KAILUA_E-1_20221205_024556/b/HY11_1/aop_proc/core/settings/pmic/config/kailua/pm_config_target.o	#SHT_PROGBITS,SHF_MERGE|SHF_STRINGS,1
.debug_str	0x3c39	0xc	/local/mnt/workspace/CRMBuilds/AOP.HO.5.0-00285-KAILUA_E-1_20221205_024556/b/HY11_1/aop_proc/core/settings/pmic/config/kailua/pm_config_target.o	#SHT_PROGBITS,SHF_MERGE|SHF_STRINGS,1
.debug_str	0x3c45	0xc	/local/mnt/workspace/CRMBuilds/AOP.HO.5.0-00285-KAILUA_E-1_20221205_024556/b/HY11_1/aop_proc/core/settings/pmic/config/kailua/pm_config_target.o	#SHT_PROGBITS,SHF_MERGE|SHF_STRINGS,1
.debug_str	0x3c51	0xc	/local/mnt/workspace/CRMBuilds/AOP.HO.5.0-00285-KAILUA_E-1_20221205_024556/b/HY11_1/aop_proc/core/settings/pmic/config/kailua/pm_config_target.o	#SHT_PROGBITS,SHF_MERGE|SHF_STRINGS,1
.debug_str	0x3c5d	0xc	/local/mnt/workspace/CRMBuilds/AOP.HO.5.0-00285-KAILUA_E-1_20221205_024556/b/HY11_1/aop_proc/core/settings/pmic/config/kailua/pm_config_target.o	#SHT_PROGBITS,SHF_MERGE|SHF_STRINGS,1
.debug_str	0x3c69	0xb	/local/mnt/workspace/CRMBuilds/AOP.HO.5.0-00285-KAILUA_E-1_20221205_024556/b/HY11_1/aop_proc/core/settings/pmic/config/kailua/pm_config_target.o	#SHT_PROGBITS,SHF_MERGE|SHF_STRINGS,1
.debug_str	0x3c74	0xb	/local/mnt/workspace/CRMBuilds/AOP.HO.5.0-00285-KAILUA_E-1_20221205_024556/b/HY11_1/aop_proc/core/settings/pmic/config/kailua/pm_config_target.o	#SHT_PROGBITS,SHF_MERGE|SHF_STRINGS,1
.debug_str	0x3c7f	0xb	/local/mnt/workspace/CRMBuilds/AOP.HO.5.0-00285-KAILUA_E-1_20221205_024556/b/HY11_1/aop_proc/core/settings/pmic/config/kailua/pm_config_target.o	#SHT_PROGBITS,SHF_MERGE|SHF_STRINGS,1
.debug_str	0x3c8a	0xe	/local/mnt/workspace/CRMBuilds/AOP.HO.5.0-00285-KAILUA_E-1_20221205_024556/b/HY11_1/aop_proc/core/settings/pmic/config/kailua/pm_config_target.o	#SHT_PROGBITS,SHF_MERGE|SHF_STRINGS,1
.debug_str	0x3c98	0xd	/local/mnt/workspace/CRMBuilds/AOP.HO.5.0-00285-KAILUA_E-1_20221205_024556/b/HY11_1/aop_proc/core/settings/pmic/config/kailua/pm_config_target.o	#SHT_PROGBITS,SHF_MERGE|SHF_STRINGS,1
.debug_str	0x3ca5	0xa	/local/mnt/workspace/CRMBuilds/AOP.HO.5.0-00285-KAILUA_E-1_20221205_024556/b/HY11_1/aop_proc/core/settings/pmic/config/kailua/pm_config_target.o	#SHT_PROGBITS,SHF_MERGE|SHF_STRINGS,1
.debug_str	0x3caf	0x15	/local/mnt/workspace/CRMBuilds/AOP.HO.5.0-00285-KAILUA_E-1_20221205_024556/b/HY11_1/aop_proc/core/settings/pmic/config/kailua/pm_config_target.o	#SHT_PROGBITS,SHF_MERGE|SHF_STRINGS,1
.debug_str	0x3cc4	0x11	/local/mnt/workspace/CRMBuilds/AOP.HO.5.0-00285-KAILUA_E-1_20221205_024556/b/HY11_1/aop_proc/core/settings/pmic/config/kailua/pm_config_target.o	#SHT_PROGBITS,SHF_MERGE|SHF_STRINGS,1
.debug_str	0x3cd5	0x5	/local/mnt/workspace/CRMBuilds/AOP.HO.5.0-00285-KAILUA_E-1_20221205_024556/b/HY11_1/aop_proc/core/settings/pmic/config/kailua/pm_config_target.o	#SHT_PROGBITS,SHF_MERGE|SHF_STRINGS,1
.debug_str	0x3cda	0x5	/local/mnt/workspace/CRMBuilds/AOP.HO.5.0-00285-KAILUA_E-1_20221205_024556/b/HY11_1/aop_proc/core/settings/pmic/config/kailua/pm_config_target.o	#SHT_PROGBITS,SHF_MERGE|SHF_STRINGS,1
.debug_str	0x3cdf	0xa	/local/mnt/workspace/CRMBuilds/AOP.HO.5.0-00285-KAILUA_E-1_20221205_024556/b/HY11_1/aop_proc/core/settings/pmic/config/kailua/pm_config_target.o	#SHT_PROGBITS,SHF_MERGE|SHF_STRINGS,1
.debug_str	0x3ce9	0xb	/local/mnt/workspace/CRMBuilds/AOP.HO.5.0-00285-KAILUA_E-1_20221205_024556/b/HY11_1/aop_proc/core/settings/pmic/config/kailua/pm_config_target.o	#SHT_PROGBITS,SHF_MERGE|SHF_STRINGS,1
.debug_str	0x3cf4	0x13	/local/mnt/workspace/CRMBuilds/AOP.HO.5.0-00285-KAILUA_E-1_20221205_024556/b/HY11_1/aop_proc/core/settings/pmic/config/kailua/pm_config_target.o	#SHT_PROGBITS,SHF_MERGE|SHF_STRINGS,1
.debug_str	0x3d07	0x13	/local/mnt/workspace/CRMBuilds/AOP.HO.5.0-00285-KAILUA_E-1_20221205_024556/b/HY11_1/aop_proc/core/settings/pmic/config/kailua/pm_config_target.o	#SHT_PROGBITS,SHF_MERGE|SHF_STRINGS,1
.debug_str	0x3d1a	0x12	/local/mnt/workspace/CRMBuilds/AOP.HO.5.0-00285-KAILUA_E-1_20221205_024556/b/HY11_1/aop_proc/core/settings/pmic/config/kailua/pm_config_target.o	#SHT_PROGBITS,SHF_MERGE|SHF_STRINGS,1
.debug_str	0x3d2c	0x12	/local/mnt/workspace/CRMBuilds/AOP.HO.5.0-00285-KAILUA_E-1_20221205_024556/b/HY11_1/aop_proc/core/settings/pmic/config/kailua/pm_config_target.o	#SHT_PROGBITS,SHF_MERGE|SHF_STRINGS,1
.debug_str	0x3d3e	0x11	/local/mnt/workspace/CRMBuilds/AOP.HO.5.0-00285-KAILUA_E-1_20221205_024556/b/HY11_1/aop_proc/core/settings/pmic/config/kailua/pm_config_target.o	#SHT_PROGBITS,SHF_MERGE|SHF_STRINGS,1
.debug_str	0x3d4f	0x12	/local/mnt/workspace/CRMBuilds/AOP.HO.5.0-00285-KAILUA_E-1_20221205_024556/b/HY11_1/aop_proc/core/settings/pmic/config/kailua/pm_config_target.o	#SHT_PROGBITS,SHF_MERGE|SHF_STRINGS,1
.debug_str	0x3d61	0x19	/local/mnt/workspace/CRMBuilds/AOP.HO.5.0-00285-KAILUA_E-1_20221205_024556/b/HY11_1/aop_proc/core/settings/pmic/config/kailua/pm_config_target.o	#SHT_PROGBITS,SHF_MERGE|SHF_STRINGS,1
.debug_str	0x3d7a	0x13	/local/mnt/workspace/CRMBuilds/AOP.HO.5.0-00285-KAILUA_E-1_20221205_024556/b/HY11_1/aop_proc/core/settings/pmic/config/kailua/pm_config_target.o	#SHT_PROGBITS,SHF_MERGE|SHF_STRINGS,1
.debug_str	0x3d8d	0x12	/local/mnt/workspace/CRMBuilds/AOP.HO.5.0-00285-KAILUA_E-1_20221205_024556/b/HY11_1/aop_proc/core/settings/pmic/config/kailua/pm_config_target.o	#SHT_PROGBITS,SHF_MERGE|SHF_STRINGS,1
.debug_str	0x3d9f	0x13	/local/mnt/workspace/CRMBuilds/AOP.HO.5.0-00285-KAILUA_E-1_20221205_024556/b/HY11_1/aop_proc/core/settings/pmic/config/kailua/pm_config_target.o	#SHT_PROGBITS,SHF_MERGE|SHF_STRINGS,1
.debug_str	0x3db2	0x13	/local/mnt/workspace/CRMBuilds/AOP.HO.5.0-00285-KAILUA_E-1_20221205_024556/b/HY11_1/aop_proc/core/settings/pmic/config/kailua/pm_config_target.o	#SHT_PROGBITS,SHF_MERGE|SHF_STRINGS,1
.debug_str	0x3dc5	0x11	/local/mnt/workspace/CRMBuilds/AOP.HO.5.0-00285-KAILUA_E-1_20221205_024556/b/HY11_1/aop_proc/core/settings/pmic/config/kailua/pm_config_target.o	#SHT_PROGBITS,SHF_MERGE|SHF_STRINGS,1
.debug_str	0x3dd6	0x13	/local/mnt/workspace/CRMBuilds/AOP.HO.5.0-00285-KAILUA_E-1_20221205_024556/b/HY11_1/aop_proc/core/settings/pmic/config/kailua/pm_config_target.o	#SHT_PROGBITS,SHF_MERGE|SHF_STRINGS,1
.debug_str	0x3de9	0x13	/local/mnt/workspace/CRMBuilds/AOP.HO.5.0-00285-KAILUA_E-1_20221205_024556/b/HY11_1/aop_proc/core/settings/pmic/config/kailua/pm_config_target.o	#SHT_PROGBITS,SHF_MERGE|SHF_STRINGS,1
.debug_str	0x3dfc	0x16	/local/mnt/workspace/CRMBuilds/AOP.HO.5.0-00285-KAILUA_E-1_20221205_024556/b/HY11_1/aop_proc/core/settings/pmic/config/kailua/pm_config_target.o	#SHT_PROGBITS,SHF_MERGE|SHF_STRINGS,1
.debug_str	0x3e12	0x13	/local/mnt/workspace/CRMBuilds/AOP.HO.5.0-00285-KAILUA_E-1_20221205_024556/b/HY11_1/aop_proc/core/settings/pmic/config/kailua/pm_config_target.o	#SHT_PROGBITS,SHF_MERGE|SHF_STRINGS,1
.debug_str	0x3e25	0x9	/local/mnt/workspace/CRMBuilds/AOP.HO.5.0-00285-KAILUA_E-1_20221205_024556/b/HY11_1/aop_proc/core/settings/pmic/config/kailua/pm_config_target.o	#SHT_PROGBITS,SHF_MERGE|SHF_STRINGS,1
.debug_str	0x3e2e	0x7	/local/mnt/workspace/CRMBuilds/AOP.HO.5.0-00285-KAILUA_E-1_20221205_024556/b/HY11_1/aop_proc/core/settings/pmic/config/kailua/pm_config_target.o	#SHT_PROGBITS,SHF_MERGE|SHF_STRINGS,1
.debug_str	0x3e35	0x8	/local/mnt/workspace/CRMBuilds/AOP.HO.5.0-00285-KAILUA_E-1_20221205_024556/b/HY11_1/aop_proc/core/settings/pmic/config/kailua/pm_config_target.o	#SHT_PROGBITS,SHF_MERGE|SHF_STRINGS,1
.debug_str	0x3e3d	0x9	/local/mnt/workspace/CRMBuilds/AOP.HO.5.0-00285-KAILUA_E-1_20221205_024556/b/HY11_1/aop_proc/core/settings/pmic/config/kailua/pm_config_target.o	#SHT_PROGBITS,SHF_MERGE|SHF_STRINGS,1
.debug_str	0x3e46	0xe	/local/mnt/workspace/CRMBuilds/AOP.HO.5.0-00285-KAILUA_E-1_20221205_024556/b/HY11_1/aop_proc/core/settings/pmic/config/kailua/pm_config_target.o	#SHT_PROGBITS,SHF_MERGE|SHF_STRINGS,1
.debug_str	0x3e54	0xc	/local/mnt/workspace/CRMBuilds/AOP.HO.5.0-00285-KAILUA_E-1_20221205_024556/b/HY11_1/aop_proc/core/settings/pmic/config/kailua/pm_config_target.o	#SHT_PROGBITS,SHF_MERGE|SHF_STRINGS,1
.debug_str	0x3e60	0xc	/local/mnt/workspace/CRMBuilds/AOP.HO.5.0-00285-KAILUA_E-1_20221205_024556/b/HY11_1/aop_proc/core/settings/pmic/config/kailua/pm_config_target.o	#SHT_PROGBITS,SHF_MERGE|SHF_STRINGS,1
.debug_str	0x3e6c	0xe	/local/mnt/workspace/CRMBuilds/AOP.HO.5.0-00285-KAILUA_E-1_20221205_024556/b/HY11_1/aop_proc/core/settings/pmic/config/kailua/pm_config_target.o	#SHT_PROGBITS,SHF_MERGE|SHF_STRINGS,1
.debug_str	0x3e7a	0x16	/local/mnt/workspace/CRMBuilds/AOP.HO.5.0-00285-KAILUA_E-1_20221205_024556/b/HY11_1/aop_proc/core/settings/pmic/config/kailua/pm_config_target.o	#SHT_PROGBITS,SHF_MERGE|SHF_STRINGS,1
.debug_str	0x3e90	0x1d	/local/mnt/workspace/CRMBuilds/AOP.HO.5.0-00285-KAILUA_E-1_20221205_024556/b/HY11_1/aop_proc/core/settings/pmic/config/kailua/pm_config_target.o	#SHT_PROGBITS,SHF_MERGE|SHF_STRINGS,1
.debug_str	0x3ead	0x7	/local/mnt/workspace/CRMBuilds/AOP.HO.5.0-00285-KAILUA_E-1_20221205_024556/b/HY11_1/aop_proc/core/settings/pmic/config/kailua/pm_config_target.o	#SHT_PROGBITS,SHF_MERGE|SHF_STRINGS,1
.debug_str	0x3eb4	0x9	/local/mnt/workspace/CRMBuilds/AOP.HO.5.0-00285-KAILUA_E-1_20221205_024556/b/HY11_1/aop_proc/core/settings/pmic/config/kailua/pm_config_target.o	#SHT_PROGBITS,SHF_MERGE|SHF_STRINGS,1
.debug_str	0x3ebd	0x7	/local/mnt/workspace/CRMBuilds/AOP.HO.5.0-00285-KAILUA_E-1_20221205_024556/b/HY11_1/aop_proc/core/settings/pmic/config/kailua/pm_config_target.o	#SHT_PROGBITS,SHF_MERGE|SHF_STRINGS,1
.debug_str	0x3ec4	0x8	/local/mnt/workspace/CRMBuilds/AOP.HO.5.0-00285-KAILUA_E-1_20221205_024556/b/HY11_1/aop_proc/core/settings/pmic/config/kailua/pm_config_target.o	#SHT_PROGBITS,SHF_MERGE|SHF_STRINGS,1
.debug_str	0x3ecc	0xd	/local/mnt/workspace/CRMBuilds/AOP.HO.5.0-00285-KAILUA_E-1_20221205_024556/b/HY11_1/aop_proc/core/settings/pmic/config/kailua/pm_config_target.o	#SHT_PROGBITS,SHF_MERGE|SHF_STRINGS,1
.debug_str	0x3ed9	0xb	/local/mnt/workspace/CRMBuilds/AOP.HO.5.0-00285-KAILUA_E-1_20221205_024556/b/HY11_1/aop_proc/core/settings/pmic/config/kailua/pm_config_target.o	#SHT_PROGBITS,SHF_MERGE|SHF_STRINGS,1
.debug_str	0x3ee4	0x1b	/local/mnt/workspace/CRMBuilds/AOP.HO.5.0-00285-KAILUA_E-1_20221205_024556/b/HY11_1/aop_proc/core/settings/pmic/config/kailua/pm_config_target.o	#SHT_PROGBITS,SHF_MERGE|SHF_STRINGS,1
.debug_str	0x3eff	0x13	/local/mnt/workspace/CRMBuilds/AOP.HO.5.0-00285-KAILUA_E-1_20221205_024556/b/HY11_1/aop_proc/core/settings/pmic/config/kailua/pm_config_target.o	#SHT_PROGBITS,SHF_MERGE|SHF_STRINGS,1
.debug_str	0x3f12	0xb	/local/mnt/workspace/CRMBuilds/AOP.HO.5.0-00285-KAILUA_E-1_20221205_024556/b/HY11_1/aop_proc/core/settings/pmic/config/kailua/pm_config_target.o	#SHT_PROGBITS,SHF_MERGE|SHF_STRINGS,1
.debug_str	0x3f1d	0xc	/local/mnt/workspace/CRMBuilds/AOP.HO.5.0-00285-KAILUA_E-1_20221205_024556/b/HY11_1/aop_proc/core/settings/pmic/config/kailua/pm_config_target.o	#SHT_PROGBITS,SHF_MERGE|SHF_STRINGS,1
.debug_str	0x3f29	0xb	/local/mnt/workspace/CRMBuilds/AOP.HO.5.0-00285-KAILUA_E-1_20221205_024556/b/HY11_1/aop_proc/core/settings/pmic/config/kailua/pm_config_target.o	#SHT_PROGBITS,SHF_MERGE|SHF_STRINGS,1
.debug_str	0x3f34	0x10	/local/mnt/workspace/CRMBuilds/AOP.HO.5.0-00285-KAILUA_E-1_20221205_024556/b/HY11_1/aop_proc/core/settings/pmic/config/kailua/pm_config_target.o	#SHT_PROGBITS,SHF_MERGE|SHF_STRINGS,1
.debug_str	0x3f44	0x9	/local/mnt/workspace/CRMBuilds/AOP.HO.5.0-00285-KAILUA_E-1_20221205_024556/b/HY11_1/aop_proc/core/settings/pmic/config/kailua/pm_config_target.o	#SHT_PROGBITS,SHF_MERGE|SHF_STRINGS,1
.debug_str	0x3f4d	0xa	/local/mnt/workspace/CRMBuilds/AOP.HO.5.0-00285-KAILUA_E-1_20221205_024556/b/HY11_1/aop_proc/core/settings/pmic/config/kailua/pm_config_target.o	#SHT_PROGBITS,SHF_MERGE|SHF_STRINGS,1
.debug_str	0x3f57	0x9	/local/mnt/workspace/CRMBuilds/AOP.HO.5.0-00285-KAILUA_E-1_20221205_024556/b/HY11_1/aop_proc/core/settings/pmic/config/kailua/pm_config_target.o	#SHT_PROGBITS,SHF_MERGE|SHF_STRINGS,1
.debug_str	0x3f60	0x9	/local/mnt/workspace/CRMBuilds/AOP.HO.5.0-00285-KAILUA_E-1_20221205_024556/b/HY11_1/aop_proc/core/settings/pmic/config/kailua/pm_config_target.o	#SHT_PROGBITS,SHF_MERGE|SHF_STRINGS,1
.debug_str	0x3f69	0xa	/local/mnt/workspace/CRMBuilds/AOP.HO.5.0-00285-KAILUA_E-1_20221205_024556/b/HY11_1/aop_proc/core/settings/pmic/config/kailua/pm_config_target.o	#SHT_PROGBITS,SHF_MERGE|SHF_STRINGS,1
.debug_str	0x3f73	0xc	/local/mnt/workspace/CRMBuilds/AOP.HO.5.0-00285-KAILUA_E-1_20221205_024556/b/HY11_1/aop_proc/core/settings/pmic/config/kailua/pm_config_target.o	#SHT_PROGBITS,SHF_MERGE|SHF_STRINGS,1
.debug_str	0x3f7f	0x11	/local/mnt/workspace/CRMBuilds/AOP.HO.5.0-00285-KAILUA_E-1_20221205_024556/b/HY11_1/aop_proc/core/settings/pmic/config/kailua/pm_config_target.o	#SHT_PROGBITS,SHF_MERGE|SHF_STRINGS,1
.debug_str	0x3f90	0xf	/local/mnt/workspace/CRMBuilds/AOP.HO.5.0-00285-KAILUA_E-1_20221205_024556/b/HY11_1/aop_proc/core/settings/pmic/config/kailua/pm_config_target.o	#SHT_PROGBITS,SHF_MERGE|SHF_STRINGS,1
.debug_str	0x3f9f	0xf	/local/mnt/workspace/CRMBuilds/AOP.HO.5.0-00285-KAILUA_E-1_20221205_024556/b/HY11_1/aop_proc/core/settings/pmic/config/kailua/pm_config_target.o	#SHT_PROGBITS,SHF_MERGE|SHF_STRINGS,1
.debug_str	0x3fae	0x8e	/local/mnt/workspace/CRMBuilds/AOP.HO.5.0-00285-KAILUA_E-1_20221205_024556/b/HY11_1/aop_proc/core/settings/pmic/config/kailua/pm_config_dep.o	#SHT_PROGBITS,SHF_MERGE|SHF_STRINGS,1
.debug_str	0x403c	0xb	/local/mnt/workspace/CRMBuilds/AOP.HO.5.0-00285-KAILUA_E-1_20221205_024556/b/HY11_1/aop_proc/core/settings/pmic/config/kailua/pm_config_dep.o	#SHT_PROGBITS,SHF_MERGE|SHF_STRINGS,1
.debug_str	0x4047	0x7	/local/mnt/workspace/CRMBuilds/AOP.HO.5.0-00285-KAILUA_E-1_20221205_024556/b/HY11_1/aop_proc/core/settings/pmic/config/kailua/pm_config_dep.o	#SHT_PROGBITS,SHF_MERGE|SHF_STRINGS,1
.debug_str	0x404e	0xb	/local/mnt/workspace/CRMBuilds/AOP.HO.5.0-00285-KAILUA_E-1_20221205_024556/b/HY11_1/aop_proc/core/settings/pmic/config/kailua/pm_config_dep.o	#SHT_PROGBITS,SHF_MERGE|SHF_STRINGS,1
.debug_str	0x4059	0x10	/local/mnt/workspace/CRMBuilds/AOP.HO.5.0-00285-KAILUA_E-1_20221205_024556/b/HY11_1/aop_proc/core/settings/pmic/config/kailua/pm_config_dep.o	#SHT_PROGBITS,SHF_MERGE|SHF_STRINGS,1
.debug_str	0x4069	0x9	/local/mnt/workspace/CRMBuilds/AOP.HO.5.0-00285-KAILUA_E-1_20221205_024556/b/HY11_1/aop_proc/core/settings/pmic/config/kailua/pm_config_dep.o	#SHT_PROGBITS,SHF_MERGE|SHF_STRINGS,1
.debug_str	0x4072	0xf	/local/mnt/workspace/CRMBuilds/AOP.HO.5.0-00285-KAILUA_E-1_20221205_024556/b/HY11_1/aop_proc/core/settings/pmic/config/kailua/pm_config_dep.o	#SHT_PROGBITS,SHF_MERGE|SHF_STRINGS,1
.debug_str	0x4081	0xe	/local/mnt/workspace/CRMBuilds/AOP.HO.5.0-00285-KAILUA_E-1_20221205_024556/b/HY11_1/aop_proc/core/settings/pmic/config/kailua/pm_config_dep.o	#SHT_PROGBITS,SHF_MERGE|SHF_STRINGS,1
.debug_str	0x408f	0x20	/local/mnt/workspace/CRMBuilds/AOP.HO.5.0-00285-KAILUA_E-1_20221205_024556/b/HY11_1/aop_proc/core/settings/pmic/config/kailua/pm_config_dep.o	#SHT_PROGBITS,SHF_MERGE|SHF_STRINGS,1
.debug_str	0x40af	0xb	/local/mnt/workspace/CRMBuilds/AOP.HO.5.0-00285-KAILUA_E-1_20221205_024556/b/HY11_1/aop_proc/core/settings/pmic/config/kailua/pm_config_dep.o	#SHT_PROGBITS,SHF_MERGE|SHF_STRINGS,1
.debug_str	0x40ba	0xb	/local/mnt/workspace/CRMBuilds/AOP.HO.5.0-00285-KAILUA_E-1_20221205_024556/b/HY11_1/aop_proc/core/settings/pmic/config/kailua/pm_config_dep.o	#SHT_PROGBITS,SHF_MERGE|SHF_STRINGS,1
.debug_str	0x40c5	0xb	/local/mnt/workspace/CRMBuilds/AOP.HO.5.0-00285-KAILUA_E-1_20221205_024556/b/HY11_1/aop_proc/core/settings/pmic/config/kailua/pm_config_dep.o	#SHT_PROGBITS,SHF_MERGE|SHF_STRINGS,1
.debug_str	0x40d0	0xb	/local/mnt/workspace/CRMBuilds/AOP.HO.5.0-00285-KAILUA_E-1_20221205_024556/b/HY11_1/aop_proc/core/settings/pmic/config/kailua/pm_config_dep.o	#SHT_PROGBITS,SHF_MERGE|SHF_STRINGS,1
.debug_str	0x40db	0xa	/local/mnt/workspace/CRMBuilds/AOP.HO.5.0-00285-KAILUA_E-1_20221205_024556/b/HY11_1/aop_proc/core/settings/pmic/config/kailua/pm_config_dep.o	#SHT_PROGBITS,SHF_MERGE|SHF_STRINGS,1
.debug_str	0x40e5	0xa	/local/mnt/workspace/CRMBuilds/AOP.HO.5.0-00285-KAILUA_E-1_20221205_024556/b/HY11_1/aop_proc/core/settings/pmic/config/kailua/pm_config_dep.o	#SHT_PROGBITS,SHF_MERGE|SHF_STRINGS,1
.debug_str	0x40ef	0xa	/local/mnt/workspace/CRMBuilds/AOP.HO.5.0-00285-KAILUA_E-1_20221205_024556/b/HY11_1/aop_proc/core/settings/pmic/config/kailua/pm_config_dep.o	#SHT_PROGBITS,SHF_MERGE|SHF_STRINGS,1
.debug_str	0x40f9	0xa	/local/mnt/workspace/CRMBuilds/AOP.HO.5.0-00285-KAILUA_E-1_20221205_024556/b/HY11_1/aop_proc/core/settings/pmic/config/kailua/pm_config_dep.o	#SHT_PROGBITS,SHF_MERGE|SHF_STRINGS,1
.debug_str	0x4103	0xa	/local/mnt/workspace/CRMBuilds/AOP.HO.5.0-00285-KAILUA_E-1_20221205_024556/b/HY11_1/aop_proc/core/settings/pmic/config/kailua/pm_config_dep.o	#SHT_PROGBITS,SHF_MERGE|SHF_STRINGS,1
.debug_str	0x410d	0xa	/local/mnt/workspace/CRMBuilds/AOP.HO.5.0-00285-KAILUA_E-1_20221205_024556/b/HY11_1/aop_proc/core/settings/pmic/config/kailua/pm_config_dep.o	#SHT_PROGBITS,SHF_MERGE|SHF_STRINGS,1
.debug_str	0x4117	0xa	/local/mnt/workspace/CRMBuilds/AOP.HO.5.0-00285-KAILUA_E-1_20221205_024556/b/HY11_1/aop_proc/core/settings/pmic/config/kailua/pm_config_dep.o	#SHT_PROGBITS,SHF_MERGE|SHF_STRINGS,1
.debug_str	0x4121	0xa	/local/mnt/workspace/CRMBuilds/AOP.HO.5.0-00285-KAILUA_E-1_20221205_024556/b/HY11_1/aop_proc/core/settings/pmic/config/kailua/pm_config_dep.o	#SHT_PROGBITS,SHF_MERGE|SHF_STRINGS,1
.debug_str	0x412b	0xa	/local/mnt/workspace/CRMBuilds/AOP.HO.5.0-00285-KAILUA_E-1_20221205_024556/b/HY11_1/aop_proc/core/settings/pmic/config/kailua/pm_config_dep.o	#SHT_PROGBITS,SHF_MERGE|SHF_STRINGS,1
.debug_str	0x4135	0xa	/local/mnt/workspace/CRMBuilds/AOP.HO.5.0-00285-KAILUA_E-1_20221205_024556/b/HY11_1/aop_proc/core/settings/pmic/config/kailua/pm_config_dep.o	#SHT_PROGBITS,SHF_MERGE|SHF_STRINGS,1
.debug_str	0x413f	0xa	/local/mnt/workspace/CRMBuilds/AOP.HO.5.0-00285-KAILUA_E-1_20221205_024556/b/HY11_1/aop_proc/core/settings/pmic/config/kailua/pm_config_dep.o	#SHT_PROGBITS,SHF_MERGE|SHF_STRINGS,1
.debug_str	0x4149	0xa	/local/mnt/workspace/CRMBuilds/AOP.HO.5.0-00285-KAILUA_E-1_20221205_024556/b/HY11_1/aop_proc/core/settings/pmic/config/kailua/pm_config_dep.o	#SHT_PROGBITS,SHF_MERGE|SHF_STRINGS,1
.debug_str	0x4153	0x9	/local/mnt/workspace/CRMBuilds/AOP.HO.5.0-00285-KAILUA_E-1_20221205_024556/b/HY11_1/aop_proc/core/settings/pmic/config/kailua/pm_config_dep.o	#SHT_PROGBITS,SHF_MERGE|SHF_STRINGS,1
.debug_str	0x415c	0x8	/local/mnt/workspace/CRMBuilds/AOP.HO.5.0-00285-KAILUA_E-1_20221205_024556/b/HY11_1/aop_proc/core/settings/pmic/config/kailua/pm_config_dep.o	#SHT_PROGBITS,SHF_MERGE|SHF_STRINGS,1
.debug_str	0x4164	0x8	/local/mnt/workspace/CRMBuilds/AOP.HO.5.0-00285-KAILUA_E-1_20221205_024556/b/HY11_1/aop_proc/core/settings/pmic/config/kailua/pm_config_dep.o	#SHT_PROGBITS,SHF_MERGE|SHF_STRINGS,1
.debug_str	0x416c	0x7	/local/mnt/workspace/CRMBuilds/AOP.HO.5.0-00285-KAILUA_E-1_20221205_024556/b/HY11_1/aop_proc/core/settings/pmic/config/kailua/pm_config_dep.o	#SHT_PROGBITS,SHF_MERGE|SHF_STRINGS,1
.debug_str	0x4173	0x8	/local/mnt/workspace/CRMBuilds/AOP.HO.5.0-00285-KAILUA_E-1_20221205_024556/b/HY11_1/aop_proc/core/settings/pmic/config/kailua/pm_config_dep.o	#SHT_PROGBITS,SHF_MERGE|SHF_STRINGS,1
.debug_str	0x417b	0xa	/local/mnt/workspace/CRMBuilds/AOP.HO.5.0-00285-KAILUA_E-1_20221205_024556/b/HY11_1/aop_proc/core/settings/pmic/config/kailua/pm_config_dep.o	#SHT_PROGBITS,SHF_MERGE|SHF_STRINGS,1
.debug_str	0x4185	0x9	/local/mnt/workspace/CRMBuilds/AOP.HO.5.0-00285-KAILUA_E-1_20221205_024556/b/HY11_1/aop_proc/core/settings/pmic/config/kailua/pm_config_dep.o	#SHT_PROGBITS,SHF_MERGE|SHF_STRINGS,1
.debug_str	0x418e	0x9	/local/mnt/workspace/CRMBuilds/AOP.HO.5.0-00285-KAILUA_E-1_20221205_024556/b/HY11_1/aop_proc/core/settings/pmic/config/kailua/pm_config_dep.o	#SHT_PROGBITS,SHF_MERGE|SHF_STRINGS,1
.debug_str	0x4197	0x9	/local/mnt/workspace/CRMBuilds/AOP.HO.5.0-00285-KAILUA_E-1_20221205_024556/b/HY11_1/aop_proc/core/settings/pmic/config/kailua/pm_config_dep.o	#SHT_PROGBITS,SHF_MERGE|SHF_STRINGS,1
.debug_str	0x41a0	0x12	/local/mnt/workspace/CRMBuilds/AOP.HO.5.0-00285-KAILUA_E-1_20221205_024556/b/HY11_1/aop_proc/core/settings/pmic/config/kailua/pm_config_dep.o	#SHT_PROGBITS,SHF_MERGE|SHF_STRINGS,1
.debug_str	0x41b2	0x12	/local/mnt/workspace/CRMBuilds/AOP.HO.5.0-00285-KAILUA_E-1_20221205_024556/b/HY11_1/aop_proc/core/settings/pmic/config/kailua/pm_config_dep.o	#SHT_PROGBITS,SHF_MERGE|SHF_STRINGS,1
.debug_str	0x41c4	0x12	/local/mnt/workspace/CRMBuilds/AOP.HO.5.0-00285-KAILUA_E-1_20221205_024556/b/HY11_1/aop_proc/core/settings/pmic/config/kailua/pm_config_dep.o	#SHT_PROGBITS,SHF_MERGE|SHF_STRINGS,1
.debug_str	0x41d6	0x12	/local/mnt/workspace/CRMBuilds/AOP.HO.5.0-00285-KAILUA_E-1_20221205_024556/b/HY11_1/aop_proc/core/settings/pmic/config/kailua/pm_config_dep.o	#SHT_PROGBITS,SHF_MERGE|SHF_STRINGS,1
.debug_str	0x41e8	0x12	/local/mnt/workspace/CRMBuilds/AOP.HO.5.0-00285-KAILUA_E-1_20221205_024556/b/HY11_1/aop_proc/core/settings/pmic/config/kailua/pm_config_dep.o	#SHT_PROGBITS,SHF_MERGE|SHF_STRINGS,1
.debug_str	0x41fa	0x12	/local/mnt/workspace/CRMBuilds/AOP.HO.5.0-00285-KAILUA_E-1_20221205_024556/b/HY11_1/aop_proc/core/settings/pmic/config/kailua/pm_config_dep.o	#SHT_PROGBITS,SHF_MERGE|SHF_STRINGS,1
.debug_str	0x420c	0x11	/local/mnt/workspace/CRMBuilds/AOP.HO.5.0-00285-KAILUA_E-1_20221205_024556/b/HY11_1/aop_proc/core/settings/pmic/config/kailua/pm_config_dep.o	#SHT_PROGBITS,SHF_MERGE|SHF_STRINGS,1
.debug_str	0x421d	0x11	/local/mnt/workspace/CRMBuilds/AOP.HO.5.0-00285-KAILUA_E-1_20221205_024556/b/HY11_1/aop_proc/core/settings/pmic/config/kailua/pm_config_dep.o	#SHT_PROGBITS,SHF_MERGE|SHF_STRINGS,1
.debug_str	0x422e	0x7	/local/mnt/workspace/CRMBuilds/AOP.HO.5.0-00285-KAILUA_E-1_20221205_024556/b/HY11_1/aop_proc/core/settings/pmic/config/kailua/pm_config_dep.o	#SHT_PROGBITS,SHF_MERGE|SHF_STRINGS,1
.debug_str	0x4235	0x6	/local/mnt/workspace/CRMBuilds/AOP.HO.5.0-00285-KAILUA_E-1_20221205_024556/b/HY11_1/aop_proc/core/settings/pmic/config/kailua/pm_config_dep.o	#SHT_PROGBITS,SHF_MERGE|SHF_STRINGS,1
.debug_str	0x423b	0x7	/local/mnt/workspace/CRMBuilds/AOP.HO.5.0-00285-KAILUA_E-1_20221205_024556/b/HY11_1/aop_proc/core/settings/pmic/config/kailua/pm_config_dep.o	#SHT_PROGBITS,SHF_MERGE|SHF_STRINGS,1
.debug_str	0x4242	0x7	/local/mnt/workspace/CRMBuilds/AOP.HO.5.0-00285-KAILUA_E-1_20221205_024556/b/HY11_1/aop_proc/core/settings/pmic/config/kailua/pm_config_dep.o	#SHT_PROGBITS,SHF_MERGE|SHF_STRINGS,1
.debug_str	0x4249	0x7	/local/mnt/workspace/CRMBuilds/AOP.HO.5.0-00285-KAILUA_E-1_20221205_024556/b/HY11_1/aop_proc/core/settings/pmic/config/kailua/pm_config_dep.o	#SHT_PROGBITS,SHF_MERGE|SHF_STRINGS,1
.debug_str	0x4250	0x7	/local/mnt/workspace/CRMBuilds/AOP.HO.5.0-00285-KAILUA_E-1_20221205_024556/b/HY11_1/aop_proc/core/settings/pmic/config/kailua/pm_config_dep.o	#SHT_PROGBITS,SHF_MERGE|SHF_STRINGS,1
.debug_str	0x4257	0x6	/local/mnt/workspace/CRMBuilds/AOP.HO.5.0-00285-KAILUA_E-1_20221205_024556/b/HY11_1/aop_proc/core/settings/pmic/config/kailua/pm_config_dep.o	#SHT_PROGBITS,SHF_MERGE|SHF_STRINGS,1
.debug_str	0x425d	0x6	/local/mnt/workspace/CRMBuilds/AOP.HO.5.0-00285-KAILUA_E-1_20221205_024556/b/HY11_1/aop_proc/core/settings/pmic/config/kailua/pm_config_dep.o	#SHT_PROGBITS,SHF_MERGE|SHF_STRINGS,1
.debug_str	0x4263	0x6	/local/mnt/workspace/CRMBuilds/AOP.HO.5.0-00285-KAILUA_E-1_20221205_024556/b/HY11_1/aop_proc/core/settings/pmic/config/kailua/pm_config_dep.o	#SHT_PROGBITS,SHF_MERGE|SHF_STRINGS,1
.debug_str	0x4269	0x6	/local/mnt/workspace/CRMBuilds/AOP.HO.5.0-00285-KAILUA_E-1_20221205_024556/b/HY11_1/aop_proc/core/settings/pmic/config/kailua/pm_config_dep.o	#SHT_PROGBITS,SHF_MERGE|SHF_STRINGS,1
.debug_str	0x426f	0x6	/local/mnt/workspace/CRMBuilds/AOP.HO.5.0-00285-KAILUA_E-1_20221205_024556/b/HY11_1/aop_proc/core/settings/pmic/config/kailua/pm_config_dep.o	#SHT_PROGBITS,SHF_MERGE|SHF_STRINGS,1
.debug_str	0x4275	0x6	/local/mnt/workspace/CRMBuilds/AOP.HO.5.0-00285-KAILUA_E-1_20221205_024556/b/HY11_1/aop_proc/core/settings/pmic/config/kailua/pm_config_dep.o	#SHT_PROGBITS,SHF_MERGE|SHF_STRINGS,1
.debug_str	0x427b	0x6	/local/mnt/workspace/CRMBuilds/AOP.HO.5.0-00285-KAILUA_E-1_20221205_024556/b/HY11_1/aop_proc/core/settings/pmic/config/kailua/pm_config_dep.o	#SHT_PROGBITS,SHF_MERGE|SHF_STRINGS,1
.debug_str	0x4281	0x6	/local/mnt/workspace/CRMBuilds/AOP.HO.5.0-00285-KAILUA_E-1_20221205_024556/b/HY11_1/aop_proc/core/settings/pmic/config/kailua/pm_config_dep.o	#SHT_PROGBITS,SHF_MERGE|SHF_STRINGS,1
.debug_str	0x4287	0x6	/local/mnt/workspace/CRMBuilds/AOP.HO.5.0-00285-KAILUA_E-1_20221205_024556/b/HY11_1/aop_proc/core/settings/pmic/config/kailua/pm_config_dep.o	#SHT_PROGBITS,SHF_MERGE|SHF_STRINGS,1
.debug_str	0x428d	0x6	/local/mnt/workspace/CRMBuilds/AOP.HO.5.0-00285-KAILUA_E-1_20221205_024556/b/HY11_1/aop_proc/core/settings/pmic/config/kailua/pm_config_dep.o	#SHT_PROGBITS,SHF_MERGE|SHF_STRINGS,1
.debug_str	0x4293	0x6	/local/mnt/workspace/CRMBuilds/AOP.HO.5.0-00285-KAILUA_E-1_20221205_024556/b/HY11_1/aop_proc/core/settings/pmic/config/kailua/pm_config_dep.o	#SHT_PROGBITS,SHF_MERGE|SHF_STRINGS,1
.debug_str	0x4299	0x7c	/local/mnt/workspace/CRMBuilds/AOP.HO.5.0-00285-KAILUA_E-1_20221205_024556/b/HY11_1/aop_proc/core/bsp/aop/src/devcfg_main.o	#SHT_PROGBITS,SHF_MERGE|SHF_STRINGS,1
.debug_str	0x4315	0xf	/local/mnt/workspace/CRMBuilds/AOP.HO.5.0-00285-KAILUA_E-1_20221205_024556/b/HY11_1/aop_proc/core/bsp/aop/src/devcfg_main.o	#SHT_PROGBITS,SHF_MERGE|SHF_STRINGS,1
.debug_str	0x4324	0x5	/local/mnt/workspace/CRMBuilds/AOP.HO.5.0-00285-KAILUA_E-1_20221205_024556/b/HY11_1/aop_proc/core/bsp/aop/src/devcfg_main.o	#SHT_PROGBITS,SHF_MERGE|SHF_STRINGS,1
.debug_str	0x4329	0x4	/local/mnt/workspace/CRMBuilds/AOP.HO.5.0-00285-KAILUA_E-1_20221205_024556/b/HY11_1/aop_proc/core/bsp/aop/src/devcfg_main.o	#SHT_PROGBITS,SHF_MERGE|SHF_STRINGS,1
.debug_str	0x432d	0x87	/local/mnt/workspace/CRMBuilds/AOP.HO.5.0-00285-KAILUA_E-1_20221205_024556/b/HY11_1/aop_proc/core/bsp/aop/build/aop_settings_autogen.o	#SHT_PROGBITS,SHF_MERGE|SHF_STRINGS,1
.debug_str	0x43b4	0xe	/local/mnt/workspace/CRMBuilds/AOP.HO.5.0-00285-KAILUA_E-1_20221205_024556/b/HY11_1/aop_proc/core/bsp/aop/build/aop_settings_autogen.o	#SHT_PROGBITS,SHF_MERGE|SHF_STRINGS,1
.debug_str	0x43c2	0x8	/local/mnt/workspace/CRMBuilds/AOP.HO.5.0-00285-KAILUA_E-1_20221205_024556/b/HY11_1/aop_proc/core/bsp/aop/build/aop_settings_autogen.o	#SHT_PROGBITS,SHF_MERGE|SHF_STRINGS,1
.debug_str	0x43ca	0x9	/local/mnt/workspace/CRMBuilds/AOP.HO.5.0-00285-KAILUA_E-1_20221205_024556/b/HY11_1/aop_proc/core/bsp/aop/build/aop_settings_autogen.o	#SHT_PROGBITS,SHF_MERGE|SHF_STRINGS,1
.debug_str	0x43d3	0x10	/local/mnt/workspace/CRMBuilds/AOP.HO.5.0-00285-KAILUA_E-1_20221205_024556/b/HY11_1/aop_proc/core/bsp/aop/build/aop_settings_autogen.o	#SHT_PROGBITS,SHF_MERGE|SHF_STRINGS,1
.debug_str	0x43e3	0xd	/local/mnt/workspace/CRMBuilds/AOP.HO.5.0-00285-KAILUA_E-1_20221205_024556/b/HY11_1/aop_proc/core/bsp/aop/build/aop_settings_autogen.o	#SHT_PROGBITS,SHF_MERGE|SHF_STRINGS,1
.debug_str	0x43f0	0xd	/local/mnt/workspace/CRMBuilds/AOP.HO.5.0-00285-KAILUA_E-1_20221205_024556/b/HY11_1/aop_proc/core/bsp/aop/build/aop_settings_autogen.o	#SHT_PROGBITS,SHF_MERGE|SHF_STRINGS,1
.debug_str	0x43fd	0x8	/local/mnt/workspace/CRMBuilds/AOP.HO.5.0-00285-KAILUA_E-1_20221205_024556/b/HY11_1/aop_proc/core/bsp/aop/build/aop_settings_autogen.o	#SHT_PROGBITS,SHF_MERGE|SHF_STRINGS,1
.debug_str	0x4405	0xa	/local/mnt/workspace/CRMBuilds/AOP.HO.5.0-00285-KAILUA_E-1_20221205_024556/b/HY11_1/aop_proc/core/bsp/aop/build/aop_settings_autogen.o	#SHT_PROGBITS,SHF_MERGE|SHF_STRINGS,1
.debug_str	0x440f	0x15	/local/mnt/workspace/CRMBuilds/AOP.HO.5.0-00285-KAILUA_E-1_20221205_024556/b/HY11_1/aop_proc/core/bsp/aop/build/aop_settings_autogen.o	#SHT_PROGBITS,SHF_MERGE|SHF_STRINGS,1
.debug_str	0x4424	0x6	/local/mnt/workspace/CRMBuilds/AOP.HO.5.0-00285-KAILUA_E-1_20221205_024556/b/HY11_1/aop_proc/core/bsp/aop/build/aop_settings_autogen.o	#SHT_PROGBITS,SHF_MERGE|SHF_STRINGS,1
.debug_str	0x442a	0xe	/local/mnt/workspace/CRMBuilds/AOP.HO.5.0-00285-KAILUA_E-1_20221205_024556/b/HY11_1/aop_proc/core/bsp/aop/build/aop_settings_autogen.o	#SHT_PROGBITS,SHF_MERGE|SHF_STRINGS,1
.debug_str	0x4438	0xf	/local/mnt/workspace/CRMBuilds/AOP.HO.5.0-00285-KAILUA_E-1_20221205_024556/b/HY11_1/aop_proc/core/bsp/aop/build/aop_settings_autogen.o	#SHT_PROGBITS,SHF_MERGE|SHF_STRINGS,1
.debug_str	0x4447	0x9	/local/mnt/workspace/CRMBuilds/AOP.HO.5.0-00285-KAILUA_E-1_20221205_024556/b/HY11_1/aop_proc/core/bsp/aop/build/aop_settings_autogen.o	#SHT_PROGBITS,SHF_MERGE|SHF_STRINGS,1
.debug_str	0x4450	0xc	/local/mnt/workspace/CRMBuilds/AOP.HO.5.0-00285-KAILUA_E-1_20221205_024556/b/HY11_1/aop_proc/core/bsp/aop/build/aop_settings_autogen.o	#SHT_PROGBITS,SHF_MERGE|SHF_STRINGS,1
.debug_str	0x445c	0x7	/local/mnt/workspace/CRMBuilds/AOP.HO.5.0-00285-KAILUA_E-1_20221205_024556/b/HY11_1/aop_proc/core/bsp/aop/build/aop_settings_autogen.o	#SHT_PROGBITS,SHF_MERGE|SHF_STRINGS,1
.debug_str	0x4463	0x11	/local/mnt/workspace/CRMBuilds/AOP.HO.5.0-00285-KAILUA_E-1_20221205_024556/b/HY11_1/aop_proc/core/bsp/aop/build/aop_settings_autogen.o	#SHT_PROGBITS,SHF_MERGE|SHF_STRINGS,1
.debug_str	0x4474	0x12	/local/mnt/workspace/CRMBuilds/AOP.HO.5.0-00285-KAILUA_E-1_20221205_024556/b/HY11_1/aop_proc/core/bsp/aop/build/aop_settings_autogen.o	#SHT_PROGBITS,SHF_MERGE|SHF_STRINGS,1

.comment	0x4486	0x4e # Offset: 0x4486, Alignment: 0x1
*(.comment) #Rule 20, Internal-LinkerScript (Implicit rule inserted by Linker) [0:0]
.comment	0x4486	0x1	/local/mnt/workspace/CRMBuilds/AOP.HO.5.0-00285-KAILUA_E-1_20221205_024556/b/HY11_1/aop_proc/core/settings/pmic/config/kailua/pm_config_target.o	#SHT_PROGBITS,SHF_MERGE|SHF_STRINGS,1
.comment	0x4487	0x24	/local/mnt/workspace/CRMBuilds/AOP.HO.5.0-00285-KAILUA_E-1_20221205_024556/b/HY11_1/aop_proc/core/settings/pmic/config/kailua/pm_config_target.o	#SHT_PROGBITS,SHF_MERGE|SHF_STRINGS,1
.comment	0x44ab	0x29	Linker Version	#SHT_PROGBITS,SHF_MERGE|SHF_STRINGS,1

.note.GNU-stack	0x44d4	0x0 # Offset: 0x44d4, Alignment: 0x1
*(.note.GNU-stack) #Rule 21, Internal-LinkerScript (Implicit rule inserted by Linker) [0:0]

.debug_line	0x44d4	0x4f7 # Offset: 0x44d4, Alignment: 0x1
*(.debug_line) #Rule 22, Internal-LinkerScript (Implicit rule inserted by Linker) [0:0]
.debug_line	0x44d4	0x18b	/local/mnt/workspace/CRMBuilds/AOP.HO.5.0-00285-KAILUA_E-1_20221205_024556/b/HY11_1/aop_proc/core/settings/pmic/config/kailua/pm_config_target.o	#SHT_PROGBITS,,1
.debug_line	0x465f	0x16d	/local/mnt/workspace/CRMBuilds/AOP.HO.5.0-00285-KAILUA_E-1_20221205_024556/b/HY11_1/aop_proc/core/settings/pmic/config/kailua/pm_config_dep.o	#SHT_PROGBITS,,1
.debug_line	0x47cc	0xb4	/local/mnt/workspace/CRMBuilds/AOP.HO.5.0-00285-KAILUA_E-1_20221205_024556/b/HY11_1/aop_proc/core/bsp/aop/src/devcfg_main.o	#SHT_PROGBITS,,1
.debug_line	0x4880	0x14b	/local/mnt/workspace/CRMBuilds/AOP.HO.5.0-00285-KAILUA_E-1_20221205_024556/b/HY11_1/aop_proc/core/bsp/aop/build/aop_settings_autogen.o	#SHT_PROGBITS,,1

.debug_frame	0x49cc	0x48 # Offset: 0x49cc, Alignment: 0x4
*(.debug_frame) #Rule 23, Internal-LinkerScript (Implicit rule inserted by Linker) [0:0]
.debug_frame	0x49cc	0x28	/local/mnt/workspace/CRMBuilds/AOP.HO.5.0-00285-KAILUA_E-1_20221205_024556/b/HY11_1/aop_proc/core/bsp/aop/src/devcfg_main.o	#SHT_PROGBITS,,4
.debug_frame	0x49f4	0x20	/local/mnt/workspace/CRMBuilds/AOP.HO.5.0-00285-KAILUA_E-1_20221205_024556/b/HY11_1/aop_proc/core/bsp/aop/build/aop_settings_autogen.o	#SHT_PROGBITS,,4

.ARM.attributes	0x4a14	0x3f # Offset: 0x4a14, Alignment: 0x1
*(.ARM.attributes) #Rule 24, Internal-LinkerScript (Implicit rule inserted by Linker) [0:0]
.ARM.attributes	0x4a14	0x3f	Attributes	#SHT_ARM_ATTRIBUTES,,1

/DISCARD/	0x81ca23f9	0x0 # Offset: 0x4a53, LMA: 0x0, Alignment: 0x1, Segments : [ AOPSS_DEVCFG_CODE ]
*(.ARM.extab*) #Rule 13, /local/mnt/workspace/CRMBuilds/AOP.HO.5.0-00285-KAILUA_E-1_20221205_024556/b/HY11_1/aop_proc/core/bsp/aop/build/AOP_AAAAANAZO_devcfg.scl [0:0]
*(.ARM.exid*) #Rule 14, /local/mnt/workspace/CRMBuilds/AOP.HO.5.0-00285-KAILUA_E-1_20221205_024556/b/HY11_1/aop_proc/core/bsp/aop/build/AOP_AAAAANAZO_devcfg.scl [11:0]
*(.got) #Rule 15, /local/mnt/workspace/CRMBuilds/AOP.HO.5.0-00285-KAILUA_E-1_20221205_024556/b/HY11_1/aop_proc/core/bsp/aop/build/AOP_AAAAANAZO_devcfg.scl [1:0]
*(/DISCARD/) #Rule 16, Internal-LinkerScript (Implicit rule inserted by Linker) [0:0]

.shstrtab	0x4a53	0xca # Offset: 0x4a53, Alignment: 0x1

.symtab	0x4b20	0x780 # Offset: 0x4b20, Alignment: 0x4

.strtab	0x52a0	0x572 # Offset: 0x52a0, Alignment: 0x1
